Archive member included to satisfy reference by file (symbol)

c:/progra~1/gcc-arm-none-eabi-10.3-2021.10/bin/../lib/gcc/arm-none-eabi/10.3.1/thumb/v7e-m+fp/hard\libgcc.a(_aeabi_uldivmod.o)
                              CMakeFiles/cubemxstudy.elf.dir/Drivers/STM32F4xx_HAL_Driver/Src/stm32f4xx_hal_rcc.c.obj (__aeabi_uldivmod)
c:/progra~1/gcc-arm-none-eabi-10.3-2021.10/bin/../lib/gcc/arm-none-eabi/10.3.1/thumb/v7e-m+fp/hard\libgcc.a(_udivmoddi4.o)
                              c:/progra~1/gcc-arm-none-eabi-10.3-2021.10/bin/../lib/gcc/arm-none-eabi/10.3.1/thumb/v7e-m+fp/hard\libgcc.a(_aeabi_uldivmod.o) (__udivmoddi4)
c:/progra~1/gcc-arm-none-eabi-10.3-2021.10/bin/../lib/gcc/arm-none-eabi/10.3.1/thumb/v7e-m+fp/hard\libgcc.a(_dvmd_tls.o)
                              c:/progra~1/gcc-arm-none-eabi-10.3-2021.10/bin/../lib/gcc/arm-none-eabi/10.3.1/thumb/v7e-m+fp/hard\libgcc.a(_aeabi_uldivmod.o) (__aeabi_ldiv0)
c:/progra~1/gcc-arm-none-eabi-10.3-2021.10/bin/../lib/gcc/arm-none-eabi/10.3.1/../../../../arm-none-eabi/lib/thumb/v7e-m+fp/hard\libg.a(lib_a-errno.o)
                              CMakeFiles/cubemxstudy.elf.dir/Src/retarget.c.obj (__errno)
c:/progra~1/gcc-arm-none-eabi-10.3-2021.10/bin/../lib/gcc/arm-none-eabi/10.3.1/../../../../arm-none-eabi/lib/thumb/v7e-m+fp/hard\libg.a(lib_a-exit.o)
                              c:/progra~1/gcc-arm-none-eabi-10.3-2021.10/bin/../lib/gcc/arm-none-eabi/10.3.1/../../../../arm-none-eabi/lib/thumb/v7e-m+fp/hard/crt0.o (exit)
c:/progra~1/gcc-arm-none-eabi-10.3-2021.10/bin/../lib/gcc/arm-none-eabi/10.3.1/../../../../arm-none-eabi/lib/thumb/v7e-m+fp/hard\libg.a(lib_a-impure.o)
                              c:/progra~1/gcc-arm-none-eabi-10.3-2021.10/bin/../lib/gcc/arm-none-eabi/10.3.1/../../../../arm-none-eabi/lib/thumb/v7e-m+fp/hard\libg.a(lib_a-exit.o) (_global_impure_ptr)
c:/progra~1/gcc-arm-none-eabi-10.3-2021.10/bin/../lib/gcc/arm-none-eabi/10.3.1/../../../../arm-none-eabi/lib/thumb/v7e-m+fp/hard\libg.a(lib_a-init.o)
                              c:/progra~1/gcc-arm-none-eabi-10.3-2021.10/bin/../lib/gcc/arm-none-eabi/10.3.1/../../../../arm-none-eabi/lib/thumb/v7e-m+fp/hard/crt0.o (__libc_init_array)
c:/progra~1/gcc-arm-none-eabi-10.3-2021.10/bin/../lib/gcc/arm-none-eabi/10.3.1/../../../../arm-none-eabi/lib/thumb/v7e-m+fp/hard\libg.a(lib_a-memset.o)
                              c:/progra~1/gcc-arm-none-eabi-10.3-2021.10/bin/../lib/gcc/arm-none-eabi/10.3.1/../../../../arm-none-eabi/lib/thumb/v7e-m+fp/hard/crt0.o (memset)
c:/progra~1/gcc-arm-none-eabi-10.3-2021.10/bin/../lib/gcc/arm-none-eabi/10.3.1/../../../../arm-none-eabi/lib/thumb/v7e-m+fp/hard\libg.a(lib_a-setvbuf.o)
                              CMakeFiles/cubemxstudy.elf.dir/Src/retarget.c.obj (setvbuf)
c:/progra~1/gcc-arm-none-eabi-10.3-2021.10/bin/../lib/gcc/arm-none-eabi/10.3.1/../../../../arm-none-eabi/lib/thumb/v7e-m+fp/hard\libg.a(lib_a-__call_atexit.o)
                              c:/progra~1/gcc-arm-none-eabi-10.3-2021.10/bin/../lib/gcc/arm-none-eabi/10.3.1/../../../../arm-none-eabi/lib/thumb/v7e-m+fp/hard\libg.a(lib_a-exit.o) (__call_exitprocs)
c:/progra~1/gcc-arm-none-eabi-10.3-2021.10/bin/../lib/gcc/arm-none-eabi/10.3.1/../../../../arm-none-eabi/lib/thumb/v7e-m+fp/hard\libg.a(lib_a-atexit.o)
                              c:/progra~1/gcc-arm-none-eabi-10.3-2021.10/bin/../lib/gcc/arm-none-eabi/10.3.1/../../../../arm-none-eabi/lib/thumb/v7e-m+fp/hard\libg.a(lib_a-__call_atexit.o) (atexit)
c:/progra~1/gcc-arm-none-eabi-10.3-2021.10/bin/../lib/gcc/arm-none-eabi/10.3.1/../../../../arm-none-eabi/lib/thumb/v7e-m+fp/hard\libg.a(lib_a-fflush.o)
                              c:/progra~1/gcc-arm-none-eabi-10.3-2021.10/bin/../lib/gcc/arm-none-eabi/10.3.1/../../../../arm-none-eabi/lib/thumb/v7e-m+fp/hard\libg.a(lib_a-setvbuf.o) (_fflush_r)
c:/progra~1/gcc-arm-none-eabi-10.3-2021.10/bin/../lib/gcc/arm-none-eabi/10.3.1/../../../../arm-none-eabi/lib/thumb/v7e-m+fp/hard\libg.a(lib_a-findfp.o)
                              c:/progra~1/gcc-arm-none-eabi-10.3-2021.10/bin/../lib/gcc/arm-none-eabi/10.3.1/../../../../arm-none-eabi/lib/thumb/v7e-m+fp/hard\libg.a(lib_a-setvbuf.o) (__sinit)
c:/progra~1/gcc-arm-none-eabi-10.3-2021.10/bin/../lib/gcc/arm-none-eabi/10.3.1/../../../../arm-none-eabi/lib/thumb/v7e-m+fp/hard\libg.a(lib_a-fini.o)
                              c:/progra~1/gcc-arm-none-eabi-10.3-2021.10/bin/../lib/gcc/arm-none-eabi/10.3.1/../../../../arm-none-eabi/lib/thumb/v7e-m+fp/hard\libg.a(lib_a-__call_atexit.o) (__libc_fini_array)
c:/progra~1/gcc-arm-none-eabi-10.3-2021.10/bin/../lib/gcc/arm-none-eabi/10.3.1/../../../../arm-none-eabi/lib/thumb/v7e-m+fp/hard\libg.a(lib_a-freer.o)
                              c:/progra~1/gcc-arm-none-eabi-10.3-2021.10/bin/../lib/gcc/arm-none-eabi/10.3.1/../../../../arm-none-eabi/lib/thumb/v7e-m+fp/hard\libg.a(lib_a-setvbuf.o) (_free_r)
c:/progra~1/gcc-arm-none-eabi-10.3-2021.10/bin/../lib/gcc/arm-none-eabi/10.3.1/../../../../arm-none-eabi/lib/thumb/v7e-m+fp/hard\libg.a(lib_a-fwalk.o)
[...]
Memory Configuration

Name             Origin             Length             Attributes
CCMRAM           0x10000000         0x00010000         xrw
RAM              0x20000000         0x00020000         xrw
FLASH            0x08000000         0x00100000         xr
*default*        0x00000000         0xffffffff

Linker script and memory map

LOAD c:/progra~1/gcc-arm-none-eabi-10.3-2021.10/bin/../lib/gcc/arm-none-eabi/10.3.1/thumb/v7e-m+fp/hard/crti.o
LOAD c:/progra~1/gcc-arm-none-eabi-10.3-2021.10/bin/../lib/gcc/arm-none-eabi/10.3.1/thumb/v7e-m+fp/hard/crtbegin.o
LOAD c:/progra~1/gcc-arm-none-eabi-10.3-2021.10/bin/../lib/gcc/arm-none-eabi/10.3.1/../../../../arm-none-eabi/lib/thumb/v7e-m+fp/hard/crt0.o
LOAD CMakeFiles/cubemxstudy.elf.dir/Drivers/STM32F4xx_HAL_Driver/Src/stm32f4xx_hal.c.obj
LOAD CMakeFiles/cubemxstudy.elf.dir/Drivers/STM32F4xx_HAL_Driver/Src/stm32f4xx_hal_cortex.c.obj
LOAD CMakeFiles/cubemxstudy.elf.dir/Drivers/STM32F4xx_HAL_Driver/Src/stm32f4xx_hal_dma.c.obj
LOAD CMakeFiles/cubemxstudy.elf.dir/Drivers/STM32F4xx_HAL_Driver/Src/stm32f4xx_hal_dma_ex.c.obj
LOAD CMakeFiles/cubemxstudy.elf.dir/Drivers/STM32F4xx_HAL_Driver/Src/stm32f4xx_hal_exti.c.obj
LOAD CMakeFiles/cubemxstudy.elf.dir/Drivers/STM32F4xx_HAL_Driver/Src/stm32f4xx_hal_flash.c.obj
LOAD CMakeFiles/cubemxstudy.elf.dir/Drivers/STM32F4xx_HAL_Driver/Src/stm32f4xx_hal_flash_ex.c.obj
LOAD CMakeFiles/cubemxstudy.elf.dir/Drivers/STM32F4xx_HAL_Driver/Src/stm32f4xx_hal_flash_ramfunc.c.obj
LOAD CMakeFiles/cubemxstudy.elf.dir/Drivers/STM32F4xx_HAL_Driver/Src/stm32f4xx_hal_gpio.c.obj
LOAD CMakeFiles/cubemxstudy.elf.dir/Drivers/STM32F4xx_HAL_Driver/Src/stm32f4xx_hal_pwr.c.obj
LOAD CMakeFiles/cubemxstudy.elf.dir/Drivers/STM32F4xx_HAL_Driver/Src/stm32f4xx_hal_pwr_ex.c.obj
LOAD CMakeFiles/cubemxstudy.elf.dir/Drivers/STM32F4xx_HAL_Driver/Src/stm32f4xx_hal_rcc.c.obj
LOAD CMakeFiles/cubemxstudy.elf.dir/Drivers/STM32F4xx_HAL_Driver/Src/stm32f4xx_hal_rcc_ex.c.obj
LOAD CMakeFiles/cubemxstudy.elf.dir/Drivers/STM32F4xx_HAL_Driver/Src/stm32f4xx_hal_tim.c.obj
LOAD CMakeFiles/cubemxstudy.elf.dir/Drivers/STM32F4xx_HAL_Driver/Src/stm32f4xx_hal_tim_ex.c.obj
LOAD CMakeFiles/cubemxstudy.elf.dir/Drivers/STM32F4xx_HAL_Driver/Src/stm32f4xx_hal_uart.c.obj
LOAD CMakeFiles/cubemxstudy.elf.dir/Src/main.c.obj
LOAD CMakeFiles/cubemxstudy.elf.dir/Src/retarget.c.obj
LOAD CMakeFiles/cubemxstudy.elf.dir/Src/stm32f4xx_hal_msp.c.obj
LOAD CMakeFiles/cubemxstudy.elf.dir/Src/stm32f4xx_it.c.obj
LOAD CMakeFiles/cubemxstudy.elf.dir/Src/syscalls.c.obj
LOAD CMakeFiles/cubemxstudy.elf.dir/Src/sysmem.c.obj
LOAD CMakeFiles/cubemxstudy.elf.dir/Src/system_stm32f4xx.c.obj
LOAD CMakeFiles/cubemxstudy.elf.dir/Startup/startup_stm32f407zgtx.s.obj
START GROUP
LOAD c:/progra~1/gcc-arm-none-eabi-10.3-2021.10/bin/../lib/gcc/arm-none-eabi/10.3.1/thumb/v7e-m+fp/hard\libgcc.a
LOAD c:/progra~1/gcc-arm-none-eabi-10.3-2021.10/bin/../lib/gcc/arm-none-eabi/10.3.1/../../../../arm-none-eabi/lib/thumb/v7e-m+fp/hard\libg.a
LOAD c:/progra~1/gcc-arm-none-eabi-10.3-2021.10/bin/../lib/gcc/arm-none-eabi/10.3.1/../../../../arm-none-eabi/lib/thumb/v7e-m+fp/hard\libc.a
END GROUP
LOAD c:/progra~1/gcc-arm-none-eabi-10.3-2021.10/bin/../lib/gcc/arm-none-eabi/10.3.1/thumb/v7e-m+fp/hard/crtend.o
LOAD c:/progra~1/gcc-arm-none-eabi-10.3-2021.10/bin/../lib/gcc/arm-none-eabi/10.3.1/thumb/v7e-m+fp/hard/crtn.o
                0x20020000                _estack = (ORIGIN (RAM) + LENGTH (RAM))
                0x00000200                _Min_Heap_Size = 0x200
                0x00000400                _Min_Stack_Size = 0x400

.isr_vector     0x08000000      0x188
                0x08000000                . = ALIGN (0x4)
 *(.isr_vector)
 .isr_vector    0x08000000      0x188 CMakeFiles/cubemxstudy.elf.dir/Startup/startup_stm32f407zgtx.s.obj
                0x08000000                g_pfnVectors
                0x08000188                . = ALIGN (0x4)

.text           0x08000188     0x12c4
                0x08000188                . = ALIGN (0x4)
 *(.text)
 .text          0x08000188       0x40 c:/progra~1/gcc-arm-none-eabi-10.3-2021.10/bin/../lib/gcc/arm-none-eabi/10.3.1/thumb/v7e-m+fp/hard/crtbegin.o
 .text          0x080001c8       0x30 c:/progra~1/gcc-arm-none-eabi-10.3-2021.10/bin/../lib/gcc/arm-none-eabi/10.3.1/thumb/v7e-m+fp/hard\libgcc.a(_aeabi_uldivmod.o)
                0x080001c8                __aeabi_uldivmod
 .text          0x080001f8      0x2d0 c:/progra~1/gcc-arm-none-eabi-10.3-2021.10/bin/../lib/gcc/arm-none-eabi/10.3.1/thumb/v7e-m+fp/hard\libgcc.a(_udivmoddi4.o)
                0x080001f8                __udivmoddi4
 .text          0x080004c8        0x4 c:/progra~1/gcc-arm-none-eabi-10.3-2021.10/bin/../lib/gcc/arm-none-eabi/10.3.1/thumb/v7e-m+fp/hard\libgcc.a(_dvmd_tls.o)
                0x080004c8                __aeabi_idiv0
                0x080004c8                __aeabi_ldiv0
 *(.text*)
 .text.HAL_InitTick
                0x080004cc       0x4c CMakeFiles/cubemxstudy.elf.dir/Drivers/STM32F4xx_HAL_Driver/Src/stm32f4xx_hal.c.obj
                0x080004cc                HAL_InitTick
 .text.HAL_Init
                0x08000518       0x34 CMakeFiles/cubemxstudy.elf.dir/Drivers/STM32F4xx_HAL_Driver/Src/stm32f4xx_hal.c.obj
                0x08000518                HAL_Init
 .text.HAL_IncTick
                0x0800054c       0x18 CMakeFiles/cubemxstudy.elf.dir/Drivers/STM32F4xx_HAL_Driver/Src/stm32f4xx_hal.c.obj
                0x0800054c                HAL_IncTick
 .text.HAL_GetTick
                0x08000564        0xc CMakeFiles/cubemxstudy.elf.dir/Drivers/STM32F4xx_HAL_Driver/Src/stm32f4xx_hal.c.obj
                0x08000564                HAL_GetTick
 .text.HAL_NVIC_SetPriorityGrouping
                0x08000570       0x24 CMakeFiles/cubemxstudy.elf.dir/Drivers/STM32F4xx_HAL_Driver/Src/stm32f4xx_hal_cortex.c.obj
                0x08000570                HAL_NVIC_SetPriorityGrouping
 .text.HAL_NVIC_SetPriority
                0x08000594       0x70 CMakeFiles/cubemxstudy.elf.dir/Drivers/STM32F4xx_HAL_Driver/Src/stm32f4xx_hal_cortex.c.obj
                0x08000594                HAL_NVIC_SetPriority
 .text.HAL_SYSTICK_Config
                0x08000604       0x28 CMakeFiles/cubemxstudy.elf.dir/Drivers/STM32F4xx_HAL_Driver/Src/stm32f4xx_hal_cortex.c.obj
                0x08000604                HAL_SYSTICK_Config
 .text.HAL_GPIO_Init
                0x0800062c      0x1e4 CMakeFiles/cubemxstudy.elf.dir/Drivers/STM32F4xx_HAL_Driver/Src/stm32f4xx_hal_gpio.c.obj
                0x0800062c                HAL_GPIO_Init
 .text.HAL_RCC_OscConfig
                0x08000810      0x3f8 CMakeFiles/cubemxstudy.elf.dir/Drivers/STM32F4xx_HAL_Driver/Src/stm32f4xx_hal_rcc.c.obj
                0x08000810                HAL_RCC_OscConfig
 .text.HAL_RCC_GetSysClockFreq
                0x08000c08       0xd4 CMakeFiles/cubemxstudy.elf.dir/Drivers/STM32F4xx_HAL_Driver/Src/stm32f4xx_hal_rcc.c.obj
                0x08000c08                HAL_RCC_GetSysClockFreq
 .text.HAL_RCC_ClockConfig
                0x08000cdc      0x160 CMakeFiles/cubemxstudy.elf.dir/Drivers/STM32F4xx_HAL_Driver/Src/stm32f4xx_hal_rcc.c.obj
                0x08000cdc                HAL_RCC_ClockConfig
 .text.HAL_RCC_GetHCLKFreq
                0x08000e3c        0xc CMakeFiles/cubemxstudy.elf.dir/Drivers/STM32F4xx_HAL_Driver/Src/stm32f4xx_hal_rcc.c.obj
                0x08000e3c                HAL_RCC_GetHCLKFreq
 .text.HAL_RCC_GetPCLK1Freq
                0x08000e48       0x20 CMakeFiles/cubemxstudy.elf.dir/Drivers/STM32F4xx_HAL_Driver/Src/stm32f4xx_hal_rcc.c.obj
                0x08000e48                HAL_RCC_GetPCLK1Freq
 .text.HAL_RCC_GetPCLK2Freq
                0x08000e68       0x20 CMakeFiles/cubemxstudy.elf.dir/Drivers/STM32F4xx_HAL_Driver/Src/stm32f4xx_hal_rcc.c.obj
                0x08000e68                HAL_RCC_GetPCLK2Freq
 .text.UART_SetConfig
                0x08000e88      0x110 CMakeFiles/cubemxstudy.elf.dir/Drivers/STM32F4xx_HAL_Driver/Src/stm32f4xx_hal_uart.c.obj
 .text.HAL_UART_Init
                0x08000f98       0x5e CMakeFiles/cubemxstudy.elf.dir/Drivers/STM32F4xx_HAL_Driver/Src/stm32f4xx_hal_uart.c.obj
                0x08000f98                HAL_UART_Init
 *fill*         0x08000ff6        0x2 
 .text.MX_GPIO_Init
                0x08000ff8       0x4c CMakeFiles/cubemxstudy.elf.dir/Src/main.c.obj
 .text.Error_Handler
                0x08001044        0x4 CMakeFiles/cubemxstudy.elf.dir/Src/main.c.obj
                0x08001044                Error_Handler
 .text.MX_USART1_UART_Init
                0x08001048       0x34 CMakeFiles/cubemxstudy.elf.dir/Src/main.c.obj
 .text.SystemClock_Config
                0x0800107c       0xac CMakeFiles/cubemxstudy.elf.dir/Src/main.c.obj
                0x0800107c                SystemClock_Config
 .text.main     0x08001128       0x14 CMakeFiles/cubemxstudy.elf.dir/Src/main.c.obj
                0x08001128                main
 .text.HAL_MspInit
                0x0800113c       0x38 CMakeFiles/cubemxstudy.elf.dir/Src/stm32f4xx_hal_msp.c.obj
                0x0800113c                HAL_MspInit
 .text.HAL_UART_MspInit
                0x08001174       0x74 CMakeFiles/cubemxstudy.elf.dir/Src/stm32f4xx_hal_msp.c.obj
                0x08001174                HAL_UART_MspInit
 .text.NMI_Handler
                0x080011e8        0x2 CMakeFiles/cubemxstudy.elf.dir/Src/stm32f4xx_it.c.obj
                0x080011e8                NMI_Handler
 .text.HardFault_Handler
                0x080011ea        0x2 CMakeFiles/cubemxstudy.elf.dir/Src/stm32f4xx_it.c.obj
                0x080011ea                HardFault_Handler
 .text.MemManage_Handler
                0x080011ec        0x2 CMakeFiles/cubemxstudy.elf.dir/Src/stm32f4xx_it.c.obj
                0x080011ec                MemManage_Handler
 .text.BusFault_Handler
                0x080011ee        0x2 CMakeFiles/cubemxstudy.elf.dir/Src/stm32f4xx_it.c.obj
                0x080011ee                BusFault_Handler
 .text.UsageFault_Handler
                0x080011f0        0x2 CMakeFiles/cubemxstudy.elf.dir/Src/stm32f4xx_it.c.obj
                0x080011f0                UsageFault_Handler
 .text.SVC_Handler
                0x080011f2        0x2 CMakeFiles/cubemxstudy.elf.dir/Src/stm32f4xx_it.c.obj
                0x080011f2                SVC_Handler
 .text.DebugMon_Handler
                0x080011f4        0x2 CMakeFiles/cubemxstudy.elf.dir/Src/stm32f4xx_it.c.obj
                0x080011f4                DebugMon_Handler
 .text.PendSV_Handler
                0x080011f6        0x2 CMakeFiles/cubemxstudy.elf.dir/Src/stm32f4xx_it.c.obj
                0x080011f6                PendSV_Handler
 .text.SysTick_Handler
                0x080011f8        0x8 CMakeFiles/cubemxstudy.elf.dir/Src/stm32f4xx_it.c.obj
                0x080011f8                SysTick_Handler
 .text.SystemInit
                0x08001200       0x14 CMakeFiles/cubemxstudy.elf.dir/Src/system_stm32f4xx.c.obj
                0x08001200                SystemInit
 .text.Reset_Handler
                0x08001214       0x50 CMakeFiles/cubemxstudy.elf.dir/Startup/startup_stm32f407zgtx.s.obj
                0x08001214                Reset_Handler
 .text.Default_Handler
                0x08001264        0x2 CMakeFiles/cubemxstudy.elf.dir/Startup/startup_stm32f407zgtx.s.obj
                0x08001264                RTC_Alarm_IRQHandler
                0x08001264                HASH_RNG_IRQHandler
                0x08001264                EXTI2_IRQHandler
                0x08001264                TIM8_CC_IRQHandler
                0x08001264                TIM1_CC_IRQHandler
                0x08001264                DMA2_Stream5_IRQHandler
                0x08001264                DMA1_Stream5_IRQHandler
                0x08001264                PVD_IRQHandler
                0x08001264                SDIO_IRQHandler
                0x08001264                TAMP_STAMP_IRQHandler
                0x08001264                CAN2_RX1_IRQHandler
                0x08001264                EXTI3_IRQHandler
                0x08001264                TIM8_TRG_COM_TIM14_IRQHandler
                0x08001264                TIM1_UP_TIM10_IRQHandler
                0x08001264                TIM8_UP_TIM13_IRQHandler
                0x08001264                I2C3_ER_IRQHandler
                0x08001264                EXTI0_IRQHandler
                0x08001264                I2C2_EV_IRQHandler
                0x08001264                DMA1_Stream2_IRQHandler
                0x08001264                CAN1_RX0_IRQHandler
                0x08001264                FPU_IRQHandler
                0x08001264                OTG_HS_WKUP_IRQHandler
                0x08001264                CAN2_SCE_IRQHandler
                0x08001264                DMA2_Stream2_IRQHandler
                0x08001264                SPI1_IRQHandler
                0x08001264                TIM6_DAC_IRQHandler
                0x08001264                TIM1_BRK_TIM9_IRQHandler
                0x08001264                DCMI_IRQHandler
                0x08001264                CAN2_RX0_IRQHandler
                0x08001264                DMA2_Stream3_IRQHandler
                0x08001264                USART6_IRQHandler
                0x08001264                USART3_IRQHandler
                0x08001264                CAN1_RX1_IRQHandler
                0x08001264                UART5_IRQHandler
                0x08001264                DMA2_Stream0_IRQHandler
                0x08001264                TIM4_IRQHandler
                0x08001264                I2C1_EV_IRQHandler
                0x08001264                DMA1_Stream6_IRQHandler
                0x08001264                DMA1_Stream1_IRQHandler
                0x08001264                UART4_IRQHandler
                0x08001264                TIM3_IRQHandler
                0x08001264                RCC_IRQHandler
                0x08001264                TIM8_BRK_TIM12_IRQHandler
                0x08001264                Default_Handler
                0x08001264                EXTI15_10_IRQHandler
                0x08001264                ADC_IRQHandler
                0x08001264                DMA1_Stream7_IRQHandler
                0x08001264                TIM7_IRQHandler
                0x08001264                CAN2_TX_IRQHandler
                0x08001264                TIM5_IRQHandler
                0x08001264                DMA2_Stream7_IRQHandler
                0x08001264                I2C3_EV_IRQHandler
                0x08001264                EXTI9_5_IRQHandler
                0x08001264                RTC_WKUP_IRQHandler
                0x08001264                ETH_WKUP_IRQHandler
                0x08001264                SPI2_IRQHandler
                0x08001264                OTG_HS_EP1_IN_IRQHandler
                0x08001264                DMA1_Stream0_IRQHandler
                0x08001264                CAN1_TX_IRQHandler
                0x08001264                EXTI4_IRQHandler
                0x08001264                FSMC_IRQHandler
                0x08001264                ETH_IRQHandler
                0x08001264                OTG_HS_EP1_OUT_IRQHandler
                0x08001264                WWDG_IRQHandler
                0x08001264                TIM2_IRQHandler
                0x08001264                OTG_FS_WKUP_IRQHandler
                0x08001264                TIM1_TRG_COM_TIM11_IRQHandler
                0x08001264                OTG_HS_IRQHandler
                0x08001264                EXTI1_IRQHandler
                0x08001264                USART2_IRQHandler
                0x08001264                I2C2_ER_IRQHandler
                0x08001264                DMA2_Stream1_IRQHandler
                0x08001264                CAN1_SCE_IRQHandler
                0x08001264                FLASH_IRQHandler
                0x08001264                DMA2_Stream4_IRQHandler
                0x08001264                USART1_IRQHandler
                0x08001264                OTG_FS_IRQHandler
                0x08001264                SPI3_IRQHandler
                0x08001264                DMA1_Stream4_IRQHandler
                0x08001264                I2C1_ER_IRQHandler
                0x08001264                DMA2_Stream6_IRQHandler
                0x08001264                DMA1_Stream3_IRQHandler
 *fill*         0x08001266        0x2 
 .text.__libc_init_array
                0x08001268       0x48 c:/progra~1/gcc-arm-none-eabi-10.3-2021.10/bin/../lib/gcc/arm-none-eabi/10.3.1/../../../../arm-none-eabi/lib/thumb/v7e-m+fp/hard\libg.a(lib_a-init.o)
                0x08001268                __libc_init_array
 .text.memset   0x080012b0       0xa4 c:/progra~1/gcc-arm-none-eabi-10.3-2021.10/bin/../lib/gcc/arm-none-eabi/10.3.1/../../../../arm-none-eabi/lib/thumb/v7e-m+fp/hard\libg.a(lib_a-memset.o)
                0x080012b0                memset
 .text.startup.register_fini
                0x08001354       0x14 c:/progra~1/gcc-arm-none-eabi-10.3-2021.10/bin/../lib/gcc/arm-none-eabi/10.3.1/../../../../arm-none-eabi/lib/thumb/v7e-m+fp/hard\libg.a(lib_a-__call_atexit.o)
 .text.atexit   0x08001368        0xc c:/progra~1/gcc-arm-none-eabi-10.3-2021.10/bin/../lib/gcc/arm-none-eabi/10.3.1/../../../../arm-none-eabi/lib/thumb/v7e-m+fp/hard\libg.a(lib_a-atexit.o)
                0x08001368                atexit
 .text.__libc_fini_array
                0x08001374       0x2c c:/progra~1/gcc-arm-none-eabi-10.3-2021.10/bin/../lib/gcc/arm-none-eabi/10.3.1/../../../../arm-none-eabi/lib/thumb/v7e-m+fp/hard\libg.a(lib_a-fini.o)
                0x08001374                __libc_fini_array
 .text.__retarget_lock_acquire_recursive
                0x080013a0        0x4 c:/progra~1/gcc-arm-none-eabi-10.3-2021.10/bin/../lib/gcc/arm-none-eabi/10.3.1/../../../../arm-none-eabi/lib/thumb/v7e-m+fp/hard\libg.a(lib_a-lock.o)
                0x080013a0                __retarget_lock_acquire_recursive
 .text.__retarget_lock_release_recursive
                0x080013a4        0x4 c:/progra~1/gcc-arm-none-eabi-10.3-2021.10/bin/../lib/gcc/arm-none-eabi/10.3.1/../../../../arm-none-eabi/lib/thumb/v7e-m+fp/hard\libg.a(lib_a-lock.o)
                0x080013a4                __retarget_lock_release_recursive
 .text.__register_exitproc
                0x080013a8       0x8c c:/progra~1/gcc-arm-none-eabi-10.3-2021.10/bin/../lib/gcc/arm-none-eabi/10.3.1/../../../../arm-none-eabi/lib/thumb/v7e-m+fp/hard\libg.a(lib_a-__atexit.o)
                0x080013a8                __register_exitproc
 *(.glue_7)
 .glue_7        0x08001434        0x0 linker stubs
 *(.glue_7t)
 .glue_7t       0x08001434        0x0 linker stubs
 *(.eh_frame)
 .eh_frame      0x08001434        0x0 c:/progra~1/gcc-arm-none-eabi-10.3-2021.10/bin/../lib/gcc/arm-none-eabi/10.3.1/thumb/v7e-m+fp/hard/crtbegin.o
 *(.init)
 .init          0x08001434        0x4 c:/progra~1/gcc-arm-none-eabi-10.3-2021.10/bin/../lib/gcc/arm-none-eabi/10.3.1/thumb/v7e-m+fp/hard/crti.o
                0x08001434                _init
 .init          0x08001438        0x8 c:/progra~1/gcc-arm-none-eabi-10.3-2021.10/bin/../lib/gcc/arm-none-eabi/10.3.1/thumb/v7e-m+fp/hard/crtn.o
 *(.fini)
 .fini          0x08001440        0x4 c:/progra~1/gcc-arm-none-eabi-10.3-2021.10/bin/../lib/gcc/arm-none-eabi/10.3.1/thumb/v7e-m+fp/hard/crti.o
                0x08001440                _fini
 .fini          0x08001444        0x8 c:/progra~1/gcc-arm-none-eabi-10.3-2021.10/bin/../lib/gcc/arm-none-eabi/10.3.1/thumb/v7e-m+fp/hard/crtn.o
                0x0800144c                . = ALIGN (0x4)
                0x0800144c                _etext = .

.vfp11_veneer   0x0800144c        0x0
 .vfp11_veneer  0x0800144c        0x0 linker stubs

.v4_bx          0x0800144c        0x0
 .v4_bx         0x0800144c        0x0 linker stubs

.iplt           0x0800144c        0x0
 .iplt          0x0800144c        0x0 c:/progra~1/gcc-arm-none-eabi-10.3-2021.10/bin/../lib/gcc/arm-none-eabi/10.3.1/thumb/v7e-m+fp/hard/crtbegin.o

.rodata         0x0800144c       0x1c
                0x0800144c                . = ALIGN (0x4)
 *(.rodata)
 *(.rodata*)
 .rodata.AHBPrescTable
                0x0800144c       0x10 CMakeFiles/cubemxstudy.elf.dir/Src/system_stm32f4xx.c.obj
                0x0800144c                AHBPrescTable
 .rodata.APBPrescTable
                0x0800145c        0x8 CMakeFiles/cubemxstudy.elf.dir/Src/system_stm32f4xx.c.obj
                0x0800145c                APBPrescTable
 .rodata._global_impure_ptr
                0x08001464        0x4 c:/progra~1/gcc-arm-none-eabi-10.3-2021.10/bin/../lib/gcc/arm-none-eabi/10.3.1/../../../../arm-none-eabi/lib/thumb/v7e-m+fp/hard\libg.a(lib_a-impure.o)
                0x08001464                _global_impure_ptr
                0x08001468                . = ALIGN (0x4)

.ARM.extab      0x08001468        0x0
                0x08001468                . = ALIGN (0x4)
 *(.ARM.extab* .gnu.linkonce.armextab.*)
                0x08001468                . = ALIGN (0x4)

.ARM            0x08001468        0x8
                0x08001468                . = ALIGN (0x4)
                0x08001468                __exidx_start = .
 *(.ARM.exidx*)
 .ARM.exidx     0x08001468        0x8 c:/progra~1/gcc-arm-none-eabi-10.3-2021.10/bin/../lib/gcc/arm-none-eabi/10.3.1/thumb/v7e-m+fp/hard\libgcc.a(_udivmoddi4.o)
                0x08001470                __exidx_end = .
                0x08001470                . = ALIGN (0x4)

.rel.dyn        0x08001470        0x0
 .rel.iplt      0x08001470        0x0 c:/progra~1/gcc-arm-none-eabi-10.3-2021.10/bin/../lib/gcc/arm-none-eabi/10.3.1/thumb/v7e-m+fp/hard/crtbegin.o

.preinit_array  0x08001470        0x0
                0x08001470                . = ALIGN (0x4)
                0x08001470                PROVIDE (__preinit_array_start = .)
 *(.preinit_array*)
                0x08001470                PROVIDE (__preinit_array_end = .)
                0x08001470                . = ALIGN (0x4)

.init_array     0x08001470        0x8
                0x08001470                . = ALIGN (0x4)
                0x08001470                PROVIDE (__init_array_start = .)
 *(SORT_BY_NAME(.init_array.*))
 .init_array.00000
                0x08001470        0x4 c:/progra~1/gcc-arm-none-eabi-10.3-2021.10/bin/../lib/gcc/arm-none-eabi/10.3.1/../../../../arm-none-eabi/lib/thumb/v7e-m+fp/hard\libg.a(lib_a-__call_atexit.o)
 *(.init_array*)
 .init_array    0x08001474        0x4 c:/progra~1/gcc-arm-none-eabi-10.3-2021.10/bin/../lib/gcc/arm-none-eabi/10.3.1/thumb/v7e-m+fp/hard/crtbegin.o
                0x08001478                PROVIDE (__init_array_end = .)
                0x08001478                . = ALIGN (0x4)

.fini_array     0x08001478        0x4
                0x08001478                . = ALIGN (0x4)
                0x08001478                PROVIDE (__fini_array_start = .)
 *(SORT_BY_NAME(.fini_array.*))
 *(.fini_array*)
 .fini_array    0x08001478        0x4 c:/progra~1/gcc-arm-none-eabi-10.3-2021.10/bin/../lib/gcc/arm-none-eabi/10.3.1/thumb/v7e-m+fp/hard/crtbegin.o
                0x0800147c                PROVIDE (__fini_array_end = .)
                0x0800147c                . = ALIGN (0x4)
                0x0800147c                _sidata = LOADADDR (.data)

.data           0x20000000      0x43c load address 0x0800147c
                0x20000000                . = ALIGN (0x4)
                0x20000000                _sdata = .
 *(.data)
 *(.data*)
 .data.uwTickFreq
                0x20000000        0x1 CMakeFiles/cubemxstudy.elf.dir/Drivers/STM32F4xx_HAL_Driver/Src/stm32f4xx_hal.c.obj
                0x20000000                uwTickFreq
 *fill*         0x20000001        0x3 
 .data.uwTickPrio
                0x20000004        0x4 CMakeFiles/cubemxstudy.elf.dir/Drivers/STM32F4xx_HAL_Driver/Src/stm32f4xx_hal.c.obj
                0x20000004                uwTickPrio
 .data.SystemCoreClock
                0x20000008        0x4 CMakeFiles/cubemxstudy.elf.dir/Src/system_stm32f4xx.c.obj
                0x20000008                SystemCoreClock
 *fill*         0x2000000c        0x4 
 .data.impure_data
                0x20000010      0x428 c:/progra~1/gcc-arm-none-eabi-10.3-2021.10/bin/../lib/gcc/arm-none-eabi/10.3.1/../../../../arm-none-eabi/lib/thumb/v7e-m+fp/hard\libg.a(lib_a-impure.o)
 .data.__atexit_recursive_mutex
                0x20000438        0x4 c:/progra~1/gcc-arm-none-eabi-10.3-2021.10/bin/../lib/gcc/arm-none-eabi/10.3.1/../../../../arm-none-eabi/lib/thumb/v7e-m+fp/hard\libg.a(lib_a-__call_atexit.o)
                0x20000438                __atexit_recursive_mutex
 *(.RamFunc)
 *(.RamFunc*)
                0x2000043c                . = ALIGN (0x4)
                0x2000043c                _edata = .
                0x080018b8                _siccmram = LOADADDR (.ccmram)

.igot.plt       0x2000043c        0x0 load address 0x080018b8
 .igot.plt      0x2000043c        0x0 c:/progra~1/gcc-arm-none-eabi-10.3-2021.10/bin/../lib/gcc/arm-none-eabi/10.3.1/thumb/v7e-m+fp/hard/crtbegin.o

.ccmram         0x10000000        0x0 load address 0x080018b8
                0x10000000                . = ALIGN (0x4)
                0x10000000                _sccmram = .
 *(.ccmram)
 *(.ccmram*)
                0x10000000                . = ALIGN (0x4)
                0x10000000                _eccmram = .
                0x10000000                . = ALIGN (0x4)

.bss            0x2000043c       0x68
                0x2000043c                _sbss = .
                0x2000043c                __bss_start__ = _sbss
 *(.bss)
 .bss           0x2000043c       0x1c c:/progra~1/gcc-arm-none-eabi-10.3-2021.10/bin/../lib/gcc/arm-none-eabi/10.3.1/thumb/v7e-m+fp/hard/crtbegin.o
 *(.bss*)
 .bss.uwTick    0x20000458        0x4 CMakeFiles/cubemxstudy.elf.dir/Drivers/STM32F4xx_HAL_Driver/Src/stm32f4xx_hal.c.obj
                0x20000458                uwTick
 .bss.huart1    0x2000045c       0x44 CMakeFiles/cubemxstudy.elf.dir/Src/main.c.obj
                0x2000045c                huart1
 .bss.__lock___atexit_recursive_mutex
                0x200004a0        0x1 c:/progra~1/gcc-arm-none-eabi-10.3-2021.10/bin/../lib/gcc/arm-none-eabi/10.3.1/../../../../arm-none-eabi/lib/thumb/v7e-m+fp/hard\libg.a(lib_a-lock.o)
                0x200004a0                __lock___atexit_recursive_mutex
 *(COMMON)
                0x200004a4                . = ALIGN (0x4)
 *fill*         0x200004a1        0x3 
                0x200004a4                _ebss = .
                0x200004a4                __bss_end__ = _ebss

._user_heap_stack
                0x200004a4      0x604
                0x200004a8                . = ALIGN (0x8)
 *fill*         0x200004a4        0x4 
                [!provide]                PROVIDE (end = .)
                0x200004a8                PROVIDE (_end = .)
                0x200006a8                . = (. + _Min_Heap_Size)
 *fill*         0x200004a8      0x200 
                0x20000aa8                . = (. + _Min_Stack_Size)
 *fill*         0x200006a8      0x400 
                0x20000aa8                . = ALIGN (0x8)

/DISCARD/
 libc.a(*)
 libm.a(*)
 libgcc.a(*)

.ARM.attributes
                0x00000000       0x30
 *(.ARM.attributes)
 .ARM.attributes
                0x00000000       0x1e c:/progra~1/gcc-arm-none-eabi-10.3-2021.10/bin/../lib/gcc/arm-none-eabi/10.3.1/thumb/v7e-m+fp/hard/crti.o
 .ARM.attributes
                0x0000001e       0x34 c:/progra~1/gcc-arm-none-eabi-10.3-2021.10/bin/../lib/gcc/arm-none-eabi/10.3.1/thumb/v7e-m+fp/hard/crtbegin.o
 .ARM.attributes
                0x00000052       0x34 CMakeFiles/cubemxstudy.elf.dir/Drivers/STM32F4xx_HAL_Driver/Src/stm32f4xx_hal.c.obj
 .ARM.attributes
                0x00000086       0x34 CMakeFiles/cubemxstudy.elf.dir/Drivers/STM32F4xx_HAL_Driver/Src/stm32f4xx_hal_cortex.c.obj
 .ARM.attributes
                0x000000ba       0x34 CMakeFiles/cubemxstudy.elf.dir/Drivers/STM32F4xx_HAL_Driver/Src/stm32f4xx_hal_gpio.c.obj
 .ARM.attributes
                0x000000ee       0x34 CMakeFiles/cubemxstudy.elf.dir/Drivers/STM32F4xx_HAL_Driver/Src/stm32f4xx_hal_rcc.c.obj
 .ARM.attributes
                0x00000122       0x34 CMakeFiles/cubemxstudy.elf.dir/Drivers/STM32F4xx_HAL_Driver/Src/stm32f4xx_hal_uart.c.obj
 .ARM.attributes
                0x00000156       0x34 CMakeFiles/cubemxstudy.elf.dir/Src/main.c.obj
 .ARM.attributes
                0x0000018a       0x34 CMakeFiles/cubemxstudy.elf.dir/Src/stm32f4xx_hal_msp.c.obj
 .ARM.attributes
                0x000001be       0x34 CMakeFiles/cubemxstudy.elf.dir/Src/stm32f4xx_it.c.obj
 .ARM.attributes
                0x000001f2       0x34 CMakeFiles/cubemxstudy.elf.dir/Src/system_stm32f4xx.c.obj
 .ARM.attributes
                0x00000226       0x21 CMakeFiles/cubemxstudy.elf.dir/Startup/startup_stm32f407zgtx.s.obj
 .ARM.attributes
                0x00000247       0x1e c:/progra~1/gcc-arm-none-eabi-10.3-2021.10/bin/../lib/gcc/arm-none-eabi/10.3.1/thumb/v7e-m+fp/hard\libgcc.a(_aeabi_uldivmod.o)
 .ARM.attributes
                0x00000265       0x34 c:/progra~1/gcc-arm-none-eabi-10.3-2021.10/bin/../lib/gcc/arm-none-eabi/10.3.1/thumb/v7e-m+fp/hard\libgcc.a(_udivmoddi4.o)
 .ARM.attributes
                0x00000299       0x1e c:/progra~1/gcc-arm-none-eabi-10.3-2021.10/bin/../lib/gcc/arm-none-eabi/10.3.1/thumb/v7e-m+fp/hard\libgcc.a(_dvmd_tls.o)
 .ARM.attributes
                0x000002b7       0x34 c:/progra~1/gcc-arm-none-eabi-10.3-2021.10/bin/../lib/gcc/arm-none-eabi/10.3.1/../../../../arm-none-eabi/lib/thumb/v7e-m+fp/hard\libg.a(lib_a-impure.o)
 .ARM.attributes
                0x000002eb       0x34 c:/progra~1/gcc-arm-none-eabi-10.3-2021.10/bin/../lib/gcc/arm-none-eabi/10.3.1/../../../../arm-none-eabi/lib/thumb/v7e-m+fp/hard\libg.a(lib_a-init.o)
 .ARM.attributes
                0x0000031f       0x34 c:/progra~1/gcc-arm-none-eabi-10.3-2021.10/bin/../lib/gcc/arm-none-eabi/10.3.1/../../../../arm-none-eabi/lib/thumb/v7e-m+fp/hard\libg.a(lib_a-memset.o)
 .ARM.attributes
                0x00000353       0x34 c:/progra~1/gcc-arm-none-eabi-10.3-2021.10/bin/../lib/gcc/arm-none-eabi/10.3.1/../../../../arm-none-eabi/lib/thumb/v7e-m+fp/hard\libg.a(lib_a-__call_atexit.o)
 .ARM.attributes
                0x00000387       0x34 c:/progra~1/gcc-arm-none-eabi-10.3-2021.10/bin/../lib/gcc/arm-none-eabi/10.3.1/../../../../arm-none-eabi/lib/thumb/v7e-m+fp/hard\libg.a(lib_a-atexit.o)
 .ARM.attributes
                0x000003bb       0x34 c:/progra~1/gcc-arm-none-eabi-10.3-2021.10/bin/../lib/gcc/arm-none-eabi/10.3.1/../../../../arm-none-eabi/lib/thumb/v7e-m+fp/hard\libg.a(lib_a-fini.o)
 .ARM.attributes
                0x000003ef       0x34 c:/progra~1/gcc-arm-none-eabi-10.3-2021.10/bin/../lib/gcc/arm-none-eabi/10.3.1/../../../../arm-none-eabi/lib/thumb/v7e-m+fp/hard\libg.a(lib_a-lock.o)
 .ARM.attributes
                0x00000423       0x34 c:/progra~1/gcc-arm-none-eabi-10.3-2021.10/bin/../lib/gcc/arm-none-eabi/10.3.1/../../../../arm-none-eabi/lib/thumb/v7e-m+fp/hard\libg.a(lib_a-__atexit.o)
 .ARM.attributes
                0x00000457       0x1e c:/progra~1/gcc-arm-none-eabi-10.3-2021.10/bin/../lib/gcc/arm-none-eabi/10.3.1/thumb/v7e-m+fp/hard/crtn.o
OUTPUT(cubemxstudy.elf elf32-littlearm)
LOAD linker stubs
LOAD c:/progra~1/gcc-arm-none-eabi-10.3-2021.10/bin/../lib/gcc/arm-none-eabi/10.3.1/../../../../arm-none-eabi/lib/thumb/v7e-m+fp/hard\libc.a
LOAD c:/progra~1/gcc-arm-none-eabi-10.3-2021.10/bin/../lib/gcc/arm-none-eabi/10.3.1/../../../../arm-none-eabi/lib/thumb/v7e-m+fp/hard\libm.a
LOAD c:/progra~1/gcc-arm-none-eabi-10.3-2021.10/bin/../lib/gcc/arm-none-eabi/10.3.1/thumb/v7e-m+fp/hard\libgcc.a

.debug_info     0x00000000     0x8ae2
 .debug_info    0x00000000      0x9f0 CMakeFiles/cubemxstudy.elf.dir/Drivers/STM32F4xx_HAL_Driver/Src/stm32f4xx_hal.c.obj
 .debug_info    0x000009f0     0x1098 CMakeFiles/cubemxstudy.elf.dir/Drivers/STM32F4xx_HAL_Driver/Src/stm32f4xx_hal_cortex.c.obj
 .debug_info    0x00001a88      0x7b0 CMakeFiles/cubemxstudy.elf.dir/Drivers/STM32F4xx_HAL_Driver/Src/stm32f4xx_hal_gpio.c.obj
 .debug_info    0x00002238      0xb03 CMakeFiles/cubemxstudy.elf.dir/Drivers/STM32F4xx_HAL_Driver/Src/stm32f4xx_hal_rcc.c.obj
 .debug_info    0x00002d3b     0x424e CMakeFiles/cubemxstudy.elf.dir/Drivers/STM32F4xx_HAL_Driver/Src/stm32f4xx_hal_uart.c.obj
 .debug_info    0x00006f89      0xb1c CMakeFiles/cubemxstudy.elf.dir/Src/main.c.obj
 .debug_info    0x00007aa5      0x99f CMakeFiles/cubemxstudy.elf.dir/Src/stm32f4xx_hal_msp.c.obj
 .debug_info    0x00008444      0x144 CMakeFiles/cubemxstudy.elf.dir/Src/stm32f4xx_it.c.obj
 .debug_info    0x00008588      0x538 CMakeFiles/cubemxstudy.elf.dir/Src/system_stm32f4xx.c.obj
 .debug_info    0x00008ac0       0x22 CMakeFiles/cubemxstudy.elf.dir/Startup/startup_stm32f407zgtx.s.obj

.debug_abbrev   0x00000000     0x124a
 .debug_abbrev  0x00000000      0x206 CMakeFiles/cubemxstudy.elf.dir/Drivers/STM32F4xx_HAL_Driver/Src/stm32f4xx_hal.c.obj
 .debug_abbrev  0x00000206      0x36a CMakeFiles/cubemxstudy.elf.dir/Drivers/STM32F4xx_HAL_Driver/Src/stm32f4xx_hal_cortex.c.obj
 .debug_abbrev  0x00000570      0x1ef CMakeFiles/cubemxstudy.elf.dir/Drivers/STM32F4xx_HAL_Driver/Src/stm32f4xx_hal_gpio.c.obj
 .debug_abbrev  0x0000075f      0x28a CMakeFiles/cubemxstudy.elf.dir/Drivers/STM32F4xx_HAL_Driver/Src/stm32f4xx_hal_rcc.c.obj
 .debug_abbrev  0x000009e9      0x2fd CMakeFiles/cubemxstudy.elf.dir/Drivers/STM32F4xx_HAL_Driver/Src/stm32f4xx_hal_uart.c.obj
 .debug_abbrev  0x00000ce6      0x225 CMakeFiles/cubemxstudy.elf.dir/Src/main.c.obj
 .debug_abbrev  0x00000f0b      0x196 CMakeFiles/cubemxstudy.elf.dir/Src/stm32f4xx_hal_msp.c.obj
 .debug_abbrev  0x000010a1       0x7e CMakeFiles/cubemxstudy.elf.dir/Src/stm32f4xx_it.c.obj
 .debug_abbrev  0x0000111f      0x119 CMakeFiles/cubemxstudy.elf.dir/Src/system_stm32f4xx.c.obj
 .debug_abbrev  0x00001238       0x12 CMakeFiles/cubemxstudy.elf.dir/Startup/startup_stm32f407zgtx.s.obj

.debug_loc      0x00000000     0x5eb8
 .debug_loc     0x00000000      0x141 CMakeFiles/cubemxstudy.elf.dir/Drivers/STM32F4xx_HAL_Driver/Src/stm32f4xx_hal.c.obj
 .debug_loc     0x00000141      0x744 CMakeFiles/cubemxstudy.elf.dir/Drivers/STM32F4xx_HAL_Driver/Src/stm32f4xx_hal_cortex.c.obj
 .debug_loc     0x00000885      0x520 CMakeFiles/cubemxstudy.elf.dir/Drivers/STM32F4xx_HAL_Driver/Src/stm32f4xx_hal_gpio.c.obj
 .debug_loc     0x00000da5      0x58c CMakeFiles/cubemxstudy.elf.dir/Drivers/STM32F4xx_HAL_Driver/Src/stm32f4xx_hal_rcc.c.obj
 .debug_loc     0x00001331     0x49ab CMakeFiles/cubemxstudy.elf.dir/Drivers/STM32F4xx_HAL_Driver/Src/stm32f4xx_hal_uart.c.obj
 .debug_loc     0x00005cdc       0x84 CMakeFiles/cubemxstudy.elf.dir/Src/stm32f4xx_hal_msp.c.obj
 .debug_loc     0x00005d60      0x158 CMakeFiles/cubemxstudy.elf.dir/Src/system_stm32f4xx.c.obj

.debug_aranges  0x00000000      0x598
 .debug_aranges
                0x00000000       0xf0 CMakeFiles/cubemxstudy.elf.dir/Drivers/STM32F4xx_HAL_Driver/Src/stm32f4xx_hal.c.obj
 .debug_aranges
                0x000000f0       0xa8 CMakeFiles/cubemxstudy.elf.dir/Drivers/STM32F4xx_HAL_Driver/Src/stm32f4xx_hal_cortex.c.obj
 .debug_aranges
                0x00000198       0x58 CMakeFiles/cubemxstudy.elf.dir/Drivers/STM32F4xx_HAL_Driver/Src/stm32f4xx_hal_gpio.c.obj
 .debug_aranges
                0x000001f0       0x88 CMakeFiles/cubemxstudy.elf.dir/Drivers/STM32F4xx_HAL_Driver/Src/stm32f4xx_hal_rcc.c.obj
 .debug_aranges
                0x00000278      0x200 CMakeFiles/cubemxstudy.elf.dir/Drivers/STM32F4xx_HAL_Driver/Src/stm32f4xx_hal_uart.c.obj
 .debug_aranges
                0x00000478       0x40 CMakeFiles/cubemxstudy.elf.dir/Src/main.c.obj
 .debug_aranges
                0x000004b8       0x30 CMakeFiles/cubemxstudy.elf.dir/Src/stm32f4xx_hal_msp.c.obj
 .debug_aranges
                0x000004e8       0x60 CMakeFiles/cubemxstudy.elf.dir/Src/stm32f4xx_it.c.obj
 .debug_aranges
                0x00000548       0x28 CMakeFiles/cubemxstudy.elf.dir/Src/system_stm32f4xx.c.obj
 .debug_aranges
                0x00000570       0x28 CMakeFiles/cubemxstudy.elf.dir/Startup/startup_stm32f407zgtx.s.obj

.debug_ranges   0x00000000      0x590
 .debug_ranges  0x00000000       0xe0 CMakeFiles/cubemxstudy.elf.dir/Drivers/STM32F4xx_HAL_Driver/Src/stm32f4xx_hal.c.obj
 .debug_ranges  0x000000e0       0xf8 CMakeFiles/cubemxstudy.elf.dir/Drivers/STM32F4xx_HAL_Driver/Src/stm32f4xx_hal_cortex.c.obj
 .debug_ranges  0x000001d8       0x48 CMakeFiles/cubemxstudy.elf.dir/Drivers/STM32F4xx_HAL_Driver/Src/stm32f4xx_hal_gpio.c.obj
 .debug_ranges  0x00000220       0x90 CMakeFiles/cubemxstudy.elf.dir/Drivers/STM32F4xx_HAL_Driver/Src/stm32f4xx_hal_rcc.c.obj
 .debug_ranges  0x000002b0      0x208 CMakeFiles/cubemxstudy.elf.dir/Drivers/STM32F4xx_HAL_Driver/Src/stm32f4xx_hal_uart.c.obj
 .debug_ranges  0x000004b8       0x30 CMakeFiles/cubemxstudy.elf.dir/Src/main.c.obj
 .debug_ranges  0x000004e8       0x20 CMakeFiles/cubemxstudy.elf.dir/Src/stm32f4xx_hal_msp.c.obj
 .debug_ranges  0x00000508       0x50 CMakeFiles/cubemxstudy.elf.dir/Src/stm32f4xx_it.c.obj
 .debug_ranges  0x00000558       0x18 CMakeFiles/cubemxstudy.elf.dir/Src/system_stm32f4xx.c.obj
 .debug_ranges  0x00000570       0x20 CMakeFiles/cubemxstudy.elf.dir/Startup/startup_stm32f407zgtx.s.obj

.debug_line     0x00000000     0x7306
 .debug_line    0x00000000      0x5e9 CMakeFiles/cubemxstudy.elf.dir/Drivers/STM32F4xx_HAL_Driver/Src/stm32f4xx_hal.c.obj
 .debug_line    0x000005e9      0x7fc CMakeFiles/cubemxstudy.elf.dir/Drivers/STM32F4xx_HAL_Driver/Src/stm32f4xx_hal_cortex.c.obj
 .debug_line    0x00000de5      0x740 CMakeFiles/cubemxstudy.elf.dir/Drivers/STM32F4xx_HAL_Driver/Src/stm32f4xx_hal_gpio.c.obj
 .debug_line    0x00001525      0xb6f CMakeFiles/cubemxstudy.elf.dir/Drivers/STM32F4xx_HAL_Driver/Src/stm32f4xx_hal_rcc.c.obj
 .debug_line    0x00002094     0x4672 CMakeFiles/cubemxstudy.elf.dir/Drivers/STM32F4xx_HAL_Driver/Src/stm32f4xx_hal_uart.c.obj
 .debug_line    0x00006706      0x42e CMakeFiles/cubemxstudy.elf.dir/Src/main.c.obj
 .debug_line    0x00006b34      0x2c7 CMakeFiles/cubemxstudy.elf.dir/Src/stm32f4xx_hal_msp.c.obj
 .debug_line    0x00006dfb      0x1bc CMakeFiles/cubemxstudy.elf.dir/Src/stm32f4xx_it.c.obj
 .debug_line    0x00006fb7      0x2aa CMakeFiles/cubemxstudy.elf.dir/Src/system_stm32f4xx.c.obj
 .debug_line    0x00007261       0xa5 CMakeFiles/cubemxstudy.elf.dir/Startup/startup_stm32f407zgtx.s.obj

.debug_str      0x00000000     0x225b
 .debug_str     0x00000000      0xb4c CMakeFiles/cubemxstudy.elf.dir/Drivers/STM32F4xx_HAL_Driver/Src/stm32f4xx_hal.c.obj
                                0xba5 (size before relaxing)
 .debug_str     0x00000b4c      0x4de CMakeFiles/cubemxstudy.elf.dir/Drivers/STM32F4xx_HAL_Driver/Src/stm32f4xx_hal_cortex.c.obj
                                0xc77 (size before relaxing)
 .debug_str     0x0000102a      0x200 CMakeFiles/cubemxstudy.elf.dir/Drivers/STM32F4xx_HAL_Driver/Src/stm32f4xx_hal_gpio.c.obj
                                0x52b (size before relaxing)
 .debug_str     0x0000122a      0x343 CMakeFiles/cubemxstudy.elf.dir/Drivers/STM32F4xx_HAL_Driver/Src/stm32f4xx_hal_rcc.c.obj
                                0x751 (size before relaxing)
 .debug_str     0x0000156d      0xa8c CMakeFiles/cubemxstudy.elf.dir/Drivers/STM32F4xx_HAL_Driver/Src/stm32f4xx_hal_uart.c.obj
                                0xda4 (size before relaxing)
 .debug_str     0x00001ff9       0xa3 CMakeFiles/cubemxstudy.elf.dir/Src/main.c.obj
                                0x932 (size before relaxing)
 .debug_str     0x0000209c       0x3d CMakeFiles/cubemxstudy.elf.dir/Src/stm32f4xx_hal_msp.c.obj
                                0x80a (size before relaxing)
 .debug_str     0x000020d9       0xc8 CMakeFiles/cubemxstudy.elf.dir/Src/stm32f4xx_it.c.obj
                                0x287 (size before relaxing)
 .debug_str     0x000021a1       0x67 CMakeFiles/cubemxstudy.elf.dir/Src/system_stm32f4xx.c.obj
                                0x3bb (size before relaxing)
 .debug_str     0x00002208       0x53 CMakeFiles/cubemxstudy.elf.dir/Startup/startup_stm32f407zgtx.s.obj
                                 0x8a (size before relaxing)

.comment        0x00000000       0x49
 .comment       0x00000000       0x49 CMakeFiles/cubemxstudy.elf.dir/Drivers/STM32F4xx_HAL_Driver/Src/stm32f4xx_hal.c.obj
                                 0x4a (size before relaxing)
 .comment       0x00000049       0x4a CMakeFiles/cubemxstudy.elf.dir/Drivers/STM32F4xx_HAL_Driver/Src/stm32f4xx_hal_cortex.c.obj
 .comment       0x00000049       0x4a CMakeFiles/cubemxstudy.elf.dir/Drivers/STM32F4xx_HAL_Driver/Src/stm32f4xx_hal_gpio.c.obj
 .comment       0x00000049       0x4a CMakeFiles/cubemxstudy.elf.dir/Drivers/STM32F4xx_HAL_Driver/Src/stm32f4xx_hal_rcc.c.obj
 .comment       0x00000049       0x4a CMakeFiles/cubemxstudy.elf.dir/Drivers/STM32F4xx_HAL_Driver/Src/stm32f4xx_hal_uart.c.obj
 .comment       0x00000049       0x4a CMakeFiles/cubemxstudy.elf.dir/Src/main.c.obj
 .comment       0x00000049       0x4a CMakeFiles/cubemxstudy.elf.dir/Src/stm32f4xx_hal_msp.c.obj
 .comment       0x00000049       0x4a CMakeFiles/cubemxstudy.elf.dir/Src/stm32f4xx_it.c.obj
 .comment       0x00000049       0x4a CMakeFiles/cubemxstudy.elf.dir/Src/system_stm32f4xx.c.obj

.debug_frame    0x00000000      0xf5c
 .debug_frame   0x00000000      0x1ec CMakeFiles/cubemxstudy.elf.dir/Drivers/STM32F4xx_HAL_Driver/Src/stm32f4xx_hal.c.obj
 .debug_frame   0x000001ec      0x148 CMakeFiles/cubemxstudy.elf.dir/Drivers/STM32F4xx_HAL_Driver/Src/stm32f4xx_hal_cortex.c.obj
 .debug_frame   0x00000334       0xd8 CMakeFiles/cubemxstudy.elf.dir/Drivers/STM32F4xx_HAL_Driver/Src/stm32f4xx_hal_gpio.c.obj
 .debug_frame   0x0000040c      0x16c CMakeFiles/cubemxstudy.elf.dir/Drivers/STM32F4xx_HAL_Driver/Src/stm32f4xx_hal_rcc.c.obj
 .debug_frame   0x00000578      0x5cc CMakeFiles/cubemxstudy.elf.dir/Drivers/STM32F4xx_HAL_Driver/Src/stm32f4xx_hal_uart.c.obj
 .debug_frame   0x00000b44       0x88 CMakeFiles/cubemxstudy.elf.dir/Src/main.c.obj
 .debug_frame   0x00000bcc       0x60 CMakeFiles/cubemxstudy.elf.dir/Src/stm32f4xx_hal_msp.c.obj
 .debug_frame   0x00000c2c       0xa8 CMakeFiles/cubemxstudy.elf.dir/Src/stm32f4xx_it.c.obj
 .debug_frame   0x00000cd4       0x30 CMakeFiles/cubemxstudy.elf.dir/Src/system_stm32f4xx.c.obj
 .debug_frame   0x00000d04       0x2c c:/progra~1/gcc-arm-none-eabi-10.3-2021.10/bin/../lib/gcc/arm-none-eabi/10.3.1/thumb/v7e-m+fp/hard\libgcc.a(_aeabi_uldivmod.o)
 .debug_frame   0x00000d30       0x34 c:/progra~1/gcc-arm-none-eabi-10.3-2021.10/bin/../lib/gcc/arm-none-eabi/10.3.1/thumb/v7e-m+fp/hard\libgcc.a(_udivmoddi4.o)
 .debug_frame   0x00000d64       0x2c c:/progra~1/gcc-arm-none-eabi-10.3-2021.10/bin/../lib/gcc/arm-none-eabi/10.3.1/../../../../arm-none-eabi/lib/thumb/v7e-m+fp/hard\libg.a(lib_a-init.o)
 .debug_frame   0x00000d90       0x2c c:/progra~1/gcc-arm-none-eabi-10.3-2021.10/bin/../lib/gcc/arm-none-eabi/10.3.1/../../../../arm-none-eabi/lib/thumb/v7e-m+fp/hard\libg.a(lib_a-memset.o)
 .debug_frame   0x00000dbc       0x68 c:/progra~1/gcc-arm-none-eabi-10.3-2021.10/bin/../lib/gcc/arm-none-eabi/10.3.1/../../../../arm-none-eabi/lib/thumb/v7e-m+fp/hard\libg.a(lib_a-__call_atexit.o)
 .debug_frame   0x00000e24       0x20 c:/progra~1/gcc-arm-none-eabi-10.3-2021.10/bin/../lib/gcc/arm-none-eabi/10.3.1/../../../../arm-none-eabi/lib/thumb/v7e-m+fp/hard\libg.a(lib_a-atexit.o)
 .debug_frame   0x00000e44       0x34 c:/progra~1/gcc-arm-none-eabi-10.3-2021.10/bin/../lib/gcc/arm-none-eabi/10.3.1/../../../../arm-none-eabi/lib/thumb/v7e-m+fp/hard\libg.a(lib_a-fini.o)
 .debug_frame   0x00000e78       0xb0 c:/progra~1/gcc-arm-none-eabi-10.3-2021.10/bin/../lib/gcc/arm-none-eabi/10.3.1/../../../../arm-none-eabi/lib/thumb/v7e-m+fp/hard\libg.a(lib_a-lock.o)
 .debug_frame   0x00000f28       0x34 c:/progra~1/gcc-arm-none-eabi-10.3-2021.10/bin/../lib/gcc/arm-none-eabi/10.3.1/../../../../arm-none-eabi/lib/thumb/v7e-m+fp/hard\libg.a(lib_a-__atexit.o)
