Archive member included to satisfy reference by file (symbol)

c:/progra~1/gcc-arm-none-eabi-10.3-2021.10/bin/../lib/gcc/arm-none-eabi/10.3.1/thumb/v7e-m+fp/hard\libgcc.a(_aeabi_uldivmod.o)
                              CMakeFiles/cubemxstudy.elf.dir/Drivers/STM32F4xx_HAL_Driver/Src/stm32f4xx_hal_rcc.c.obj (__aeabi_uldivmod)
c:/progra~1/gcc-arm-none-eabi-10.3-2021.10/bin/../lib/gcc/arm-none-eabi/10.3.1/thumb/v7e-m+fp/hard\libgcc.a(_udivmoddi4.o)
                              c:/progra~1/gcc-arm-none-eabi-10.3-2021.10/bin/../lib/gcc/arm-none-eabi/10.3.1/thumb/v7e-m+fp/hard\libgcc.a(_aeabi_uldivmod.o) (__udivmoddi4)
c:/progra~1/gcc-arm-none-eabi-10.3-2021.10/bin/../lib/gcc/arm-none-eabi/10.3.1/thumb/v7e-m+fp/hard\libgcc.a(_dvmd_tls.o)
                              c:/progra~1/gcc-arm-none-eabi-10.3-2021.10/bin/../lib/gcc/arm-none-eabi/10.3.1/thumb/v7e-m+fp/hard\libgcc.a(_aeabi_uldivmod.o) (__aeabi_ldiv0)
c:/progra~1/gcc-arm-none-eabi-10.3-2021.10/bin/../lib/gcc/arm-none-eabi/10.3.1/../../../../arm-none-eabi/lib/thumb/v7e-m+fp/hard\libg.a(lib_a-errno.o)
                              CMakeFiles/cubemxstudy.elf.dir/Src/retarget.c.obj (__errno)
c:/progra~1/gcc-arm-none-eabi-10.3-2021.10/bin/../lib/gcc/arm-none-eabi/10.3.1/../../../../arm-none-eabi/lib/thumb/v7e-m+fp/hard\libg.a(lib_a-exit.o)
                              c:/progra~1/gcc-arm-none-eabi-10.3-2021.10/bin/../lib/gcc/arm-none-eabi/10.3.1/../../../../arm-none-eabi/lib/thumb/v7e-m+fp/hard/crt0.o (exit)
c:/progra~1/gcc-arm-none-eabi-10.3-2021.10/bin/../lib/gcc/arm-none-eabi/10.3.1/../../../../arm-none-eabi/lib/thumb/v7e-m+fp/hard\libg.a(lib_a-impure.o)
                              c:/progra~1/gcc-arm-none-eabi-10.3-2021.10/bin/../lib/gcc/arm-none-eabi/10.3.1/../../../../arm-none-eabi/lib/thumb/v7e-m+fp/hard\libg.a(lib_a-exit.o) (_global_impure_ptr)
c:/progra~1/gcc-arm-none-eabi-10.3-2021.10/bin/../lib/gcc/arm-none-eabi/10.3.1/../../../../arm-none-eabi/lib/thumb/v7e-m+fp/hard\libg.a(lib_a-init.o)
                              c:/progra~1/gcc-arm-none-eabi-10.3-2021.10/bin/../lib/gcc/arm-none-eabi/10.3.1/../../../../arm-none-eabi/lib/thumb/v7e-m+fp/hard/crt0.o (__libc_init_array)
c:/progra~1/gcc-arm-none-eabi-10.3-2021.10/bin/../lib/gcc/arm-none-eabi/10.3.1/../../../../arm-none-eabi/lib/thumb/v7e-m+fp/hard\libg.a(lib_a-memset.o)
                              c:/progra~1/gcc-arm-none-eabi-10.3-2021.10/bin/../lib/gcc/arm-none-eabi/10.3.1/../../../../arm-none-eabi/lib/thumb/v7e-m+fp/hard/crt0.o (memset)
c:/progra~1/gcc-arm-none-eabi-10.3-2021.10/bin/../lib/gcc/arm-none-eabi/10.3.1/../../../../arm-none-eabi/lib/thumb/v7e-m+fp/hard\libg.a(lib_a-setvbuf.o)
                              CMakeFiles/cubemxstudy.elf.dir/Src/retarget.c.obj (setvbuf)
c:/progra~1/gcc-arm-none-eabi-10.3-2021.10/bin/../lib/gcc/arm-none-eabi/10.3.1/../../../../arm-none-eabi/lib/thumb/v7e-m+fp/hard\libg.a(lib_a-__call_atexit.o)
                              c:/progra~1/gcc-arm-none-eabi-10.3-2021.10/bin/../lib/gcc/arm-none-eabi/10.3.1/../../../../arm-none-eabi/lib/thumb/v7e-m+fp/hard\libg.a(lib_a-exit.o) (__call_exitprocs)
c:/progra~1/gcc-arm-none-eabi-10.3-2021.10/bin/../lib/gcc/arm-none-eabi/10.3.1/../../../../arm-none-eabi/lib/thumb/v7e-m+fp/hard\libg.a(lib_a-atexit.o)
                              c:/progra~1/gcc-arm-none-eabi-10.3-2021.10/bin/../lib/gcc/arm-none-eabi/10.3.1/../../../../arm-none-eabi/lib/thumb/v7e-m+fp/hard\libg.a(lib_a-__call_atexit.o) (atexit)
c:/progra~1/gcc-arm-none-eabi-10.3-2021.10/bin/../lib/gcc/arm-none-eabi/10.3.1/../../../../arm-none-eabi/lib/thumb/v7e-m+fp/hard\libg.a(lib_a-fflush.o)
                              c:/progra~1/gcc-arm-none-eabi-10.3-2021.10/bin/../lib/gcc/arm-none-eabi/10.3.1/../../../../arm-none-eabi/lib/thumb/v7e-m+fp/hard\libg.a(lib_a-setvbuf.o) (_fflush_r)
c:/progra~1/gcc-arm-none-eabi-10.3-2021.10/bin/../lib/gcc/arm-none-eabi/10.3.1/../../../../arm-none-eabi/lib/thumb/v7e-m+fp/hard\libg.a(lib_a-findfp.o)
                              c:/progra~1/gcc-arm-none-eabi-10.3-2021.10/bin/../lib/gcc/arm-none-eabi/10.3.1/../../../../arm-none-eabi/lib/thumb/v7e-m+fp/hard\libg.a(lib_a-setvbuf.o) (__sinit)
c:/progra~1/gcc-arm-none-eabi-10.3-2021.10/bin/../lib/gcc/arm-none-eabi/10.3.1/../../../../arm-none-eabi/lib/thumb/v7e-m+fp/hard\libg.a(lib_a-fini.o)
                              c:/progra~1/gcc-arm-none-eabi-10.3-2021.10/bin/../lib/gcc/arm-none-eabi/10.3.1/../../../../arm-none-eabi/lib/thumb/v7e-m+fp/hard\libg.a(lib_a-__call_atexit.o) (__libc_fini_array)
c:/progra~1/gcc-arm-none-eabi-10.3-2021.10/bin/../lib/gcc/arm-none-eabi/10.3.1/../../../../arm-none-eabi/lib/thumb/v7e-m+fp/hard\libg.a(lib_a-freer.o)
                              c:/progra~1/gcc-arm-none-eabi-10.3-2021.10/bin/../lib/gcc/arm-none-eabi/10.3.1/../../../../arm-none-eabi/lib/thumb/v7e-m+fp/hard\libg.a(lib_a-setvbuf.o) (_free_r)
c:/progra~1/gcc-arm-none-eabi-10.3-2021.10/bin/../lib/gcc/arm-none-eabi/10.3.1/../../../../arm-none-eabi/lib/thumb/v7e-m+fp/hard\libg.a(lib_a-fwalk.o)
[...]
Memory Configuration

Name             Origin             Length             Attributes
CCMRAM           0x10000000         0x00010000         xrw
RAM              0x20000000         0x00020000         xrw
FLASH            0x08000000         0x00100000         xr
*default*        0x00000000         0xffffffff

Linker script and memory map

LOAD c:/progra~1/gcc-arm-none-eabi-10.3-2021.10/bin/../lib/gcc/arm-none-eabi/10.3.1/thumb/v7e-m+fp/hard/crti.o
LOAD c:/progra~1/gcc-arm-none-eabi-10.3-2021.10/bin/../lib/gcc/arm-none-eabi/10.3.1/thumb/v7e-m+fp/hard/crtbegin.o
LOAD c:/progra~1/gcc-arm-none-eabi-10.3-2021.10/bin/../lib/gcc/arm-none-eabi/10.3.1/../../../../arm-none-eabi/lib/thumb/v7e-m+fp/hard/crt0.o
LOAD CMakeFiles/cubemxstudy.elf.dir/Drivers/MyDrivers/Src/adc.c.obj
LOAD CMakeFiles/cubemxstudy.elf.dir/Drivers/STM32F4xx_HAL_Driver/Src/stm32f4xx_hal.c.obj
LOAD CMakeFiles/cubemxstudy.elf.dir/Drivers/STM32F4xx_HAL_Driver/Src/stm32f4xx_hal_adc.c.obj
LOAD CMakeFiles/cubemxstudy.elf.dir/Drivers/STM32F4xx_HAL_Driver/Src/stm32f4xx_hal_adc_ex.c.obj
LOAD CMakeFiles/cubemxstudy.elf.dir/Drivers/STM32F4xx_HAL_Driver/Src/stm32f4xx_hal_cortex.c.obj
LOAD CMakeFiles/cubemxstudy.elf.dir/Drivers/STM32F4xx_HAL_Driver/Src/stm32f4xx_hal_dma.c.obj
LOAD CMakeFiles/cubemxstudy.elf.dir/Drivers/STM32F4xx_HAL_Driver/Src/stm32f4xx_hal_dma_ex.c.obj
LOAD CMakeFiles/cubemxstudy.elf.dir/Drivers/STM32F4xx_HAL_Driver/Src/stm32f4xx_hal_exti.c.obj
LOAD CMakeFiles/cubemxstudy.elf.dir/Drivers/STM32F4xx_HAL_Driver/Src/stm32f4xx_hal_flash.c.obj
LOAD CMakeFiles/cubemxstudy.elf.dir/Drivers/STM32F4xx_HAL_Driver/Src/stm32f4xx_hal_flash_ex.c.obj
LOAD CMakeFiles/cubemxstudy.elf.dir/Drivers/STM32F4xx_HAL_Driver/Src/stm32f4xx_hal_flash_ramfunc.c.obj
LOAD CMakeFiles/cubemxstudy.elf.dir/Drivers/STM32F4xx_HAL_Driver/Src/stm32f4xx_hal_gpio.c.obj
LOAD CMakeFiles/cubemxstudy.elf.dir/Drivers/STM32F4xx_HAL_Driver/Src/stm32f4xx_hal_pwr.c.obj
LOAD CMakeFiles/cubemxstudy.elf.dir/Drivers/STM32F4xx_HAL_Driver/Src/stm32f4xx_hal_pwr_ex.c.obj
LOAD CMakeFiles/cubemxstudy.elf.dir/Drivers/STM32F4xx_HAL_Driver/Src/stm32f4xx_hal_rcc.c.obj
LOAD CMakeFiles/cubemxstudy.elf.dir/Drivers/STM32F4xx_HAL_Driver/Src/stm32f4xx_hal_rcc_ex.c.obj
LOAD CMakeFiles/cubemxstudy.elf.dir/Drivers/STM32F4xx_HAL_Driver/Src/stm32f4xx_hal_tim.c.obj
LOAD CMakeFiles/cubemxstudy.elf.dir/Drivers/STM32F4xx_HAL_Driver/Src/stm32f4xx_hal_tim_ex.c.obj
LOAD CMakeFiles/cubemxstudy.elf.dir/Drivers/STM32F4xx_HAL_Driver/Src/stm32f4xx_hal_uart.c.obj
LOAD CMakeFiles/cubemxstudy.elf.dir/Drivers/STM32F4xx_HAL_Driver/Src/stm32f4xx_ll_adc.c.obj
LOAD CMakeFiles/cubemxstudy.elf.dir/Src/main.c.obj
LOAD CMakeFiles/cubemxstudy.elf.dir/Src/retarget.c.obj
LOAD CMakeFiles/cubemxstudy.elf.dir/Src/stm32f4xx_hal_msp.c.obj
LOAD CMakeFiles/cubemxstudy.elf.dir/Src/stm32f4xx_it.c.obj
LOAD CMakeFiles/cubemxstudy.elf.dir/Src/syscalls.c.obj
LOAD CMakeFiles/cubemxstudy.elf.dir/Src/sysmem.c.obj
LOAD CMakeFiles/cubemxstudy.elf.dir/Src/system_stm32f4xx.c.obj
LOAD CMakeFiles/cubemxstudy.elf.dir/Startup/startup_stm32f407zgtx.s.obj
START GROUP
LOAD c:/progra~1/gcc-arm-none-eabi-10.3-2021.10/bin/../lib/gcc/arm-none-eabi/10.3.1/thumb/v7e-m+fp/hard\libgcc.a
LOAD c:/progra~1/gcc-arm-none-eabi-10.3-2021.10/bin/../lib/gcc/arm-none-eabi/10.3.1/../../../../arm-none-eabi/lib/thumb/v7e-m+fp/hard\libg.a
LOAD c:/progra~1/gcc-arm-none-eabi-10.3-2021.10/bin/../lib/gcc/arm-none-eabi/10.3.1/../../../../arm-none-eabi/lib/thumb/v7e-m+fp/hard\libc.a
END GROUP
LOAD c:/progra~1/gcc-arm-none-eabi-10.3-2021.10/bin/../lib/gcc/arm-none-eabi/10.3.1/thumb/v7e-m+fp/hard/crtend.o
LOAD c:/progra~1/gcc-arm-none-eabi-10.3-2021.10/bin/../lib/gcc/arm-none-eabi/10.3.1/thumb/v7e-m+fp/hard/crtn.o
                0x20020000                _estack = (ORIGIN (RAM) + LENGTH (RAM))
                0x00000200                _Min_Heap_Size = 0x200
                0x00000400                _Min_Stack_Size = 0x400

.isr_vector     0x08000000      0x188
                0x08000000                . = ALIGN (0x4)
 *(.isr_vector)
 .isr_vector    0x08000000      0x188 CMakeFiles/cubemxstudy.elf.dir/Startup/startup_stm32f407zgtx.s.obj
                0x08000000                g_pfnVectors
                0x08000188                . = ALIGN (0x4)

.text           0x08000188     0x29b4
                0x08000188                . = ALIGN (0x4)
 *(.text)
 .text          0x08000188       0x40 c:/progra~1/gcc-arm-none-eabi-10.3-2021.10/bin/../lib/gcc/arm-none-eabi/10.3.1/thumb/v7e-m+fp/hard/crtbegin.o
 .text          0x080001c8       0x30 c:/progra~1/gcc-arm-none-eabi-10.3-2021.10/bin/../lib/gcc/arm-none-eabi/10.3.1/thumb/v7e-m+fp/hard\libgcc.a(_aeabi_uldivmod.o)
                0x080001c8                __aeabi_uldivmod
 .text          0x080001f8      0x2d0 c:/progra~1/gcc-arm-none-eabi-10.3-2021.10/bin/../lib/gcc/arm-none-eabi/10.3.1/thumb/v7e-m+fp/hard\libgcc.a(_udivmoddi4.o)
                0x080001f8                __udivmoddi4
 .text          0x080004c8        0x4 c:/progra~1/gcc-arm-none-eabi-10.3-2021.10/bin/../lib/gcc/arm-none-eabi/10.3.1/thumb/v7e-m+fp/hard\libgcc.a(_dvmd_tls.o)
                0x080004c8                __aeabi_idiv0
                0x080004c8                __aeabi_ldiv0
 *(.text*)
 .text.HAL_ADC_MspInit
                0x080004cc       0x50 CMakeFiles/cubemxstudy.elf.dir/Drivers/MyDrivers/Src/adc.c.obj
                0x080004cc                HAL_ADC_MspInit
 .text.HAL_InitTick
                0x0800051c       0x4c CMakeFiles/cubemxstudy.elf.dir/Drivers/STM32F4xx_HAL_Driver/Src/stm32f4xx_hal.c.obj
                0x0800051c                HAL_InitTick
 .text.HAL_Init
                0x08000568       0x34 CMakeFiles/cubemxstudy.elf.dir/Drivers/STM32F4xx_HAL_Driver/Src/stm32f4xx_hal.c.obj
                0x08000568                HAL_Init
 .text.HAL_IncTick
                0x0800059c       0x18 CMakeFiles/cubemxstudy.elf.dir/Drivers/STM32F4xx_HAL_Driver/Src/stm32f4xx_hal.c.obj
                0x0800059c                HAL_IncTick
 .text.HAL_GetTick
                0x080005b4        0xc CMakeFiles/cubemxstudy.elf.dir/Drivers/STM32F4xx_HAL_Driver/Src/stm32f4xx_hal.c.obj
                0x080005b4                HAL_GetTick
 .text.ADC_Init
                0x080005c0      0x134 CMakeFiles/cubemxstudy.elf.dir/Drivers/STM32F4xx_HAL_Driver/Src/stm32f4xx_hal_adc.c.obj
 .text.HAL_ADC_Init
                0x080006f4       0x56 CMakeFiles/cubemxstudy.elf.dir/Drivers/STM32F4xx_HAL_Driver/Src/stm32f4xx_hal_adc.c.obj
                0x080006f4                HAL_ADC_Init
 *fill*         0x0800074a        0x2 
 .text.HAL_ADC_ConfigChannel
                0x0800074c      0x198 CMakeFiles/cubemxstudy.elf.dir/Drivers/STM32F4xx_HAL_Driver/Src/stm32f4xx_hal_adc.c.obj
                0x0800074c                HAL_ADC_ConfigChannel
 .text.HAL_NVIC_SetPriorityGrouping
                0x080008e4       0x24 CMakeFiles/cubemxstudy.elf.dir/Drivers/STM32F4xx_HAL_Driver/Src/stm32f4xx_hal_cortex.c.obj
                0x080008e4                HAL_NVIC_SetPriorityGrouping
 .text.HAL_NVIC_SetPriority
                0x08000908       0x70 CMakeFiles/cubemxstudy.elf.dir/Drivers/STM32F4xx_HAL_Driver/Src/stm32f4xx_hal_cortex.c.obj
                0x08000908                HAL_NVIC_SetPriority
 .text.HAL_SYSTICK_Config
                0x08000978       0x28 CMakeFiles/cubemxstudy.elf.dir/Drivers/STM32F4xx_HAL_Driver/Src/stm32f4xx_hal_cortex.c.obj
                0x08000978                HAL_SYSTICK_Config
 .text.HAL_GPIO_Init
                0x080009a0      0x1e4 CMakeFiles/cubemxstudy.elf.dir/Drivers/STM32F4xx_HAL_Driver/Src/stm32f4xx_hal_gpio.c.obj
                0x080009a0                HAL_GPIO_Init
 .text.HAL_RCC_OscConfig
                0x08000b84      0x3f8 CMakeFiles/cubemxstudy.elf.dir/Drivers/STM32F4xx_HAL_Driver/Src/stm32f4xx_hal_rcc.c.obj
                0x08000b84                HAL_RCC_OscConfig
 .text.HAL_RCC_GetSysClockFreq
                0x08000f7c       0xd4 CMakeFiles/cubemxstudy.elf.dir/Drivers/STM32F4xx_HAL_Driver/Src/stm32f4xx_hal_rcc.c.obj
                0x08000f7c                HAL_RCC_GetSysClockFreq
 .text.HAL_RCC_ClockConfig
                0x08001050      0x160 CMakeFiles/cubemxstudy.elf.dir/Drivers/STM32F4xx_HAL_Driver/Src/stm32f4xx_hal_rcc.c.obj
                0x08001050                HAL_RCC_ClockConfig
 .text.HAL_RCC_GetHCLKFreq
                0x080011b0        0xc CMakeFiles/cubemxstudy.elf.dir/Drivers/STM32F4xx_HAL_Driver/Src/stm32f4xx_hal_rcc.c.obj
                0x080011b0                HAL_RCC_GetHCLKFreq
 .text.HAL_RCC_GetPCLK1Freq
                0x080011bc       0x20 CMakeFiles/cubemxstudy.elf.dir/Drivers/STM32F4xx_HAL_Driver/Src/stm32f4xx_hal_rcc.c.obj
                0x080011bc                HAL_RCC_GetPCLK1Freq
 .text.HAL_RCC_GetPCLK2Freq
                0x080011dc       0x20 CMakeFiles/cubemxstudy.elf.dir/Drivers/STM32F4xx_HAL_Driver/Src/stm32f4xx_hal_rcc.c.obj
                0x080011dc                HAL_RCC_GetPCLK2Freq
 .text.UART_SetConfig
                0x080011fc      0x110 CMakeFiles/cubemxstudy.elf.dir/Drivers/STM32F4xx_HAL_Driver/Src/stm32f4xx_hal_uart.c.obj
 .text.UART_WaitOnFlagUntilTimeout
                0x0800130c       0x88 CMakeFiles/cubemxstudy.elf.dir/Drivers/STM32F4xx_HAL_Driver/Src/stm32f4xx_hal_uart.c.obj
 .text.HAL_UART_Init
                0x08001394       0x5e CMakeFiles/cubemxstudy.elf.dir/Drivers/STM32F4xx_HAL_Driver/Src/stm32f4xx_hal_uart.c.obj
                0x08001394                HAL_UART_Init
 .text.HAL_UART_Transmit
                0x080013f2       0xd8 CMakeFiles/cubemxstudy.elf.dir/Drivers/STM32F4xx_HAL_Driver/Src/stm32f4xx_hal_uart.c.obj
                0x080013f2                HAL_UART_Transmit
 .text.HAL_UART_Receive
                0x080014ca       0xe4 CMakeFiles/cubemxstudy.elf.dir/Drivers/STM32F4xx_HAL_Driver/Src/stm32f4xx_hal_uart.c.obj
                0x080014ca                HAL_UART_Receive
 *fill*         0x080015ae        0x2 
 .text.MX_GPIO_Init
                0x080015b0       0x4c CMakeFiles/cubemxstudy.elf.dir/Src/main.c.obj
 .text.Error_Handler
                0x080015fc        0x4 CMakeFiles/cubemxstudy.elf.dir/Src/main.c.obj
                0x080015fc                Error_Handler
 .text.MX_USART1_UART_Init
                0x08001600       0x34 CMakeFiles/cubemxstudy.elf.dir/Src/main.c.obj
 .text.MX_ADC1_Init
                0x08001634       0x6c CMakeFiles/cubemxstudy.elf.dir/Src/main.c.obj
 .text.SystemClock_Config
                0x080016a0       0xac CMakeFiles/cubemxstudy.elf.dir/Src/main.c.obj
                0x080016a0                SystemClock_Config
 .text.main     0x0800174c       0x24 CMakeFiles/cubemxstudy.elf.dir/Src/main.c.obj
                0x0800174c                main
 .text.RetargetInit
                0x08001770       0x20 CMakeFiles/cubemxstudy.elf.dir/Src/retarget.c.obj
                0x08001770                RetargetInit
 .text._write   0x08001790       0x34 CMakeFiles/cubemxstudy.elf.dir/Src/retarget.c.obj
                0x08001790                _write
 .text._close   0x080017c4       0x18 CMakeFiles/cubemxstudy.elf.dir/Src/retarget.c.obj
                0x080017c4                _close
 .text._lseek   0x080017dc       0x10 CMakeFiles/cubemxstudy.elf.dir/Src/retarget.c.obj
                0x080017dc                _lseek
 .text._read    0x080017ec       0x30 CMakeFiles/cubemxstudy.elf.dir/Src/retarget.c.obj
                0x080017ec                _read
 .text._fstat   0x0800181c       0x1a CMakeFiles/cubemxstudy.elf.dir/Src/retarget.c.obj
                0x0800181c                _fstat
 *fill*         0x08001836        0x2 
 .text.HAL_MspInit
                0x08001838       0x38 CMakeFiles/cubemxstudy.elf.dir/Src/stm32f4xx_hal_msp.c.obj
                0x08001838                HAL_MspInit
 .text.HAL_UART_MspInit
                0x08001870       0x74 CMakeFiles/cubemxstudy.elf.dir/Src/stm32f4xx_hal_msp.c.obj
                0x08001870                HAL_UART_MspInit
 .text.NMI_Handler
                0x080018e4        0x2 CMakeFiles/cubemxstudy.elf.dir/Src/stm32f4xx_it.c.obj
                0x080018e4                NMI_Handler
 .text.HardFault_Handler
                0x080018e6        0x2 CMakeFiles/cubemxstudy.elf.dir/Src/stm32f4xx_it.c.obj
                0x080018e6                HardFault_Handler
 .text.MemManage_Handler
                0x080018e8        0x2 CMakeFiles/cubemxstudy.elf.dir/Src/stm32f4xx_it.c.obj
                0x080018e8                MemManage_Handler
 .text.BusFault_Handler
                0x080018ea        0x2 CMakeFiles/cubemxstudy.elf.dir/Src/stm32f4xx_it.c.obj
                0x080018ea                BusFault_Handler
 .text.UsageFault_Handler
                0x080018ec        0x2 CMakeFiles/cubemxstudy.elf.dir/Src/stm32f4xx_it.c.obj
                0x080018ec                UsageFault_Handler
 .text.SVC_Handler
                0x080018ee        0x2 CMakeFiles/cubemxstudy.elf.dir/Src/stm32f4xx_it.c.obj
                0x080018ee                SVC_Handler
 .text.DebugMon_Handler
                0x080018f0        0x2 CMakeFiles/cubemxstudy.elf.dir/Src/stm32f4xx_it.c.obj
                0x080018f0                DebugMon_Handler
 .text.PendSV_Handler
                0x080018f2        0x2 CMakeFiles/cubemxstudy.elf.dir/Src/stm32f4xx_it.c.obj
                0x080018f2                PendSV_Handler
 .text.SysTick_Handler
                0x080018f4        0x8 CMakeFiles/cubemxstudy.elf.dir/Src/stm32f4xx_it.c.obj
                0x080018f4                SysTick_Handler
 .text._sbrk    0x080018fc       0x48 CMakeFiles/cubemxstudy.elf.dir/Src/sysmem.c.obj
                0x080018fc                _sbrk
 .text.SystemInit
                0x08001944       0x14 CMakeFiles/cubemxstudy.elf.dir/Src/system_stm32f4xx.c.obj
                0x08001944                SystemInit
 .text.Reset_Handler
                0x08001958       0x50 CMakeFiles/cubemxstudy.elf.dir/Startup/startup_stm32f407zgtx.s.obj
                0x08001958                Reset_Handler
 .text.Default_Handler
                0x080019a8        0x2 CMakeFiles/cubemxstudy.elf.dir/Startup/startup_stm32f407zgtx.s.obj
                0x080019a8                RTC_Alarm_IRQHandler
                0x080019a8                HASH_RNG_IRQHandler
                0x080019a8                EXTI2_IRQHandler
                0x080019a8                TIM8_CC_IRQHandler
                0x080019a8                TIM1_CC_IRQHandler
                0x080019a8                DMA2_Stream5_IRQHandler
                0x080019a8                DMA1_Stream5_IRQHandler
                0x080019a8                PVD_IRQHandler
                0x080019a8                SDIO_IRQHandler
                0x080019a8                TAMP_STAMP_IRQHandler
                0x080019a8                CAN2_RX1_IRQHandler
                0x080019a8                EXTI3_IRQHandler
                0x080019a8                TIM8_TRG_COM_TIM14_IRQHandler
                0x080019a8                TIM1_UP_TIM10_IRQHandler
                0x080019a8                TIM8_UP_TIM13_IRQHandler
                0x080019a8                I2C3_ER_IRQHandler
                0x080019a8                EXTI0_IRQHandler
                0x080019a8                I2C2_EV_IRQHandler
                0x080019a8                DMA1_Stream2_IRQHandler
                0x080019a8                CAN1_RX0_IRQHandler
                0x080019a8                FPU_IRQHandler
                0x080019a8                OTG_HS_WKUP_IRQHandler
                0x080019a8                CAN2_SCE_IRQHandler
                0x080019a8                DMA2_Stream2_IRQHandler
                0x080019a8                SPI1_IRQHandler
                0x080019a8                TIM6_DAC_IRQHandler
                0x080019a8                TIM1_BRK_TIM9_IRQHandler
                0x080019a8                DCMI_IRQHandler
                0x080019a8                CAN2_RX0_IRQHandler
                0x080019a8                DMA2_Stream3_IRQHandler
                0x080019a8                USART6_IRQHandler
                0x080019a8                USART3_IRQHandler
                0x080019a8                CAN1_RX1_IRQHandler
                0x080019a8                UART5_IRQHandler
                0x080019a8                DMA2_Stream0_IRQHandler
                0x080019a8                TIM4_IRQHandler
                0x080019a8                I2C1_EV_IRQHandler
                0x080019a8                DMA1_Stream6_IRQHandler
                0x080019a8                DMA1_Stream1_IRQHandler
                0x080019a8                UART4_IRQHandler
                0x080019a8                TIM3_IRQHandler
                0x080019a8                RCC_IRQHandler
                0x080019a8                TIM8_BRK_TIM12_IRQHandler
                0x080019a8                Default_Handler
                0x080019a8                EXTI15_10_IRQHandler
                0x080019a8                ADC_IRQHandler
                0x080019a8                DMA1_Stream7_IRQHandler
                0x080019a8                TIM7_IRQHandler
                0x080019a8                CAN2_TX_IRQHandler
                0x080019a8                TIM5_IRQHandler
                0x080019a8                DMA2_Stream7_IRQHandler
                0x080019a8                I2C3_EV_IRQHandler
                0x080019a8                EXTI9_5_IRQHandler
                0x080019a8                RTC_WKUP_IRQHandler
                0x080019a8                ETH_WKUP_IRQHandler
                0x080019a8                SPI2_IRQHandler
                0x080019a8                OTG_HS_EP1_IN_IRQHandler
                0x080019a8                DMA1_Stream0_IRQHandler
                0x080019a8                CAN1_TX_IRQHandler
                0x080019a8                EXTI4_IRQHandler
                0x080019a8                FSMC_IRQHandler
                0x080019a8                ETH_IRQHandler
                0x080019a8                OTG_HS_EP1_OUT_IRQHandler
                0x080019a8                WWDG_IRQHandler
                0x080019a8                TIM2_IRQHandler
                0x080019a8                OTG_FS_WKUP_IRQHandler
                0x080019a8                TIM1_TRG_COM_TIM11_IRQHandler
                0x080019a8                OTG_HS_IRQHandler
                0x080019a8                EXTI1_IRQHandler
                0x080019a8                USART2_IRQHandler
                0x080019a8                I2C2_ER_IRQHandler
                0x080019a8                DMA2_Stream1_IRQHandler
                0x080019a8                CAN1_SCE_IRQHandler
                0x080019a8                FLASH_IRQHandler
                0x080019a8                DMA2_Stream4_IRQHandler
                0x080019a8                USART1_IRQHandler
                0x080019a8                OTG_FS_IRQHandler
                0x080019a8                SPI3_IRQHandler
                0x080019a8                DMA1_Stream4_IRQHandler
                0x080019a8                I2C1_ER_IRQHandler
                0x080019a8                DMA2_Stream6_IRQHandler
                0x080019a8                DMA1_Stream3_IRQHandler
 *fill*         0x080019aa        0x2 
 .text.__errno  0x080019ac        0xc c:/progra~1/gcc-arm-none-eabi-10.3-2021.10/bin/../lib/gcc/arm-none-eabi/10.3.1/../../../../arm-none-eabi/lib/thumb/v7e-m+fp/hard\libg.a(lib_a-errno.o)
                0x080019ac                __errno
 .text.__libc_init_array
                0x080019b8       0x48 c:/progra~1/gcc-arm-none-eabi-10.3-2021.10/bin/../lib/gcc/arm-none-eabi/10.3.1/../../../../arm-none-eabi/lib/thumb/v7e-m+fp/hard\libg.a(lib_a-init.o)
                0x080019b8                __libc_init_array
 .text.memset   0x08001a00       0xa4 c:/progra~1/gcc-arm-none-eabi-10.3-2021.10/bin/../lib/gcc/arm-none-eabi/10.3.1/../../../../arm-none-eabi/lib/thumb/v7e-m+fp/hard\libg.a(lib_a-memset.o)
                0x08001a00                memset
 .text.setvbuf  0x08001aa4      0x1b0 c:/progra~1/gcc-arm-none-eabi-10.3-2021.10/bin/../lib/gcc/arm-none-eabi/10.3.1/../../../../arm-none-eabi/lib/thumb/v7e-m+fp/hard\libg.a(lib_a-setvbuf.o)
                0x08001aa4                setvbuf
 .text.startup.register_fini
                0x08001c54       0x14 c:/progra~1/gcc-arm-none-eabi-10.3-2021.10/bin/../lib/gcc/arm-none-eabi/10.3.1/../../../../arm-none-eabi/lib/thumb/v7e-m+fp/hard\libg.a(lib_a-__call_atexit.o)
 .text.atexit   0x08001c68        0xc c:/progra~1/gcc-arm-none-eabi-10.3-2021.10/bin/../lib/gcc/arm-none-eabi/10.3.1/../../../../arm-none-eabi/lib/thumb/v7e-m+fp/hard\libg.a(lib_a-atexit.o)
                0x08001c68                atexit
 .text.__sflush_r
                0x08001c74      0x130 c:/progra~1/gcc-arm-none-eabi-10.3-2021.10/bin/../lib/gcc/arm-none-eabi/10.3.1/../../../../arm-none-eabi/lib/thumb/v7e-m+fp/hard\libg.a(lib_a-fflush.o)
                0x08001c74                __sflush_r
 .text._fflush_r
                0x08001da4       0x5c c:/progra~1/gcc-arm-none-eabi-10.3-2021.10/bin/../lib/gcc/arm-none-eabi/10.3.1/../../../../arm-none-eabi/lib/thumb/v7e-m+fp/hard\libg.a(lib_a-fflush.o)
                0x08001da4                _fflush_r
 .text._cleanup_r
                0x08001e00        0xc c:/progra~1/gcc-arm-none-eabi-10.3-2021.10/bin/../lib/gcc/arm-none-eabi/10.3.1/../../../../arm-none-eabi/lib/thumb/v7e-m+fp/hard\libg.a(lib_a-findfp.o)
                0x08001e00                _cleanup_r
 .text.__sinit  0x08001e0c      0x10c c:/progra~1/gcc-arm-none-eabi-10.3-2021.10/bin/../lib/gcc/arm-none-eabi/10.3.1/../../../../arm-none-eabi/lib/thumb/v7e-m+fp/hard\libg.a(lib_a-findfp.o)
                0x08001e0c                __sinit
 .text.__sfp_lock_acquire
                0x08001f18        0xc c:/progra~1/gcc-arm-none-eabi-10.3-2021.10/bin/../lib/gcc/arm-none-eabi/10.3.1/../../../../arm-none-eabi/lib/thumb/v7e-m+fp/hard\libg.a(lib_a-findfp.o)
                0x08001f18                __sfp_lock_acquire
 .text.__sfp_lock_release
                0x08001f24        0xc c:/progra~1/gcc-arm-none-eabi-10.3-2021.10/bin/../lib/gcc/arm-none-eabi/10.3.1/../../../../arm-none-eabi/lib/thumb/v7e-m+fp/hard\libg.a(lib_a-findfp.o)
                0x08001f24                __sfp_lock_release
 .text.__libc_fini_array
                0x08001f30       0x2c c:/progra~1/gcc-arm-none-eabi-10.3-2021.10/bin/../lib/gcc/arm-none-eabi/10.3.1/../../../../arm-none-eabi/lib/thumb/v7e-m+fp/hard\libg.a(lib_a-fini.o)
                0x08001f30                __libc_fini_array
 .text._malloc_trim_r
                0x08001f5c       0xa0 c:/progra~1/gcc-arm-none-eabi-10.3-2021.10/bin/../lib/gcc/arm-none-eabi/10.3.1/../../../../arm-none-eabi/lib/thumb/v7e-m+fp/hard\libg.a(lib_a-freer.o)
                0x08001f5c                _malloc_trim_r
 .text._free_r  0x08001ffc      0x20c c:/progra~1/gcc-arm-none-eabi-10.3-2021.10/bin/../lib/gcc/arm-none-eabi/10.3.1/../../../../arm-none-eabi/lib/thumb/v7e-m+fp/hard\libg.a(lib_a-freer.o)
                0x08001ffc                _free_r
 .text._fwalk_reent
                0x08002208       0x48 c:/progra~1/gcc-arm-none-eabi-10.3-2021.10/bin/../lib/gcc/arm-none-eabi/10.3.1/../../../../arm-none-eabi/lib/thumb/v7e-m+fp/hard\libg.a(lib_a-fwalk.o)
                0x08002208                _fwalk_reent
 .text.__retarget_lock_init_recursive
                0x08002250        0x4 c:/progra~1/gcc-arm-none-eabi-10.3-2021.10/bin/../lib/gcc/arm-none-eabi/10.3.1/../../../../arm-none-eabi/lib/thumb/v7e-m+fp/hard\libg.a(lib_a-lock.o)
                0x08002250                __retarget_lock_init_recursive
 .text.__retarget_lock_close_recursive
                0x08002254        0x4 c:/progra~1/gcc-arm-none-eabi-10.3-2021.10/bin/../lib/gcc/arm-none-eabi/10.3.1/../../../../arm-none-eabi/lib/thumb/v7e-m+fp/hard\libg.a(lib_a-lock.o)
                0x08002254                __retarget_lock_close_recursive
 .text.__retarget_lock_acquire_recursive
                0x08002258        0x4 c:/progra~1/gcc-arm-none-eabi-10.3-2021.10/bin/../lib/gcc/arm-none-eabi/10.3.1/../../../../arm-none-eabi/lib/thumb/v7e-m+fp/hard\libg.a(lib_a-lock.o)
                0x08002258                __retarget_lock_acquire_recursive
 .text.__retarget_lock_release_recursive
                0x0800225c        0x4 c:/progra~1/gcc-arm-none-eabi-10.3-2021.10/bin/../lib/gcc/arm-none-eabi/10.3.1/../../../../arm-none-eabi/lib/thumb/v7e-m+fp/hard\libg.a(lib_a-lock.o)
                0x0800225c                __retarget_lock_release_recursive
 .text.__swhatbuf_r
                0x08002260       0x60 c:/progra~1/gcc-arm-none-eabi-10.3-2021.10/bin/../lib/gcc/arm-none-eabi/10.3.1/../../../../arm-none-eabi/lib/thumb/v7e-m+fp/hard\libg.a(lib_a-makebuf.o)
                0x08002260                __swhatbuf_r
 .text.malloc   0x080022c0       0x10 c:/progra~1/gcc-arm-none-eabi-10.3-2021.10/bin/../lib/gcc/arm-none-eabi/10.3.1/../../../../arm-none-eabi/lib/thumb/v7e-m+fp/hard\libg.a(lib_a-malloc.o)
                0x080022c0                malloc
 .text._malloc_r
                0x080022d0      0x560 c:/progra~1/gcc-arm-none-eabi-10.3-2021.10/bin/../lib/gcc/arm-none-eabi/10.3.1/../../../../arm-none-eabi/lib/thumb/v7e-m+fp/hard\libg.a(lib_a-mallocr.o)
                0x080022d0                _malloc_r
 .text.__malloc_lock
                0x08002830        0xc c:/progra~1/gcc-arm-none-eabi-10.3-2021.10/bin/../lib/gcc/arm-none-eabi/10.3.1/../../../../arm-none-eabi/lib/thumb/v7e-m+fp/hard\libg.a(lib_a-mlock.o)
                0x08002830                __malloc_lock
 .text.__malloc_unlock
                0x0800283c        0xc c:/progra~1/gcc-arm-none-eabi-10.3-2021.10/bin/../lib/gcc/arm-none-eabi/10.3.1/../../../../arm-none-eabi/lib/thumb/v7e-m+fp/hard\libg.a(lib_a-mlock.o)
                0x0800283c                __malloc_unlock
 .text._sbrk_r  0x08002848       0x24 c:/progra~1/gcc-arm-none-eabi-10.3-2021.10/bin/../lib/gcc/arm-none-eabi/10.3.1/../../../../arm-none-eabi/lib/thumb/v7e-m+fp/hard\libg.a(lib_a-sbrkr.o)
                0x08002848                _sbrk_r
 .text.__sread  0x0800286c       0x24 c:/progra~1/gcc-arm-none-eabi-10.3-2021.10/bin/../lib/gcc/arm-none-eabi/10.3.1/../../../../arm-none-eabi/lib/thumb/v7e-m+fp/hard\libg.a(lib_a-stdio.o)
                0x0800286c                __sread
 .text.__swrite
                0x08002890       0x40 c:/progra~1/gcc-arm-none-eabi-10.3-2021.10/bin/../lib/gcc/arm-none-eabi/10.3.1/../../../../arm-none-eabi/lib/thumb/v7e-m+fp/hard\libg.a(lib_a-stdio.o)
                0x08002890                __swrite
 .text.__sseek  0x080028d0       0x20 c:/progra~1/gcc-arm-none-eabi-10.3-2021.10/bin/../lib/gcc/arm-none-eabi/10.3.1/../../../../arm-none-eabi/lib/thumb/v7e-m+fp/hard\libg.a(lib_a-stdio.o)
                0x080028d0                __sseek
 .text.__sclose
                0x080028f0        0x8 c:/progra~1/gcc-arm-none-eabi-10.3-2021.10/bin/../lib/gcc/arm-none-eabi/10.3.1/../../../../arm-none-eabi/lib/thumb/v7e-m+fp/hard\libg.a(lib_a-stdio.o)
                0x080028f0                __sclose
 .text._write_r
                0x080028f8       0x2c c:/progra~1/gcc-arm-none-eabi-10.3-2021.10/bin/../lib/gcc/arm-none-eabi/10.3.1/../../../../arm-none-eabi/lib/thumb/v7e-m+fp/hard\libg.a(lib_a-writer.o)
                0x080028f8                _write_r
 .text.__register_exitproc
                0x08002924       0x8c c:/progra~1/gcc-arm-none-eabi-10.3-2021.10/bin/../lib/gcc/arm-none-eabi/10.3.1/../../../../arm-none-eabi/lib/thumb/v7e-m+fp/hard\libg.a(lib_a-__atexit.o)
                0x08002924                __register_exitproc
 .text._close_r
                0x080029b0       0x24 c:/progra~1/gcc-arm-none-eabi-10.3-2021.10/bin/../lib/gcc/arm-none-eabi/10.3.1/../../../../arm-none-eabi/lib/thumb/v7e-m+fp/hard\libg.a(lib_a-closer.o)
                0x080029b0                _close_r
 .text._fclose_r
                0x080029d4       0xcc c:/progra~1/gcc-arm-none-eabi-10.3-2021.10/bin/../lib/gcc/arm-none-eabi/10.3.1/../../../../arm-none-eabi/lib/thumb/v7e-m+fp/hard\libg.a(lib_a-fclose.o)
                0x080029d4                _fclose_r
 .text._fstat_r
                0x08002aa0       0x2c c:/progra~1/gcc-arm-none-eabi-10.3-2021.10/bin/../lib/gcc/arm-none-eabi/10.3.1/../../../../arm-none-eabi/lib/thumb/v7e-m+fp/hard\libg.a(lib_a-fstatr.o)
                0x08002aa0                _fstat_r
 .text._lseek_r
                0x08002acc       0x2c c:/progra~1/gcc-arm-none-eabi-10.3-2021.10/bin/../lib/gcc/arm-none-eabi/10.3.1/../../../../arm-none-eabi/lib/thumb/v7e-m+fp/hard\libg.a(lib_a-lseekr.o)
                0x08002acc                _lseek_r
 .text._read_r  0x08002af8       0x2c c:/progra~1/gcc-arm-none-eabi-10.3-2021.10/bin/../lib/gcc/arm-none-eabi/10.3.1/../../../../arm-none-eabi/lib/thumb/v7e-m+fp/hard\libg.a(lib_a-readr.o)
                0x08002af8                _read_r
 *(.glue_7)
 .glue_7        0x08002b24        0x0 linker stubs
 *(.glue_7t)
 .glue_7t       0x08002b24        0x0 linker stubs
 *(.eh_frame)
 .eh_frame      0x08002b24        0x0 c:/progra~1/gcc-arm-none-eabi-10.3-2021.10/bin/../lib/gcc/arm-none-eabi/10.3.1/thumb/v7e-m+fp/hard/crtbegin.o
 *(.init)
 .init          0x08002b24        0x4 c:/progra~1/gcc-arm-none-eabi-10.3-2021.10/bin/../lib/gcc/arm-none-eabi/10.3.1/thumb/v7e-m+fp/hard/crti.o
                0x08002b24                _init
 .init          0x08002b28        0x8 c:/progra~1/gcc-arm-none-eabi-10.3-2021.10/bin/../lib/gcc/arm-none-eabi/10.3.1/thumb/v7e-m+fp/hard/crtn.o
 *(.fini)
 .fini          0x08002b30        0x4 c:/progra~1/gcc-arm-none-eabi-10.3-2021.10/bin/../lib/gcc/arm-none-eabi/10.3.1/thumb/v7e-m+fp/hard/crti.o
                0x08002b30                _fini
 .fini          0x08002b34        0x8 c:/progra~1/gcc-arm-none-eabi-10.3-2021.10/bin/../lib/gcc/arm-none-eabi/10.3.1/thumb/v7e-m+fp/hard/crtn.o
                0x08002b3c                . = ALIGN (0x4)
                0x08002b3c                _etext = .

.vfp11_veneer   0x08002b3c        0x0
 .vfp11_veneer  0x08002b3c        0x0 linker stubs

.v4_bx          0x08002b3c        0x0
 .v4_bx         0x08002b3c        0x0 linker stubs

.iplt           0x08002b3c        0x0
 .iplt          0x08002b3c        0x0 c:/progra~1/gcc-arm-none-eabi-10.3-2021.10/bin/../lib/gcc/arm-none-eabi/10.3.1/thumb/v7e-m+fp/hard/crtbegin.o

.rodata         0x08002b3c       0x1c
                0x08002b3c                . = ALIGN (0x4)
 *(.rodata)
 *(.rodata*)
 .rodata.AHBPrescTable
                0x08002b3c       0x10 CMakeFiles/cubemxstudy.elf.dir/Src/system_stm32f4xx.c.obj
                0x08002b3c                AHBPrescTable
 .rodata.APBPrescTable
                0x08002b4c        0x8 CMakeFiles/cubemxstudy.elf.dir/Src/system_stm32f4xx.c.obj
                0x08002b4c                APBPrescTable
 .rodata._global_impure_ptr
                0x08002b54        0x4 c:/progra~1/gcc-arm-none-eabi-10.3-2021.10/bin/../lib/gcc/arm-none-eabi/10.3.1/../../../../arm-none-eabi/lib/thumb/v7e-m+fp/hard\libg.a(lib_a-impure.o)
                0x08002b54                _global_impure_ptr
                0x08002b58                . = ALIGN (0x4)

.ARM.extab      0x08002b58        0x0
                0x08002b58                . = ALIGN (0x4)
 *(.ARM.extab* .gnu.linkonce.armextab.*)
                0x08002b58                . = ALIGN (0x4)

.ARM            0x08002b58        0x8
                0x08002b58                . = ALIGN (0x4)
                0x08002b58                __exidx_start = .
 *(.ARM.exidx*)
 .ARM.exidx     0x08002b58        0x8 c:/progra~1/gcc-arm-none-eabi-10.3-2021.10/bin/../lib/gcc/arm-none-eabi/10.3.1/thumb/v7e-m+fp/hard\libgcc.a(_udivmoddi4.o)
                0x08002b60                __exidx_end = .
                0x08002b60                . = ALIGN (0x4)

.rel.dyn        0x08002b60        0x0
 .rel.iplt      0x08002b60        0x0 c:/progra~1/gcc-arm-none-eabi-10.3-2021.10/bin/../lib/gcc/arm-none-eabi/10.3.1/thumb/v7e-m+fp/hard/crtbegin.o

.preinit_array  0x08002b60        0x0
                0x08002b60                . = ALIGN (0x4)
                0x08002b60                PROVIDE (__preinit_array_start = .)
 *(.preinit_array*)
                0x08002b60                PROVIDE (__preinit_array_end = .)
                0x08002b60                . = ALIGN (0x4)

.init_array     0x08002b60        0x8
                0x08002b60                . = ALIGN (0x4)
                0x08002b60                PROVIDE (__init_array_start = .)
 *(SORT_BY_NAME(.init_array.*))
 .init_array.00000
                0x08002b60        0x4 c:/progra~1/gcc-arm-none-eabi-10.3-2021.10/bin/../lib/gcc/arm-none-eabi/10.3.1/../../../../arm-none-eabi/lib/thumb/v7e-m+fp/hard\libg.a(lib_a-__call_atexit.o)
 *(.init_array*)
 .init_array    0x08002b64        0x4 c:/progra~1/gcc-arm-none-eabi-10.3-2021.10/bin/../lib/gcc/arm-none-eabi/10.3.1/thumb/v7e-m+fp/hard/crtbegin.o
                0x08002b68                PROVIDE (__init_array_end = .)
                0x08002b68                . = ALIGN (0x4)

.fini_array     0x08002b68        0x4
                0x08002b68                . = ALIGN (0x4)
                0x08002b68                PROVIDE (__fini_array_start = .)
 *(SORT_BY_NAME(.fini_array.*))
 *(.fini_array*)
 .fini_array    0x08002b68        0x4 c:/progra~1/gcc-arm-none-eabi-10.3-2021.10/bin/../lib/gcc/arm-none-eabi/10.3.1/thumb/v7e-m+fp/hard/crtbegin.o
                0x08002b6c                PROVIDE (__fini_array_end = .)
                0x08002b6c                . = ALIGN (0x4)
                0x08002b6c                _sidata = LOADADDR (.data)

.data           0x20000000      0x84c load address 0x08002b6c
                0x20000000                . = ALIGN (0x4)
                0x20000000                _sdata = .
 *(.data)
 *(.data*)
 .data.uwTickFreq
                0x20000000        0x1 CMakeFiles/cubemxstudy.elf.dir/Drivers/STM32F4xx_HAL_Driver/Src/stm32f4xx_hal.c.obj
                0x20000000                uwTickFreq
 *fill*         0x20000001        0x3 
 .data.uwTickPrio
                0x20000004        0x4 CMakeFiles/cubemxstudy.elf.dir/Drivers/STM32F4xx_HAL_Driver/Src/stm32f4xx_hal.c.obj
                0x20000004                uwTickPrio
 .data.SystemCoreClock
                0x20000008        0x4 CMakeFiles/cubemxstudy.elf.dir/Src/system_stm32f4xx.c.obj
                0x20000008                SystemCoreClock
 .data._impure_ptr
                0x2000000c        0x4 c:/progra~1/gcc-arm-none-eabi-10.3-2021.10/bin/../lib/gcc/arm-none-eabi/10.3.1/../../../../arm-none-eabi/lib/thumb/v7e-m+fp/hard\libg.a(lib_a-impure.o)
                0x2000000c                _impure_ptr
 .data.impure_data
                0x20000010      0x428 c:/progra~1/gcc-arm-none-eabi-10.3-2021.10/bin/../lib/gcc/arm-none-eabi/10.3.1/../../../../arm-none-eabi/lib/thumb/v7e-m+fp/hard\libg.a(lib_a-impure.o)
 .data.__atexit_recursive_mutex
                0x20000438        0x4 c:/progra~1/gcc-arm-none-eabi-10.3-2021.10/bin/../lib/gcc/arm-none-eabi/10.3.1/../../../../arm-none-eabi/lib/thumb/v7e-m+fp/hard\libg.a(lib_a-__call_atexit.o)
                0x20000438                __atexit_recursive_mutex
 .data.__malloc_av_
                0x2000043c      0x408 c:/progra~1/gcc-arm-none-eabi-10.3-2021.10/bin/../lib/gcc/arm-none-eabi/10.3.1/../../../../arm-none-eabi/lib/thumb/v7e-m+fp/hard\libg.a(lib_a-mallocr.o)
                0x2000043c                __malloc_av_
 .data.__malloc_sbrk_base
                0x20000844        0x4 c:/progra~1/gcc-arm-none-eabi-10.3-2021.10/bin/../lib/gcc/arm-none-eabi/10.3.1/../../../../arm-none-eabi/lib/thumb/v7e-m+fp/hard\libg.a(lib_a-mallocr.o)
                0x20000844                __malloc_sbrk_base
 .data.__malloc_trim_threshold
                0x20000848        0x4 c:/progra~1/gcc-arm-none-eabi-10.3-2021.10/bin/../lib/gcc/arm-none-eabi/10.3.1/../../../../arm-none-eabi/lib/thumb/v7e-m+fp/hard\libg.a(lib_a-mallocr.o)
                0x20000848                __malloc_trim_threshold
 *(.RamFunc)
 *(.RamFunc*)
                0x2000084c                . = ALIGN (0x4)
                0x2000084c                _edata = .
                0x080033b8                _siccmram = LOADADDR (.ccmram)

.igot.plt       0x2000084c        0x0 load address 0x080033b8
 .igot.plt      0x2000084c        0x0 c:/progra~1/gcc-arm-none-eabi-10.3-2021.10/bin/../lib/gcc/arm-none-eabi/10.3.1/thumb/v7e-m+fp/hard/crtbegin.o

.ccmram         0x10000000        0x0 load address 0x080033b8
                0x10000000                . = ALIGN (0x4)
                0x10000000                _sccmram = .
 *(.ccmram)
 *(.ccmram*)
                0x10000000                . = ALIGN (0x4)
                0x10000000                _eccmram = .
                0x10000000                . = ALIGN (0x4)

.bss            0x2000084c       0xfc
                0x2000084c                _sbss = .
                0x2000084c                __bss_start__ = _sbss
 *(.bss)
 .bss           0x2000084c       0x1c c:/progra~1/gcc-arm-none-eabi-10.3-2021.10/bin/../lib/gcc/arm-none-eabi/10.3.1/thumb/v7e-m+fp/hard/crtbegin.o
 *(.bss*)
 .bss.uwTick    0x20000868        0x4 CMakeFiles/cubemxstudy.elf.dir/Drivers/STM32F4xx_HAL_Driver/Src/stm32f4xx_hal.c.obj
                0x20000868                uwTick
 .bss.hadc1     0x2000086c       0x48 CMakeFiles/cubemxstudy.elf.dir/Src/main.c.obj
                0x2000086c                hadc1
 .bss.huart1    0x200008b4       0x44 CMakeFiles/cubemxstudy.elf.dir/Src/main.c.obj
                0x200008b4                huart1
 .bss.gHuart    0x200008f8        0x4 CMakeFiles/cubemxstudy.elf.dir/Src/retarget.c.obj
                0x200008f8                gHuart
 .bss.__sbrk_heap_end
                0x200008fc        0x4 CMakeFiles/cubemxstudy.elf.dir/Src/sysmem.c.obj
 .bss.__lock___atexit_recursive_mutex
                0x20000900        0x1 c:/progra~1/gcc-arm-none-eabi-10.3-2021.10/bin/../lib/gcc/arm-none-eabi/10.3.1/../../../../arm-none-eabi/lib/thumb/v7e-m+fp/hard\libg.a(lib_a-lock.o)
                0x20000900                __lock___atexit_recursive_mutex
 *fill*         0x20000901        0x3 
 .bss.__lock___malloc_recursive_mutex
                0x20000904        0x1 c:/progra~1/gcc-arm-none-eabi-10.3-2021.10/bin/../lib/gcc/arm-none-eabi/10.3.1/../../../../arm-none-eabi/lib/thumb/v7e-m+fp/hard\libg.a(lib_a-lock.o)
                0x20000904                __lock___malloc_recursive_mutex
 *fill*         0x20000905        0x3 
 .bss.__lock___sfp_recursive_mutex
                0x20000908        0x1 c:/progra~1/gcc-arm-none-eabi-10.3-2021.10/bin/../lib/gcc/arm-none-eabi/10.3.1/../../../../arm-none-eabi/lib/thumb/v7e-m+fp/hard\libg.a(lib_a-lock.o)
                0x20000908                __lock___sfp_recursive_mutex
 *fill*         0x20000909        0x3 
 .bss.__lock___sinit_recursive_mutex
                0x2000090c        0x1 c:/progra~1/gcc-arm-none-eabi-10.3-2021.10/bin/../lib/gcc/arm-none-eabi/10.3.1/../../../../arm-none-eabi/lib/thumb/v7e-m+fp/hard\libg.a(lib_a-lock.o)
                0x2000090c                __lock___sinit_recursive_mutex
 *fill*         0x2000090d        0x3 
 .bss.__malloc_current_mallinfo
                0x20000910       0x28 c:/progra~1/gcc-arm-none-eabi-10.3-2021.10/bin/../lib/gcc/arm-none-eabi/10.3.1/../../../../arm-none-eabi/lib/thumb/v7e-m+fp/hard\libg.a(lib_a-mallocr.o)
                0x20000910                __malloc_current_mallinfo
 .bss.__malloc_max_sbrked_mem
                0x20000938        0x4 c:/progra~1/gcc-arm-none-eabi-10.3-2021.10/bin/../lib/gcc/arm-none-eabi/10.3.1/../../../../arm-none-eabi/lib/thumb/v7e-m+fp/hard\libg.a(lib_a-mallocr.o)
                0x20000938                __malloc_max_sbrked_mem
 .bss.__malloc_max_total_mem
                0x2000093c        0x4 c:/progra~1/gcc-arm-none-eabi-10.3-2021.10/bin/../lib/gcc/arm-none-eabi/10.3.1/../../../../arm-none-eabi/lib/thumb/v7e-m+fp/hard\libg.a(lib_a-mallocr.o)
                0x2000093c                __malloc_max_total_mem
 .bss.__malloc_top_pad
                0x20000940        0x4 c:/progra~1/gcc-arm-none-eabi-10.3-2021.10/bin/../lib/gcc/arm-none-eabi/10.3.1/../../../../arm-none-eabi/lib/thumb/v7e-m+fp/hard\libg.a(lib_a-mallocr.o)
                0x20000940                __malloc_top_pad
 .bss.errno     0x20000944        0x4 c:/progra~1/gcc-arm-none-eabi-10.3-2021.10/bin/../lib/gcc/arm-none-eabi/10.3.1/../../../../arm-none-eabi/lib/thumb/v7e-m+fp/hard\libg.a(lib_a-reent.o)
                0x20000944                errno
 *(COMMON)
                0x20000948                . = ALIGN (0x4)
                0x20000948                _ebss = .
                0x20000948                __bss_end__ = _ebss

._user_heap_stack
                0x20000948      0x600
                0x20000948                . = ALIGN (0x8)
                [!provide]                PROVIDE (end = .)
                0x20000948                PROVIDE (_end = .)
                0x20000b48                . = (. + _Min_Heap_Size)
 *fill*         0x20000948      0x200 
                0x20000f48                . = (. + _Min_Stack_Size)
 *fill*         0x20000b48      0x400 
                0x20000f48                . = ALIGN (0x8)

/DISCARD/
 libc.a(*)
 libm.a(*)
 libgcc.a(*)

.ARM.attributes
                0x00000000       0x30
 *(.ARM.attributes)
 .ARM.attributes
                0x00000000       0x1e c:/progra~1/gcc-arm-none-eabi-10.3-2021.10/bin/../lib/gcc/arm-none-eabi/10.3.1/thumb/v7e-m+fp/hard/crti.o
 .ARM.attributes
                0x0000001e       0x34 c:/progra~1/gcc-arm-none-eabi-10.3-2021.10/bin/../lib/gcc/arm-none-eabi/10.3.1/thumb/v7e-m+fp/hard/crtbegin.o
 .ARM.attributes
                0x00000052       0x34 CMakeFiles/cubemxstudy.elf.dir/Drivers/MyDrivers/Src/adc.c.obj
 .ARM.attributes
                0x00000086       0x34 CMakeFiles/cubemxstudy.elf.dir/Drivers/STM32F4xx_HAL_Driver/Src/stm32f4xx_hal.c.obj
 .ARM.attributes
                0x000000ba       0x34 CMakeFiles/cubemxstudy.elf.dir/Drivers/STM32F4xx_HAL_Driver/Src/stm32f4xx_hal_adc.c.obj
 .ARM.attributes
                0x000000ee       0x34 CMakeFiles/cubemxstudy.elf.dir/Drivers/STM32F4xx_HAL_Driver/Src/stm32f4xx_hal_cortex.c.obj
 .ARM.attributes
                0x00000122       0x34 CMakeFiles/cubemxstudy.elf.dir/Drivers/STM32F4xx_HAL_Driver/Src/stm32f4xx_hal_gpio.c.obj
 .ARM.attributes
                0x00000156       0x34 CMakeFiles/cubemxstudy.elf.dir/Drivers/STM32F4xx_HAL_Driver/Src/stm32f4xx_hal_rcc.c.obj
 .ARM.attributes
                0x0000018a       0x34 CMakeFiles/cubemxstudy.elf.dir/Drivers/STM32F4xx_HAL_Driver/Src/stm32f4xx_hal_uart.c.obj
 .ARM.attributes
                0x000001be       0x34 CMakeFiles/cubemxstudy.elf.dir/Src/main.c.obj
 .ARM.attributes
                0x000001f2       0x34 CMakeFiles/cubemxstudy.elf.dir/Src/retarget.c.obj
 .ARM.attributes
                0x00000226       0x34 CMakeFiles/cubemxstudy.elf.dir/Src/stm32f4xx_hal_msp.c.obj
 .ARM.attributes
                0x0000025a       0x34 CMakeFiles/cubemxstudy.elf.dir/Src/stm32f4xx_it.c.obj
 .ARM.attributes
                0x0000028e       0x34 CMakeFiles/cubemxstudy.elf.dir/Src/sysmem.c.obj
 .ARM.attributes
                0x000002c2       0x34 CMakeFiles/cubemxstudy.elf.dir/Src/system_stm32f4xx.c.obj
 .ARM.attributes
                0x000002f6       0x21 CMakeFiles/cubemxstudy.elf.dir/Startup/startup_stm32f407zgtx.s.obj
 .ARM.attributes
                0x00000317       0x1e c:/progra~1/gcc-arm-none-eabi-10.3-2021.10/bin/../lib/gcc/arm-none-eabi/10.3.1/thumb/v7e-m+fp/hard\libgcc.a(_aeabi_uldivmod.o)
 .ARM.attributes
                0x00000335       0x34 c:/progra~1/gcc-arm-none-eabi-10.3-2021.10/bin/../lib/gcc/arm-none-eabi/10.3.1/thumb/v7e-m+fp/hard\libgcc.a(_udivmoddi4.o)
 .ARM.attributes
                0x00000369       0x1e c:/progra~1/gcc-arm-none-eabi-10.3-2021.10/bin/../lib/gcc/arm-none-eabi/10.3.1/thumb/v7e-m+fp/hard\libgcc.a(_dvmd_tls.o)
 .ARM.attributes
                0x00000387       0x34 c:/progra~1/gcc-arm-none-eabi-10.3-2021.10/bin/../lib/gcc/arm-none-eabi/10.3.1/../../../../arm-none-eabi/lib/thumb/v7e-m+fp/hard\libg.a(lib_a-errno.o)
 .ARM.attributes
                0x000003bb       0x34 c:/progra~1/gcc-arm-none-eabi-10.3-2021.10/bin/../lib/gcc/arm-none-eabi/10.3.1/../../../../arm-none-eabi/lib/thumb/v7e-m+fp/hard\libg.a(lib_a-impure.o)
 .ARM.attributes
                0x000003ef       0x34 c:/progra~1/gcc-arm-none-eabi-10.3-2021.10/bin/../lib/gcc/arm-none-eabi/10.3.1/../../../../arm-none-eabi/lib/thumb/v7e-m+fp/hard\libg.a(lib_a-init.o)
 .ARM.attributes
                0x00000423       0x34 c:/progra~1/gcc-arm-none-eabi-10.3-2021.10/bin/../lib/gcc/arm-none-eabi/10.3.1/../../../../arm-none-eabi/lib/thumb/v7e-m+fp/hard\libg.a(lib_a-memset.o)
 .ARM.attributes
                0x00000457       0x34 c:/progra~1/gcc-arm-none-eabi-10.3-2021.10/bin/../lib/gcc/arm-none-eabi/10.3.1/../../../../arm-none-eabi/lib/thumb/v7e-m+fp/hard\libg.a(lib_a-setvbuf.o)
 .ARM.attributes
                0x0000048b       0x34 c:/progra~1/gcc-arm-none-eabi-10.3-2021.10/bin/../lib/gcc/arm-none-eabi/10.3.1/../../../../arm-none-eabi/lib/thumb/v7e-m+fp/hard\libg.a(lib_a-__call_atexit.o)
 .ARM.attributes
                0x000004bf       0x34 c:/progra~1/gcc-arm-none-eabi-10.3-2021.10/bin/../lib/gcc/arm-none-eabi/10.3.1/../../../../arm-none-eabi/lib/thumb/v7e-m+fp/hard\libg.a(lib_a-atexit.o)
 .ARM.attributes
                0x000004f3       0x34 c:/progra~1/gcc-arm-none-eabi-10.3-2021.10/bin/../lib/gcc/arm-none-eabi/10.3.1/../../../../arm-none-eabi/lib/thumb/v7e-m+fp/hard\libg.a(lib_a-fflush.o)
 .ARM.attributes
                0x00000527       0x34 c:/progra~1/gcc-arm-none-eabi-10.3-2021.10/bin/../lib/gcc/arm-none-eabi/10.3.1/../../../../arm-none-eabi/lib/thumb/v7e-m+fp/hard\libg.a(lib_a-findfp.o)
 .ARM.attributes
                0x0000055b       0x34 c:/progra~1/gcc-arm-none-eabi-10.3-2021.10/bin/../lib/gcc/arm-none-eabi/10.3.1/../../../../arm-none-eabi/lib/thumb/v7e-m+fp/hard\libg.a(lib_a-fini.o)
 .ARM.attributes
                0x0000058f       0x34 c:/progra~1/gcc-arm-none-eabi-10.3-2021.10/bin/../lib/gcc/arm-none-eabi/10.3.1/../../../../arm-none-eabi/lib/thumb/v7e-m+fp/hard\libg.a(lib_a-freer.o)
 .ARM.attributes
                0x000005c3       0x34 c:/progra~1/gcc-arm-none-eabi-10.3-2021.10/bin/../lib/gcc/arm-none-eabi/10.3.1/../../../../arm-none-eabi/lib/thumb/v7e-m+fp/hard\libg.a(lib_a-fwalk.o)
 .ARM.attributes
                0x000005f7       0x34 c:/progra~1/gcc-arm-none-eabi-10.3-2021.10/bin/../lib/gcc/arm-none-eabi/10.3.1/../../../../arm-none-eabi/lib/thumb/v7e-m+fp/hard\libg.a(lib_a-lock.o)
 .ARM.attributes
                0x0000062b       0x34 c:/progra~1/gcc-arm-none-eabi-10.3-2021.10/bin/../lib/gcc/arm-none-eabi/10.3.1/../../../../arm-none-eabi/lib/thumb/v7e-m+fp/hard\libg.a(lib_a-makebuf.o)
 .ARM.attributes
                0x0000065f       0x34 c:/progra~1/gcc-arm-none-eabi-10.3-2021.10/bin/../lib/gcc/arm-none-eabi/10.3.1/../../../../arm-none-eabi/lib/thumb/v7e-m+fp/hard\libg.a(lib_a-malloc.o)
 .ARM.attributes
                0x00000693       0x34 c:/progra~1/gcc-arm-none-eabi-10.3-2021.10/bin/../lib/gcc/arm-none-eabi/10.3.1/../../../../arm-none-eabi/lib/thumb/v7e-m+fp/hard\libg.a(lib_a-mallocr.o)
 .ARM.attributes
                0x000006c7       0x34 c:/progra~1/gcc-arm-none-eabi-10.3-2021.10/bin/../lib/gcc/arm-none-eabi/10.3.1/../../../../arm-none-eabi/lib/thumb/v7e-m+fp/hard\libg.a(lib_a-mlock.o)
 .ARM.attributes
                0x000006fb       0x34 c:/progra~1/gcc-arm-none-eabi-10.3-2021.10/bin/../lib/gcc/arm-none-eabi/10.3.1/../../../../arm-none-eabi/lib/thumb/v7e-m+fp/hard\libg.a(lib_a-sbrkr.o)
 .ARM.attributes
                0x0000072f       0x34 c:/progra~1/gcc-arm-none-eabi-10.3-2021.10/bin/../lib/gcc/arm-none-eabi/10.3.1/../../../../arm-none-eabi/lib/thumb/v7e-m+fp/hard\libg.a(lib_a-stdio.o)
 .ARM.attributes
                0x00000763       0x34 c:/progra~1/gcc-arm-none-eabi-10.3-2021.10/bin/../lib/gcc/arm-none-eabi/10.3.1/../../../../arm-none-eabi/lib/thumb/v7e-m+fp/hard\libg.a(lib_a-writer.o)
 .ARM.attributes
                0x00000797       0x34 c:/progra~1/gcc-arm-none-eabi-10.3-2021.10/bin/../lib/gcc/arm-none-eabi/10.3.1/../../../../arm-none-eabi/lib/thumb/v7e-m+fp/hard\libg.a(lib_a-__atexit.o)
 .ARM.attributes
                0x000007cb       0x34 c:/progra~1/gcc-arm-none-eabi-10.3-2021.10/bin/../lib/gcc/arm-none-eabi/10.3.1/../../../../arm-none-eabi/lib/thumb/v7e-m+fp/hard\libg.a(lib_a-closer.o)
 .ARM.attributes
                0x000007ff       0x34 c:/progra~1/gcc-arm-none-eabi-10.3-2021.10/bin/../lib/gcc/arm-none-eabi/10.3.1/../../../../arm-none-eabi/lib/thumb/v7e-m+fp/hard\libg.a(lib_a-fclose.o)
 .ARM.attributes
                0x00000833       0x34 c:/progra~1/gcc-arm-none-eabi-10.3-2021.10/bin/../lib/gcc/arm-none-eabi/10.3.1/../../../../arm-none-eabi/lib/thumb/v7e-m+fp/hard\libg.a(lib_a-fstatr.o)
 .ARM.attributes
                0x00000867       0x34 c:/progra~1/gcc-arm-none-eabi-10.3-2021.10/bin/../lib/gcc/arm-none-eabi/10.3.1/../../../../arm-none-eabi/lib/thumb/v7e-m+fp/hard\libg.a(lib_a-lseekr.o)
 .ARM.attributes
                0x0000089b       0x34 c:/progra~1/gcc-arm-none-eabi-10.3-2021.10/bin/../lib/gcc/arm-none-eabi/10.3.1/../../../../arm-none-eabi/lib/thumb/v7e-m+fp/hard\libg.a(lib_a-readr.o)
 .ARM.attributes
                0x000008cf       0x34 c:/progra~1/gcc-arm-none-eabi-10.3-2021.10/bin/../lib/gcc/arm-none-eabi/10.3.1/../../../../arm-none-eabi/lib/thumb/v7e-m+fp/hard\libg.a(lib_a-reent.o)
 .ARM.attributes
                0x00000903       0x1e c:/progra~1/gcc-arm-none-eabi-10.3-2021.10/bin/../lib/gcc/arm-none-eabi/10.3.1/thumb/v7e-m+fp/hard/crtn.o
OUTPUT(cubemxstudy.elf elf32-littlearm)
LOAD linker stubs
LOAD c:/progra~1/gcc-arm-none-eabi-10.3-2021.10/bin/../lib/gcc/arm-none-eabi/10.3.1/../../../../arm-none-eabi/lib/thumb/v7e-m+fp/hard\libc.a
LOAD c:/progra~1/gcc-arm-none-eabi-10.3-2021.10/bin/../lib/gcc/arm-none-eabi/10.3.1/../../../../arm-none-eabi/lib/thumb/v7e-m+fp/hard\libm.a
LOAD c:/progra~1/gcc-arm-none-eabi-10.3-2021.10/bin/../lib/gcc/arm-none-eabi/10.3.1/thumb/v7e-m+fp/hard\libgcc.a

.debug_info     0x00000000     0xbff0
 .debug_info    0x00000000      0xb03 CMakeFiles/cubemxstudy.elf.dir/Drivers/MyDrivers/Src/adc.c.obj
 .debug_info    0x00000b03      0x9f0 CMakeFiles/cubemxstudy.elf.dir/Drivers/STM32F4xx_HAL_Driver/Src/stm32f4xx_hal.c.obj
 .debug_info    0x000014f3      0xee1 CMakeFiles/cubemxstudy.elf.dir/Drivers/STM32F4xx_HAL_Driver/Src/stm32f4xx_hal_adc.c.obj
 .debug_info    0x000023d4     0x1098 CMakeFiles/cubemxstudy.elf.dir/Drivers/STM32F4xx_HAL_Driver/Src/stm32f4xx_hal_cortex.c.obj
 .debug_info    0x0000346c      0x7b0 CMakeFiles/cubemxstudy.elf.dir/Drivers/STM32F4xx_HAL_Driver/Src/stm32f4xx_hal_gpio.c.obj
 .debug_info    0x00003c1c      0xb03 CMakeFiles/cubemxstudy.elf.dir/Drivers/STM32F4xx_HAL_Driver/Src/stm32f4xx_hal_rcc.c.obj
 .debug_info    0x0000471f     0x424e CMakeFiles/cubemxstudy.elf.dir/Drivers/STM32F4xx_HAL_Driver/Src/stm32f4xx_hal_uart.c.obj
 .debug_info    0x0000896d      0xe94 CMakeFiles/cubemxstudy.elf.dir/Src/main.c.obj
 .debug_info    0x00009801     0x12ff CMakeFiles/cubemxstudy.elf.dir/Src/retarget.c.obj
 .debug_info    0x0000ab00      0xcde CMakeFiles/cubemxstudy.elf.dir/Src/stm32f4xx_hal_msp.c.obj
 .debug_info    0x0000b7de      0x144 CMakeFiles/cubemxstudy.elf.dir/Src/stm32f4xx_it.c.obj
 .debug_info    0x0000b922      0x174 CMakeFiles/cubemxstudy.elf.dir/Src/sysmem.c.obj
 .debug_info    0x0000ba96      0x538 CMakeFiles/cubemxstudy.elf.dir/Src/system_stm32f4xx.c.obj
 .debug_info    0x0000bfce       0x22 CMakeFiles/cubemxstudy.elf.dir/Startup/startup_stm32f407zgtx.s.obj

.debug_abbrev   0x00000000     0x1a4e
 .debug_abbrev  0x00000000      0x213 CMakeFiles/cubemxstudy.elf.dir/Drivers/MyDrivers/Src/adc.c.obj
 .debug_abbrev  0x00000213      0x206 CMakeFiles/cubemxstudy.elf.dir/Drivers/STM32F4xx_HAL_Driver/Src/stm32f4xx_hal.c.obj
 .debug_abbrev  0x00000419      0x23a CMakeFiles/cubemxstudy.elf.dir/Drivers/STM32F4xx_HAL_Driver/Src/stm32f4xx_hal_adc.c.obj
 .debug_abbrev  0x00000653      0x36a CMakeFiles/cubemxstudy.elf.dir/Drivers/STM32F4xx_HAL_Driver/Src/stm32f4xx_hal_cortex.c.obj
 .debug_abbrev  0x000009bd      0x1ef CMakeFiles/cubemxstudy.elf.dir/Drivers/STM32F4xx_HAL_Driver/Src/stm32f4xx_hal_gpio.c.obj
 .debug_abbrev  0x00000bac      0x28a CMakeFiles/cubemxstudy.elf.dir/Drivers/STM32F4xx_HAL_Driver/Src/stm32f4xx_hal_rcc.c.obj
 .debug_abbrev  0x00000e36      0x2fd CMakeFiles/cubemxstudy.elf.dir/Drivers/STM32F4xx_HAL_Driver/Src/stm32f4xx_hal_uart.c.obj
 .debug_abbrev  0x00001133      0x241 CMakeFiles/cubemxstudy.elf.dir/Src/main.c.obj
 .debug_abbrev  0x00001374      0x2b4 CMakeFiles/cubemxstudy.elf.dir/Src/retarget.c.obj
 .debug_abbrev  0x00001628      0x196 CMakeFiles/cubemxstudy.elf.dir/Src/stm32f4xx_hal_msp.c.obj
 .debug_abbrev  0x000017be       0x7e CMakeFiles/cubemxstudy.elf.dir/Src/stm32f4xx_it.c.obj
 .debug_abbrev  0x0000183c       0xe7 CMakeFiles/cubemxstudy.elf.dir/Src/sysmem.c.obj
 .debug_abbrev  0x00001923      0x119 CMakeFiles/cubemxstudy.elf.dir/Src/system_stm32f4xx.c.obj
 .debug_abbrev  0x00001a3c       0x12 CMakeFiles/cubemxstudy.elf.dir/Startup/startup_stm32f407zgtx.s.obj

.debug_loc      0x00000000     0x6fbc
 .debug_loc     0x00000000       0xf2 CMakeFiles/cubemxstudy.elf.dir/Drivers/MyDrivers/Src/adc.c.obj
 .debug_loc     0x000000f2      0x141 CMakeFiles/cubemxstudy.elf.dir/Drivers/STM32F4xx_HAL_Driver/Src/stm32f4xx_hal.c.obj
 .debug_loc     0x00000233      0xba1 CMakeFiles/cubemxstudy.elf.dir/Drivers/STM32F4xx_HAL_Driver/Src/stm32f4xx_hal_adc.c.obj
 .debug_loc     0x00000dd4      0x744 CMakeFiles/cubemxstudy.elf.dir/Drivers/STM32F4xx_HAL_Driver/Src/stm32f4xx_hal_cortex.c.obj
 .debug_loc     0x00001518      0x520 CMakeFiles/cubemxstudy.elf.dir/Drivers/STM32F4xx_HAL_Driver/Src/stm32f4xx_hal_gpio.c.obj
 .debug_loc     0x00001a38      0x58c CMakeFiles/cubemxstudy.elf.dir/Drivers/STM32F4xx_HAL_Driver/Src/stm32f4xx_hal_rcc.c.obj
 .debug_loc     0x00001fc4     0x49ab CMakeFiles/cubemxstudy.elf.dir/Drivers/STM32F4xx_HAL_Driver/Src/stm32f4xx_hal_uart.c.obj
 .debug_loc     0x0000696f      0x389 CMakeFiles/cubemxstudy.elf.dir/Src/retarget.c.obj
 .debug_loc     0x00006cf8      0x108 CMakeFiles/cubemxstudy.elf.dir/Src/stm32f4xx_hal_msp.c.obj
 .debug_loc     0x00006e00       0x64 CMakeFiles/cubemxstudy.elf.dir/Src/sysmem.c.obj
 .debug_loc     0x00006e64      0x158 CMakeFiles/cubemxstudy.elf.dir/Src/system_stm32f4xx.c.obj

.debug_aranges  0x00000000      0x740
 .debug_aranges
                0x00000000       0x38 CMakeFiles/cubemxstudy.elf.dir/Drivers/MyDrivers/Src/adc.c.obj
 .debug_aranges
                0x00000038       0xf0 CMakeFiles/cubemxstudy.elf.dir/Drivers/STM32F4xx_HAL_Driver/Src/stm32f4xx_hal.c.obj
 .debug_aranges
                0x00000128       0xe8 CMakeFiles/cubemxstudy.elf.dir/Drivers/STM32F4xx_HAL_Driver/Src/stm32f4xx_hal_adc.c.obj
 .debug_aranges
                0x00000210       0xa8 CMakeFiles/cubemxstudy.elf.dir/Drivers/STM32F4xx_HAL_Driver/Src/stm32f4xx_hal_cortex.c.obj
 .debug_aranges
                0x000002b8       0x58 CMakeFiles/cubemxstudy.elf.dir/Drivers/STM32F4xx_HAL_Driver/Src/stm32f4xx_hal_gpio.c.obj
 .debug_aranges
                0x00000310       0x88 CMakeFiles/cubemxstudy.elf.dir/Drivers/STM32F4xx_HAL_Driver/Src/stm32f4xx_hal_rcc.c.obj
 .debug_aranges
                0x00000398      0x200 CMakeFiles/cubemxstudy.elf.dir/Drivers/STM32F4xx_HAL_Driver/Src/stm32f4xx_hal_uart.c.obj
 .debug_aranges
                0x00000598       0x48 CMakeFiles/cubemxstudy.elf.dir/Src/main.c.obj
 .debug_aranges
                0x000005e0       0x50 CMakeFiles/cubemxstudy.elf.dir/Src/retarget.c.obj
 .debug_aranges
                0x00000630       0x40 CMakeFiles/cubemxstudy.elf.dir/Src/stm32f4xx_hal_msp.c.obj
 .debug_aranges
                0x00000670       0x60 CMakeFiles/cubemxstudy.elf.dir/Src/stm32f4xx_it.c.obj
 .debug_aranges
                0x000006d0       0x20 CMakeFiles/cubemxstudy.elf.dir/Src/sysmem.c.obj
 .debug_aranges
                0x000006f0       0x28 CMakeFiles/cubemxstudy.elf.dir/Src/system_stm32f4xx.c.obj
 .debug_aranges
                0x00000718       0x28 CMakeFiles/cubemxstudy.elf.dir/Startup/startup_stm32f407zgtx.s.obj

.debug_ranges   0x00000000      0x6f8
 .debug_ranges  0x00000000       0x28 CMakeFiles/cubemxstudy.elf.dir/Drivers/MyDrivers/Src/adc.c.obj
 .debug_ranges  0x00000028       0xe0 CMakeFiles/cubemxstudy.elf.dir/Drivers/STM32F4xx_HAL_Driver/Src/stm32f4xx_hal.c.obj
 .debug_ranges  0x00000108       0xd8 CMakeFiles/cubemxstudy.elf.dir/Drivers/STM32F4xx_HAL_Driver/Src/stm32f4xx_hal_adc.c.obj
 .debug_ranges  0x000001e0       0xf8 CMakeFiles/cubemxstudy.elf.dir/Drivers/STM32F4xx_HAL_Driver/Src/stm32f4xx_hal_cortex.c.obj
 .debug_ranges  0x000002d8       0x48 CMakeFiles/cubemxstudy.elf.dir/Drivers/STM32F4xx_HAL_Driver/Src/stm32f4xx_hal_gpio.c.obj
 .debug_ranges  0x00000320       0x90 CMakeFiles/cubemxstudy.elf.dir/Drivers/STM32F4xx_HAL_Driver/Src/stm32f4xx_hal_rcc.c.obj
 .debug_ranges  0x000003b0      0x208 CMakeFiles/cubemxstudy.elf.dir/Drivers/STM32F4xx_HAL_Driver/Src/stm32f4xx_hal_uart.c.obj
 .debug_ranges  0x000005b8       0x38 CMakeFiles/cubemxstudy.elf.dir/Src/main.c.obj
 .debug_ranges  0x000005f0       0x40 CMakeFiles/cubemxstudy.elf.dir/Src/retarget.c.obj
 .debug_ranges  0x00000630       0x30 CMakeFiles/cubemxstudy.elf.dir/Src/stm32f4xx_hal_msp.c.obj
 .debug_ranges  0x00000660       0x50 CMakeFiles/cubemxstudy.elf.dir/Src/stm32f4xx_it.c.obj
 .debug_ranges  0x000006b0       0x10 CMakeFiles/cubemxstudy.elf.dir/Src/sysmem.c.obj
 .debug_ranges  0x000006c0       0x18 CMakeFiles/cubemxstudy.elf.dir/Src/system_stm32f4xx.c.obj
 .debug_ranges  0x000006d8       0x20 CMakeFiles/cubemxstudy.elf.dir/Startup/startup_stm32f407zgtx.s.obj

.debug_line     0x00000000     0x8fc2
 .debug_line    0x00000000      0x3aa CMakeFiles/cubemxstudy.elf.dir/Drivers/MyDrivers/Src/adc.c.obj
 .debug_line    0x000003aa      0x5e9 CMakeFiles/cubemxstudy.elf.dir/Drivers/STM32F4xx_HAL_Driver/Src/stm32f4xx_hal.c.obj
 .debug_line    0x00000993     0x1110 CMakeFiles/cubemxstudy.elf.dir/Drivers/STM32F4xx_HAL_Driver/Src/stm32f4xx_hal_adc.c.obj
 .debug_line    0x00001aa3      0x7fc CMakeFiles/cubemxstudy.elf.dir/Drivers/STM32F4xx_HAL_Driver/Src/stm32f4xx_hal_cortex.c.obj
 .debug_line    0x0000229f      0x740 CMakeFiles/cubemxstudy.elf.dir/Drivers/STM32F4xx_HAL_Driver/Src/stm32f4xx_hal_gpio.c.obj
 .debug_line    0x000029df      0xb6f CMakeFiles/cubemxstudy.elf.dir/Drivers/STM32F4xx_HAL_Driver/Src/stm32f4xx_hal_rcc.c.obj
 .debug_line    0x0000354e     0x4672 CMakeFiles/cubemxstudy.elf.dir/Drivers/STM32F4xx_HAL_Driver/Src/stm32f4xx_hal_uart.c.obj
 .debug_line    0x00007bc0      0x540 CMakeFiles/cubemxstudy.elf.dir/Src/main.c.obj
 .debug_line    0x00008100      0x47c CMakeFiles/cubemxstudy.elf.dir/Src/retarget.c.obj
 .debug_line    0x0000857c      0x371 CMakeFiles/cubemxstudy.elf.dir/Src/stm32f4xx_hal_msp.c.obj
 .debug_line    0x000088ed      0x1bc CMakeFiles/cubemxstudy.elf.dir/Src/stm32f4xx_it.c.obj
 .debug_line    0x00008aa9      0x1ca CMakeFiles/cubemxstudy.elf.dir/Src/sysmem.c.obj
 .debug_line    0x00008c73      0x2aa CMakeFiles/cubemxstudy.elf.dir/Src/system_stm32f4xx.c.obj
 .debug_line    0x00008f1d       0xa5 CMakeFiles/cubemxstudy.elf.dir/Startup/startup_stm32f407zgtx.s.obj

.debug_str      0x00000000     0x2d47
 .debug_str     0x00000000      0x7d2 CMakeFiles/cubemxstudy.elf.dir/Drivers/MyDrivers/Src/adc.c.obj
                                0x85d (size before relaxing)
 .debug_str     0x000007d2      0x8c4 CMakeFiles/cubemxstudy.elf.dir/Drivers/STM32F4xx_HAL_Driver/Src/stm32f4xx_hal.c.obj
                                0xba5 (size before relaxing)
 .debug_str     0x00001096      0x2d3 CMakeFiles/cubemxstudy.elf.dir/Drivers/STM32F4xx_HAL_Driver/Src/stm32f4xx_hal_adc.c.obj
                                0x9ad (size before relaxing)
 .debug_str     0x00001369      0x4cd CMakeFiles/cubemxstudy.elf.dir/Drivers/STM32F4xx_HAL_Driver/Src/stm32f4xx_hal_cortex.c.obj
                                0xc77 (size before relaxing)
 .debug_str     0x00001836      0x188 CMakeFiles/cubemxstudy.elf.dir/Drivers/STM32F4xx_HAL_Driver/Src/stm32f4xx_hal_gpio.c.obj
                                0x52b (size before relaxing)
 .debug_str     0x000019be      0x343 CMakeFiles/cubemxstudy.elf.dir/Drivers/STM32F4xx_HAL_Driver/Src/stm32f4xx_hal_rcc.c.obj
                                0x751 (size before relaxing)
 .debug_str     0x00001d01      0x83a CMakeFiles/cubemxstudy.elf.dir/Drivers/STM32F4xx_HAL_Driver/Src/stm32f4xx_hal_uart.c.obj
                                0xda4 (size before relaxing)
 .debug_str     0x0000253b       0xc3 CMakeFiles/cubemxstudy.elf.dir/Src/main.c.obj
                                0xb33 (size before relaxing)
 .debug_str     0x000025fe      0x4f8 CMakeFiles/cubemxstudy.elf.dir/Src/retarget.c.obj
                                0xbdb (size before relaxing)
 .debug_str     0x00002af6       0x3d CMakeFiles/cubemxstudy.elf.dir/Src/stm32f4xx_hal_msp.c.obj
                                0x9b7 (size before relaxing)
 .debug_str     0x00002b33       0xc8 CMakeFiles/cubemxstudy.elf.dir/Src/stm32f4xx_it.c.obj
                                0x287 (size before relaxing)
 .debug_str     0x00002bfb       0x92 CMakeFiles/cubemxstudy.elf.dir/Src/sysmem.c.obj
                                0x26b (size before relaxing)
 .debug_str     0x00002c8d       0x67 CMakeFiles/cubemxstudy.elf.dir/Src/system_stm32f4xx.c.obj
                                0x3bb (size before relaxing)
 .debug_str     0x00002cf4       0x53 CMakeFiles/cubemxstudy.elf.dir/Startup/startup_stm32f407zgtx.s.obj
                                 0x8a (size before relaxing)

.comment        0x00000000       0x49
 .comment       0x00000000       0x49 CMakeFiles/cubemxstudy.elf.dir/Drivers/MyDrivers/Src/adc.c.obj
                                 0x4a (size before relaxing)
 .comment       0x00000049       0x4a CMakeFiles/cubemxstudy.elf.dir/Drivers/STM32F4xx_HAL_Driver/Src/stm32f4xx_hal.c.obj
 .comment       0x00000049       0x4a CMakeFiles/cubemxstudy.elf.dir/Drivers/STM32F4xx_HAL_Driver/Src/stm32f4xx_hal_adc.c.obj
 .comment       0x00000049       0x4a CMakeFiles/cubemxstudy.elf.dir/Drivers/STM32F4xx_HAL_Driver/Src/stm32f4xx_hal_cortex.c.obj
 .comment       0x00000049       0x4a CMakeFiles/cubemxstudy.elf.dir/Drivers/STM32F4xx_HAL_Driver/Src/stm32f4xx_hal_gpio.c.obj
 .comment       0x00000049       0x4a CMakeFiles/cubemxstudy.elf.dir/Drivers/STM32F4xx_HAL_Driver/Src/stm32f4xx_hal_rcc.c.obj
 .comment       0x00000049       0x4a CMakeFiles/cubemxstudy.elf.dir/Drivers/STM32F4xx_HAL_Driver/Src/stm32f4xx_hal_uart.c.obj
 .comment       0x00000049       0x4a CMakeFiles/cubemxstudy.elf.dir/Src/main.c.obj
 .comment       0x00000049       0x4a CMakeFiles/cubemxstudy.elf.dir/Src/retarget.c.obj
 .comment       0x00000049       0x4a CMakeFiles/cubemxstudy.elf.dir/Src/stm32f4xx_hal_msp.c.obj
 .comment       0x00000049       0x4a CMakeFiles/cubemxstudy.elf.dir/Src/stm32f4xx_it.c.obj
 .comment       0x00000049       0x4a CMakeFiles/cubemxstudy.elf.dir/Src/sysmem.c.obj
 .comment       0x00000049       0x4a CMakeFiles/cubemxstudy.elf.dir/Src/system_stm32f4xx.c.obj

.debug_frame    0x00000000     0x19dc
 .debug_frame   0x00000000       0x84 CMakeFiles/cubemxstudy.elf.dir/Drivers/MyDrivers/Src/adc.c.obj
 .debug_frame   0x00000084      0x1ec CMakeFiles/cubemxstudy.elf.dir/Drivers/STM32F4xx_HAL_Driver/Src/stm32f4xx_hal.c.obj
 .debug_frame   0x00000270      0x268 CMakeFiles/cubemxstudy.elf.dir/Drivers/STM32F4xx_HAL_Driver/Src/stm32f4xx_hal_adc.c.obj
 .debug_frame   0x000004d8      0x148 CMakeFiles/cubemxstudy.elf.dir/Drivers/STM32F4xx_HAL_Driver/Src/stm32f4xx_hal_cortex.c.obj
 .debug_frame   0x00000620       0xd8 CMakeFiles/cubemxstudy.elf.dir/Drivers/STM32F4xx_HAL_Driver/Src/stm32f4xx_hal_gpio.c.obj
 .debug_frame   0x000006f8      0x16c CMakeFiles/cubemxstudy.elf.dir/Drivers/STM32F4xx_HAL_Driver/Src/stm32f4xx_hal_rcc.c.obj
 .debug_frame   0x00000864      0x5cc CMakeFiles/cubemxstudy.elf.dir/Drivers/STM32F4xx_HAL_Driver/Src/stm32f4xx_hal_uart.c.obj
 .debug_frame   0x00000e30       0xa8 CMakeFiles/cubemxstudy.elf.dir/Src/main.c.obj
 .debug_frame   0x00000ed8       0xb8 CMakeFiles/cubemxstudy.elf.dir/Src/retarget.c.obj
 .debug_frame   0x00000f90       0x98 CMakeFiles/cubemxstudy.elf.dir/Src/stm32f4xx_hal_msp.c.obj
 .debug_frame   0x00001028       0xa8 CMakeFiles/cubemxstudy.elf.dir/Src/stm32f4xx_it.c.obj
 .debug_frame   0x000010d0       0x28 CMakeFiles/cubemxstudy.elf.dir/Src/sysmem.c.obj
 .debug_frame   0x000010f8       0x30 CMakeFiles/cubemxstudy.elf.dir/Src/system_stm32f4xx.c.obj
 .debug_frame   0x00001128       0x2c c:/progra~1/gcc-arm-none-eabi-10.3-2021.10/bin/../lib/gcc/arm-none-eabi/10.3.1/thumb/v7e-m+fp/hard\libgcc.a(_aeabi_uldivmod.o)
 .debug_frame   0x00001154       0x34 c:/progra~1/gcc-arm-none-eabi-10.3-2021.10/bin/../lib/gcc/arm-none-eabi/10.3.1/thumb/v7e-m+fp/hard\libgcc.a(_udivmoddi4.o)
 .debug_frame   0x00001188       0x20 c:/progra~1/gcc-arm-none-eabi-10.3-2021.10/bin/../lib/gcc/arm-none-eabi/10.3.1/../../../../arm-none-eabi/lib/thumb/v7e-m+fp/hard\libg.a(lib_a-errno.o)
 .debug_frame   0x000011a8       0x2c c:/progra~1/gcc-arm-none-eabi-10.3-2021.10/bin/../lib/gcc/arm-none-eabi/10.3.1/../../../../arm-none-eabi/lib/thumb/v7e-m+fp/hard\libg.a(lib_a-init.o)
 .debug_frame   0x000011d4       0x2c c:/progra~1/gcc-arm-none-eabi-10.3-2021.10/bin/../lib/gcc/arm-none-eabi/10.3.1/../../../../arm-none-eabi/lib/thumb/v7e-m+fp/hard\libg.a(lib_a-memset.o)
 .debug_frame   0x00001200       0x48 c:/progra~1/gcc-arm-none-eabi-10.3-2021.10/bin/../lib/gcc/arm-none-eabi/10.3.1/../../../../arm-none-eabi/lib/thumb/v7e-m+fp/hard\libg.a(lib_a-setvbuf.o)
 .debug_frame   0x00001248       0x68 c:/progra~1/gcc-arm-none-eabi-10.3-2021.10/bin/../lib/gcc/arm-none-eabi/10.3.1/../../../../arm-none-eabi/lib/thumb/v7e-m+fp/hard\libg.a(lib_a-__call_atexit.o)
 .debug_frame   0x000012b0       0x20 c:/progra~1/gcc-arm-none-eabi-10.3-2021.10/bin/../lib/gcc/arm-none-eabi/10.3.1/../../../../arm-none-eabi/lib/thumb/v7e-m+fp/hard\libg.a(lib_a-atexit.o)
 .debug_frame   0x000012d0       0x70 c:/progra~1/gcc-arm-none-eabi-10.3-2021.10/bin/../lib/gcc/arm-none-eabi/10.3.1/../../../../arm-none-eabi/lib/thumb/v7e-m+fp/hard\libg.a(lib_a-fflush.o)
 .debug_frame   0x00001340      0x154 c:/progra~1/gcc-arm-none-eabi-10.3-2021.10/bin/../lib/gcc/arm-none-eabi/10.3.1/../../../../arm-none-eabi/lib/thumb/v7e-m+fp/hard\libg.a(lib_a-findfp.o)
 .debug_frame   0x00001494       0x34 c:/progra~1/gcc-arm-none-eabi-10.3-2021.10/bin/../lib/gcc/arm-none-eabi/10.3.1/../../../../arm-none-eabi/lib/thumb/v7e-m+fp/hard\libg.a(lib_a-fini.o)
 .debug_frame   0x000014c8       0x8c c:/progra~1/gcc-arm-none-eabi-10.3-2021.10/bin/../lib/gcc/arm-none-eabi/10.3.1/../../../../arm-none-eabi/lib/thumb/v7e-m+fp/hard\libg.a(lib_a-freer.o)
 .debug_frame   0x00001554       0x54 c:/progra~1/gcc-arm-none-eabi-10.3-2021.10/bin/../lib/gcc/arm-none-eabi/10.3.1/../../../../arm-none-eabi/lib/thumb/v7e-m+fp/hard\libg.a(lib_a-fwalk.o)
 .debug_frame   0x000015a8       0xb0 c:/progra~1/gcc-arm-none-eabi-10.3-2021.10/bin/../lib/gcc/arm-none-eabi/10.3.1/../../../../arm-none-eabi/lib/thumb/v7e-m+fp/hard\libg.a(lib_a-lock.o)
 .debug_frame   0x00001658       0x70 c:/progra~1/gcc-arm-none-eabi-10.3-2021.10/bin/../lib/gcc/arm-none-eabi/10.3.1/../../../../arm-none-eabi/lib/thumb/v7e-m+fp/hard\libg.a(lib_a-makebuf.o)
 .debug_frame   0x000016c8       0x30 c:/progra~1/gcc-arm-none-eabi-10.3-2021.10/bin/../lib/gcc/arm-none-eabi/10.3.1/../../../../arm-none-eabi/lib/thumb/v7e-m+fp/hard\libg.a(lib_a-malloc.o)
 .debug_frame   0x000016f8       0x4c c:/progra~1/gcc-arm-none-eabi-10.3-2021.10/bin/../lib/gcc/arm-none-eabi/10.3.1/../../../../arm-none-eabi/lib/thumb/v7e-m+fp/hard\libg.a(lib_a-mallocr.o)
 .debug_frame   0x00001744       0x30 c:/progra~1/gcc-arm-none-eabi-10.3-2021.10/bin/../lib/gcc/arm-none-eabi/10.3.1/../../../../arm-none-eabi/lib/thumb/v7e-m+fp/hard\libg.a(lib_a-mlock.o)
 .debug_frame   0x00001774       0x2c c:/progra~1/gcc-arm-none-eabi-10.3-2021.10/bin/../lib/gcc/arm-none-eabi/10.3.1/../../../../arm-none-eabi/lib/thumb/v7e-m+fp/hard\libg.a(lib_a-sbrkr.o)
 .debug_frame   0x000017a0       0x8c c:/progra~1/gcc-arm-none-eabi-10.3-2021.10/bin/../lib/gcc/arm-none-eabi/10.3.1/../../../../arm-none-eabi/lib/thumb/v7e-m+fp/hard\libg.a(lib_a-stdio.o)
 .debug_frame   0x0000182c       0x2c c:/progra~1/gcc-arm-none-eabi-10.3-2021.10/bin/../lib/gcc/arm-none-eabi/10.3.1/../../../../arm-none-eabi/lib/thumb/v7e-m+fp/hard\libg.a(lib_a-writer.o)
 .debug_frame   0x00001858       0x34 c:/progra~1/gcc-arm-none-eabi-10.3-2021.10/bin/../lib/gcc/arm-none-eabi/10.3.1/../../../../arm-none-eabi/lib/thumb/v7e-m+fp/hard\libg.a(lib_a-__atexit.o)
 .debug_frame   0x0000188c       0x2c c:/progra~1/gcc-arm-none-eabi-10.3-2021.10/bin/../lib/gcc/arm-none-eabi/10.3.1/../../../../arm-none-eabi/lib/thumb/v7e-m+fp/hard\libg.a(lib_a-closer.o)
 .debug_frame   0x000018b8       0x3c c:/progra~1/gcc-arm-none-eabi-10.3-2021.10/bin/../lib/gcc/arm-none-eabi/10.3.1/../../../../arm-none-eabi/lib/thumb/v7e-m+fp/hard\libg.a(lib_a-fclose.o)
 .debug_frame   0x000018f4       0x2c c:/progra~1/gcc-arm-none-eabi-10.3-2021.10/bin/../lib/gcc/arm-none-eabi/10.3.1/../../../../arm-none-eabi/lib/thumb/v7e-m+fp/hard\libg.a(lib_a-fstatr.o)
 .debug_frame   0x00001920       0x2c c:/progra~1/gcc-arm-none-eabi-10.3-2021.10/bin/../lib/gcc/arm-none-eabi/10.3.1/../../../../arm-none-eabi/lib/thumb/v7e-m+fp/hard\libg.a(lib_a-lseekr.o)
 .debug_frame   0x0000194c       0x2c c:/progra~1/gcc-arm-none-eabi-10.3-2021.10/bin/../lib/gcc/arm-none-eabi/10.3.1/../../../../arm-none-eabi/lib/thumb/v7e-m+fp/hard\libg.a(lib_a-readr.o)
 .debug_frame   0x00001978       0x64 c:/progra~1/gcc-arm-none-eabi-10.3-2021.10/bin/../lib/gcc/arm-none-eabi/10.3.1/../../../../arm-none-eabi/lib/thumb/v7e-m+fp/hard\libg.a(lib_a-reent.o)
