Archive member included to satisfy reference by file (symbol)

c:/progra~1/gcc-arm-none-eabi-10.3-2021.10/bin/../lib/gcc/arm-none-eabi/10.3.1/thumb/v7e-m+fp/hard\libgcc.a(_arm_muldf3.o)
                              CMakeFiles/cubemxstudy.elf.dir/Drivers/MyDrivers/Src/LMT70.c.obj (__aeabi_dmul)
c:/progra~1/gcc-arm-none-eabi-10.3-2021.10/bin/../lib/gcc/arm-none-eabi/10.3.1/thumb/v7e-m+fp/hard\libgcc.a(_arm_addsubdf3.o)
                              CMakeFiles/cubemxstudy.elf.dir/Drivers/MyDrivers/Src/LMT70.c.obj (__aeabi_dsub)
c:/progra~1/gcc-arm-none-eabi-10.3-2021.10/bin/../lib/gcc/arm-none-eabi/10.3.1/thumb/v7e-m+fp/hard\libgcc.a(_aeabi_uldivmod.o)
                              CMakeFiles/cubemxstudy.elf.dir/Drivers/STM32F4xx_HAL_Driver/Src/stm32f4xx_hal_rcc.c.obj (__aeabi_uldivmod)
c:/progra~1/gcc-arm-none-eabi-10.3-2021.10/bin/../lib/gcc/arm-none-eabi/10.3.1/thumb/v7e-m+fp/hard\libgcc.a(_udivmoddi4.o)
                              c:/progra~1/gcc-arm-none-eabi-10.3-2021.10/bin/../lib/gcc/arm-none-eabi/10.3.1/thumb/v7e-m+fp/hard\libgcc.a(_aeabi_uldivmod.o) (__udivmoddi4)
c:/progra~1/gcc-arm-none-eabi-10.3-2021.10/bin/../lib/gcc/arm-none-eabi/10.3.1/thumb/v7e-m+fp/hard\libgcc.a(_dvmd_tls.o)
                              c:/progra~1/gcc-arm-none-eabi-10.3-2021.10/bin/../lib/gcc/arm-none-eabi/10.3.1/thumb/v7e-m+fp/hard\libgcc.a(_aeabi_uldivmod.o) (__aeabi_ldiv0)
c:/progra~1/gcc-arm-none-eabi-10.3-2021.10/bin/../lib/gcc/arm-none-eabi/10.3.1/../../../../arm-none-eabi/lib/thumb/v7e-m+fp/hard\libg.a(lib_a-errno.o)
                              CMakeFiles/cubemxstudy.elf.dir/Src/retarget.c.obj (__errno)
c:/progra~1/gcc-arm-none-eabi-10.3-2021.10/bin/../lib/gcc/arm-none-eabi/10.3.1/../../../../arm-none-eabi/lib/thumb/v7e-m+fp/hard\libg.a(lib_a-exit.o)
                              c:/progra~1/gcc-arm-none-eabi-10.3-2021.10/bin/../lib/gcc/arm-none-eabi/10.3.1/../../../../arm-none-eabi/lib/thumb/v7e-m+fp/hard/crt0.o (exit)
c:/progra~1/gcc-arm-none-eabi-10.3-2021.10/bin/../lib/gcc/arm-none-eabi/10.3.1/../../../../arm-none-eabi/lib/thumb/v7e-m+fp/hard\libg.a(lib_a-impure.o)
                              c:/progra~1/gcc-arm-none-eabi-10.3-2021.10/bin/../lib/gcc/arm-none-eabi/10.3.1/../../../../arm-none-eabi/lib/thumb/v7e-m+fp/hard\libg.a(lib_a-exit.o) (_global_impure_ptr)
c:/progra~1/gcc-arm-none-eabi-10.3-2021.10/bin/../lib/gcc/arm-none-eabi/10.3.1/../../../../arm-none-eabi/lib/thumb/v7e-m+fp/hard\libg.a(lib_a-init.o)
                              c:/progra~1/gcc-arm-none-eabi-10.3-2021.10/bin/../lib/gcc/arm-none-eabi/10.3.1/../../../../arm-none-eabi/lib/thumb/v7e-m+fp/hard/crt0.o (__libc_init_array)
c:/progra~1/gcc-arm-none-eabi-10.3-2021.10/bin/../lib/gcc/arm-none-eabi/10.3.1/../../../../arm-none-eabi/lib/thumb/v7e-m+fp/hard\libg.a(lib_a-memset.o)
                              c:/progra~1/gcc-arm-none-eabi-10.3-2021.10/bin/../lib/gcc/arm-none-eabi/10.3.1/../../../../arm-none-eabi/lib/thumb/v7e-m+fp/hard/crt0.o (memset)
c:/progra~1/gcc-arm-none-eabi-10.3-2021.10/bin/../lib/gcc/arm-none-eabi/10.3.1/../../../../arm-none-eabi/lib/thumb/v7e-m+fp/hard\libg.a(lib_a-printf.o)
                              CMakeFiles/cubemxstudy.elf.dir/Src/main.c.obj (printf)
c:/progra~1/gcc-arm-none-eabi-10.3-2021.10/bin/../lib/gcc/arm-none-eabi/10.3.1/../../../../arm-none-eabi/lib/thumb/v7e-m+fp/hard\libg.a(lib_a-puts.o)
                              CMakeFiles/cubemxstudy.elf.dir/Src/main.c.obj (puts)
c:/progra~1/gcc-arm-none-eabi-10.3-2021.10/bin/../lib/gcc/arm-none-eabi/10.3.1/../../../../arm-none-eabi/lib/thumb/v7e-m+fp/hard\libg.a(lib_a-setvbuf.o)
                              CMakeFiles/cubemxstudy.elf.dir/Src/retarget.c.obj (setvbuf)
c:/progra~1/gcc-arm-none-eabi-10.3-2021.10/bin/../lib/gcc/arm-none-eabi/10.3.1/../../../../arm-none-eabi/lib/thumb/v7e-m+fp/hard\libg.a(lib_a-strlen.o)
                              c:/progra~1/gcc-arm-none-eabi-10.3-2021.10/bin/../lib/gcc/arm-none-eabi/10.3.1/../../../../arm-none-eabi/lib/thumb/v7e-m+fp/hard\libg.a(lib_a-puts.o) (strlen)
c:/progra~1/gcc-arm-none-eabi-10.3-2021.10/bin/../lib/gcc/arm-none-eabi/10.3.1/../../../../arm-none-eabi/lib/thumb/v7e-m+fp/hard\libg.a(lib_a-vfprintf.o)
                              c:/progra~1/gcc-arm-none-eabi-10.3-2021.10/bin/../lib/gcc/arm-none-eabi/10.3.1/../../../../arm-none-eabi/lib/thumb/v7e-m+fp/hard\libg.a(lib_a-printf.o) (_vfprintf_r)
c:/progra~1/gcc-arm-none-eabi-10.3-2021.10/bin/../lib/gcc/arm-none-eabi/10.3.1/../../../../arm-none-eabi/lib/thumb/v7e-m+fp/hard\libg.a(lib_a-wsetup.o)
                              c:/progra~1/gcc-arm-none-eabi-10.3-2021.10/bin/../lib/gcc/arm-none-eabi/10.3.1/../../../../arm-none-eabi/lib/thumb/v7e-m+fp/hard\libg.a(lib_a-vfprintf.o) (__swsetup_r)
c:/progra~1/gcc-arm-none-eabi-10.3-2021.10/bin/../lib/gcc/arm-none-eabi/10.3.1/../../../../arm-none-eabi/lib/thumb/v7e-m+fp/hard\libg.a(lib_a-__call_atexit.o)
[...]
Memory Configuration

Name             Origin             Length             Attributes
CCMRAM           0x10000000         0x00010000         xrw
RAM              0x20000000         0x00020000         xrw
FLASH            0x08000000         0x00100000         xr
*default*        0x00000000         0xffffffff

Linker script and memory map

LOAD c:/progra~1/gcc-arm-none-eabi-10.3-2021.10/bin/../lib/gcc/arm-none-eabi/10.3.1/thumb/v7e-m+fp/hard/crti.o
LOAD c:/progra~1/gcc-arm-none-eabi-10.3-2021.10/bin/../lib/gcc/arm-none-eabi/10.3.1/thumb/v7e-m+fp/hard/crtbegin.o
LOAD c:/progra~1/gcc-arm-none-eabi-10.3-2021.10/bin/../lib/gcc/arm-none-eabi/10.3.1/../../../../arm-none-eabi/lib/thumb/v7e-m+fp/hard/crt0.o
LOAD CMakeFiles/cubemxstudy.elf.dir/Drivers/MyDrivers/Src/LMT70.c.obj
LOAD CMakeFiles/cubemxstudy.elf.dir/Drivers/MyDrivers/Src/adc.c.obj
LOAD CMakeFiles/cubemxstudy.elf.dir/Drivers/STM32F4xx_HAL_Driver/Src/stm32f4xx_hal.c.obj
LOAD CMakeFiles/cubemxstudy.elf.dir/Drivers/STM32F4xx_HAL_Driver/Src/stm32f4xx_hal_adc.c.obj
LOAD CMakeFiles/cubemxstudy.elf.dir/Drivers/STM32F4xx_HAL_Driver/Src/stm32f4xx_hal_adc_ex.c.obj
LOAD CMakeFiles/cubemxstudy.elf.dir/Drivers/STM32F4xx_HAL_Driver/Src/stm32f4xx_hal_cortex.c.obj
LOAD CMakeFiles/cubemxstudy.elf.dir/Drivers/STM32F4xx_HAL_Driver/Src/stm32f4xx_hal_dma.c.obj
LOAD CMakeFiles/cubemxstudy.elf.dir/Drivers/STM32F4xx_HAL_Driver/Src/stm32f4xx_hal_dma_ex.c.obj
LOAD CMakeFiles/cubemxstudy.elf.dir/Drivers/STM32F4xx_HAL_Driver/Src/stm32f4xx_hal_exti.c.obj
LOAD CMakeFiles/cubemxstudy.elf.dir/Drivers/STM32F4xx_HAL_Driver/Src/stm32f4xx_hal_flash.c.obj
LOAD CMakeFiles/cubemxstudy.elf.dir/Drivers/STM32F4xx_HAL_Driver/Src/stm32f4xx_hal_flash_ex.c.obj
LOAD CMakeFiles/cubemxstudy.elf.dir/Drivers/STM32F4xx_HAL_Driver/Src/stm32f4xx_hal_flash_ramfunc.c.obj
LOAD CMakeFiles/cubemxstudy.elf.dir/Drivers/STM32F4xx_HAL_Driver/Src/stm32f4xx_hal_gpio.c.obj
LOAD CMakeFiles/cubemxstudy.elf.dir/Drivers/STM32F4xx_HAL_Driver/Src/stm32f4xx_hal_pwr.c.obj
LOAD CMakeFiles/cubemxstudy.elf.dir/Drivers/STM32F4xx_HAL_Driver/Src/stm32f4xx_hal_pwr_ex.c.obj
LOAD CMakeFiles/cubemxstudy.elf.dir/Drivers/STM32F4xx_HAL_Driver/Src/stm32f4xx_hal_rcc.c.obj
LOAD CMakeFiles/cubemxstudy.elf.dir/Drivers/STM32F4xx_HAL_Driver/Src/stm32f4xx_hal_rcc_ex.c.obj
LOAD CMakeFiles/cubemxstudy.elf.dir/Drivers/STM32F4xx_HAL_Driver/Src/stm32f4xx_hal_tim.c.obj
LOAD CMakeFiles/cubemxstudy.elf.dir/Drivers/STM32F4xx_HAL_Driver/Src/stm32f4xx_hal_tim_ex.c.obj
LOAD CMakeFiles/cubemxstudy.elf.dir/Drivers/STM32F4xx_HAL_Driver/Src/stm32f4xx_hal_uart.c.obj
LOAD CMakeFiles/cubemxstudy.elf.dir/Drivers/STM32F4xx_HAL_Driver/Src/stm32f4xx_ll_adc.c.obj
LOAD CMakeFiles/cubemxstudy.elf.dir/Src/main.c.obj
LOAD CMakeFiles/cubemxstudy.elf.dir/Src/retarget.c.obj
LOAD CMakeFiles/cubemxstudy.elf.dir/Src/stm32f4xx_hal_msp.c.obj
LOAD CMakeFiles/cubemxstudy.elf.dir/Src/stm32f4xx_it.c.obj
LOAD CMakeFiles/cubemxstudy.elf.dir/Src/syscalls.c.obj
LOAD CMakeFiles/cubemxstudy.elf.dir/Src/sysmem.c.obj
LOAD CMakeFiles/cubemxstudy.elf.dir/Src/system_stm32f4xx.c.obj
LOAD CMakeFiles/cubemxstudy.elf.dir/Startup/startup_stm32f407zgtx.s.obj
START GROUP
LOAD c:/progra~1/gcc-arm-none-eabi-10.3-2021.10/bin/../lib/gcc/arm-none-eabi/10.3.1/thumb/v7e-m+fp/hard\libgcc.a
LOAD c:/progra~1/gcc-arm-none-eabi-10.3-2021.10/bin/../lib/gcc/arm-none-eabi/10.3.1/../../../../arm-none-eabi/lib/thumb/v7e-m+fp/hard\libg.a
LOAD c:/progra~1/gcc-arm-none-eabi-10.3-2021.10/bin/../lib/gcc/arm-none-eabi/10.3.1/../../../../arm-none-eabi/lib/thumb/v7e-m+fp/hard\libc.a
END GROUP
LOAD c:/progra~1/gcc-arm-none-eabi-10.3-2021.10/bin/../lib/gcc/arm-none-eabi/10.3.1/thumb/v7e-m+fp/hard/crtend.o
LOAD c:/progra~1/gcc-arm-none-eabi-10.3-2021.10/bin/../lib/gcc/arm-none-eabi/10.3.1/thumb/v7e-m+fp/hard/crtn.o
                0x20020000                _estack = (ORIGIN (RAM) + LENGTH (RAM))
                0x00000200                _Min_Heap_Size = 0x200
                0x00000400                _Min_Stack_Size = 0x400

.isr_vector     0x08000000      0x188
                0x08000000                . = ALIGN (0x4)
 *(.isr_vector)
 .isr_vector    0x08000000      0x188 CMakeFiles/cubemxstudy.elf.dir/Startup/startup_stm32f407zgtx.s.obj
                0x08000000                g_pfnVectors
                0x08000188                . = ALIGN (0x4)

.text           0x080001c0     0xa084
                0x080001c0                . = ALIGN (0x4)
 *(.text)
 .text          0x080001c0       0x40 c:/progra~1/gcc-arm-none-eabi-10.3-2021.10/bin/../lib/gcc/arm-none-eabi/10.3.1/thumb/v7e-m+fp/hard/crtbegin.o
 .text          0x08000200      0x378 c:/progra~1/gcc-arm-none-eabi-10.3-2021.10/bin/../lib/gcc/arm-none-eabi/10.3.1/thumb/v7e-m+fp/hard\libgcc.a(_arm_addsubdf3.o)
                0x08000200                __aeabi_drsub
                0x08000208                __aeabi_dsub
                0x08000208                __subdf3
                0x0800020c                __aeabi_dadd
                0x0800020c                __adddf3
                0x08000484                __floatunsidf
                0x08000484                __aeabi_ui2d
                0x080004a4                __floatsidf
                0x080004a4                __aeabi_i2d
                0x080004c8                __aeabi_f2d
                0x080004c8                __extendsfdf2
                0x0800050c                __floatundidf
                0x0800050c                __aeabi_ul2d
                0x0800051c                __floatdidf
                0x0800051c                __aeabi_l2d
 .text          0x08000578       0x30 c:/progra~1/gcc-arm-none-eabi-10.3-2021.10/bin/../lib/gcc/arm-none-eabi/10.3.1/thumb/v7e-m+fp/hard\libgcc.a(_aeabi_uldivmod.o)
                0x08000578                __aeabi_uldivmod
 .text          0x080005a8      0x2d0 c:/progra~1/gcc-arm-none-eabi-10.3-2021.10/bin/../lib/gcc/arm-none-eabi/10.3.1/thumb/v7e-m+fp/hard\libgcc.a(_udivmoddi4.o)
                0x080005a8                __udivmoddi4
 .text          0x08000878        0x4 c:/progra~1/gcc-arm-none-eabi-10.3-2021.10/bin/../lib/gcc/arm-none-eabi/10.3.1/thumb/v7e-m+fp/hard\libgcc.a(_dvmd_tls.o)
                0x08000878                __aeabi_idiv0
                0x08000878                __aeabi_ldiv0
 *fill*         0x0800087c        0x4 
 .text          0x08000880       0xdc c:/progra~1/gcc-arm-none-eabi-10.3-2021.10/bin/../lib/gcc/arm-none-eabi/10.3.1/../../../../arm-none-eabi/lib/thumb/v7e-m+fp/hard\libg.a(lib_a-strlen.o)
                0x08000880                strlen
 *fill*         0x0800095c        0x4 
 .text          0x08000960       0xa0 c:/progra~1/gcc-arm-none-eabi-10.3-2021.10/bin/../lib/gcc/arm-none-eabi/10.3.1/../../../../arm-none-eabi/lib/thumb/v7e-m+fp/hard\libg.a(lib_a-memchr.o)
                0x08000960                memchr
 .text          0x08000a00      0x134 c:/progra~1/gcc-arm-none-eabi-10.3-2021.10/bin/../lib/gcc/arm-none-eabi/10.3.1/../../../../arm-none-eabi/lib/thumb/v7e-m+fp/hard\libg.a(lib_a-memcpy.o)
                0x08000a00                memcpy
 .text          0x08000b34      0x424 c:/progra~1/gcc-arm-none-eabi-10.3-2021.10/bin/../lib/gcc/arm-none-eabi/10.3.1/thumb/v7e-m+fp/hard\libgcc.a(_arm_muldivdf3.o)
                0x08000b34                __aeabi_dmul
                0x08000b34                __muldf3
                0x08000d88                __divdf3
                0x08000d88                __aeabi_ddiv
 .text          0x08000f58      0x110 c:/progra~1/gcc-arm-none-eabi-10.3-2021.10/bin/../lib/gcc/arm-none-eabi/10.3.1/thumb/v7e-m+fp/hard\libgcc.a(_arm_cmpdf2.o)
                0x08000f58                __gtdf2
                0x08000f58                __gedf2
                0x08000f60                __ltdf2
                0x08000f60                __ledf2
                0x08000f68                __nedf2
                0x08000f68                __eqdf2
                0x08000f68                __cmpdf2
                0x08000fe4                __aeabi_cdrcmple
                0x08000ff4                __aeabi_cdcmpeq
                0x08000ff4                __aeabi_cdcmple
                0x08001004                __aeabi_dcmpeq
                0x08001018                __aeabi_dcmplt
                0x0800102c                __aeabi_dcmple
                0x08001040                __aeabi_dcmpge
                0x08001054                __aeabi_dcmpgt
 .text          0x08001068       0x2c c:/progra~1/gcc-arm-none-eabi-10.3-2021.10/bin/../lib/gcc/arm-none-eabi/10.3.1/thumb/v7e-m+fp/hard\libgcc.a(_arm_unorddf2.o)
                0x08001068                __unorddf2
                0x08001068                __aeabi_dcmpun
 .text          0x08001094       0x50 c:/progra~1/gcc-arm-none-eabi-10.3-2021.10/bin/../lib/gcc/arm-none-eabi/10.3.1/thumb/v7e-m+fp/hard\libgcc.a(_arm_fixdfsi.o)
                0x08001094                __aeabi_d2iz
                0x08001094                __fixdfsi
 *(.text*)
 *fill*         0x080010e4        0x4 
 .text.ADC2Voltage
                0x080010e8       0x38 CMakeFiles/cubemxstudy.elf.dir/Drivers/MyDrivers/Src/LMT70.c.obj
                0x080010e8                ADC2Voltage
 .text.LMT70Voltage2Temperature
                0x08001120       0xa8 CMakeFiles/cubemxstudy.elf.dir/Drivers/MyDrivers/Src/LMT70.c.obj
                0x08001120                LMT70Voltage2Temperature
 .text.Get_Adc  0x080011c8       0x2c CMakeFiles/cubemxstudy.elf.dir/Drivers/MyDrivers/Src/adc.c.obj
                0x080011c8                Get_Adc
 .text.HAL_InitTick
                0x080011f4       0x4c CMakeFiles/cubemxstudy.elf.dir/Drivers/STM32F4xx_HAL_Driver/Src/stm32f4xx_hal.c.obj
                0x080011f4                HAL_InitTick
 .text.HAL_Init
                0x08001240       0x34 CMakeFiles/cubemxstudy.elf.dir/Drivers/STM32F4xx_HAL_Driver/Src/stm32f4xx_hal.c.obj
                0x08001240                HAL_Init
 .text.HAL_IncTick
                0x08001274       0x18 CMakeFiles/cubemxstudy.elf.dir/Drivers/STM32F4xx_HAL_Driver/Src/stm32f4xx_hal.c.obj
                0x08001274                HAL_IncTick
 .text.HAL_GetTick
                0x0800128c        0xc CMakeFiles/cubemxstudy.elf.dir/Drivers/STM32F4xx_HAL_Driver/Src/stm32f4xx_hal.c.obj
                0x0800128c                HAL_GetTick
 .text.HAL_Delay
                0x08001298       0x28 CMakeFiles/cubemxstudy.elf.dir/Drivers/STM32F4xx_HAL_Driver/Src/stm32f4xx_hal.c.obj
                0x08001298                HAL_Delay
 .text.ADC_Init
                0x080012c0      0x134 CMakeFiles/cubemxstudy.elf.dir/Drivers/STM32F4xx_HAL_Driver/Src/stm32f4xx_hal_adc.c.obj
 .text.HAL_ADC_Init
                0x080013f4       0x56 CMakeFiles/cubemxstudy.elf.dir/Drivers/STM32F4xx_HAL_Driver/Src/stm32f4xx_hal_adc.c.obj
                0x080013f4                HAL_ADC_Init
 *fill*         0x0800144a        0x2 
 .text.HAL_ADC_Start
                0x0800144c      0x144 CMakeFiles/cubemxstudy.elf.dir/Drivers/STM32F4xx_HAL_Driver/Src/stm32f4xx_hal_adc.c.obj
                0x0800144c                HAL_ADC_Start
 .text.HAL_ADC_PollForConversion
                0x08001590       0xb8 CMakeFiles/cubemxstudy.elf.dir/Drivers/STM32F4xx_HAL_Driver/Src/stm32f4xx_hal_adc.c.obj
                0x08001590                HAL_ADC_PollForConversion
 .text.HAL_ADC_GetValue
                0x08001648        0x6 CMakeFiles/cubemxstudy.elf.dir/Drivers/STM32F4xx_HAL_Driver/Src/stm32f4xx_hal_adc.c.obj
                0x08001648                HAL_ADC_GetValue
 *fill*         0x0800164e        0x2 
 .text.HAL_ADC_ConfigChannel
                0x08001650      0x198 CMakeFiles/cubemxstudy.elf.dir/Drivers/STM32F4xx_HAL_Driver/Src/stm32f4xx_hal_adc.c.obj
                0x08001650                HAL_ADC_ConfigChannel
 .text.HAL_ADC_GetState
                0x080017e8        0x4 CMakeFiles/cubemxstudy.elf.dir/Drivers/STM32F4xx_HAL_Driver/Src/stm32f4xx_hal_adc.c.obj
                0x080017e8                HAL_ADC_GetState
 .text.HAL_NVIC_SetPriorityGrouping
                0x080017ec       0x24 CMakeFiles/cubemxstudy.elf.dir/Drivers/STM32F4xx_HAL_Driver/Src/stm32f4xx_hal_cortex.c.obj
                0x080017ec                HAL_NVIC_SetPriorityGrouping
 .text.HAL_NVIC_SetPriority
                0x08001810       0x70 CMakeFiles/cubemxstudy.elf.dir/Drivers/STM32F4xx_HAL_Driver/Src/stm32f4xx_hal_cortex.c.obj
                0x08001810                HAL_NVIC_SetPriority
 .text.HAL_NVIC_EnableIRQ
                0x08001880       0x1c CMakeFiles/cubemxstudy.elf.dir/Drivers/STM32F4xx_HAL_Driver/Src/stm32f4xx_hal_cortex.c.obj
                0x08001880                HAL_NVIC_EnableIRQ
 .text.HAL_SYSTICK_Config
                0x0800189c       0x28 CMakeFiles/cubemxstudy.elf.dir/Drivers/STM32F4xx_HAL_Driver/Src/stm32f4xx_hal_cortex.c.obj
                0x0800189c                HAL_SYSTICK_Config
 .text.HAL_DMA_Abort
                0x080018c4       0x94 CMakeFiles/cubemxstudy.elf.dir/Drivers/STM32F4xx_HAL_Driver/Src/stm32f4xx_hal_dma.c.obj
                0x080018c4                HAL_DMA_Abort
 .text.HAL_DMA_Abort_IT
                0x08001958       0x26 CMakeFiles/cubemxstudy.elf.dir/Drivers/STM32F4xx_HAL_Driver/Src/stm32f4xx_hal_dma.c.obj
                0x08001958                HAL_DMA_Abort_IT
 *fill*         0x0800197e        0x2 
 .text.HAL_GPIO_Init
                0x08001980      0x1e4 CMakeFiles/cubemxstudy.elf.dir/Drivers/STM32F4xx_HAL_Driver/Src/stm32f4xx_hal_gpio.c.obj
                0x08001980                HAL_GPIO_Init
 .text.HAL_RCC_OscConfig
                0x08001b64      0x3f8 CMakeFiles/cubemxstudy.elf.dir/Drivers/STM32F4xx_HAL_Driver/Src/stm32f4xx_hal_rcc.c.obj
                0x08001b64                HAL_RCC_OscConfig
 .text.HAL_RCC_GetSysClockFreq
                0x08001f5c       0xd4 CMakeFiles/cubemxstudy.elf.dir/Drivers/STM32F4xx_HAL_Driver/Src/stm32f4xx_hal_rcc.c.obj
                0x08001f5c                HAL_RCC_GetSysClockFreq
 .text.HAL_RCC_ClockConfig
                0x08002030      0x160 CMakeFiles/cubemxstudy.elf.dir/Drivers/STM32F4xx_HAL_Driver/Src/stm32f4xx_hal_rcc.c.obj
                0x08002030                HAL_RCC_ClockConfig
 .text.HAL_RCC_GetHCLKFreq
                0x08002190        0xc CMakeFiles/cubemxstudy.elf.dir/Drivers/STM32F4xx_HAL_Driver/Src/stm32f4xx_hal_rcc.c.obj
                0x08002190                HAL_RCC_GetHCLKFreq
 .text.HAL_RCC_GetPCLK1Freq
                0x0800219c       0x20 CMakeFiles/cubemxstudy.elf.dir/Drivers/STM32F4xx_HAL_Driver/Src/stm32f4xx_hal_rcc.c.obj
                0x0800219c                HAL_RCC_GetPCLK1Freq
 .text.HAL_RCC_GetPCLK2Freq
                0x080021bc       0x20 CMakeFiles/cubemxstudy.elf.dir/Drivers/STM32F4xx_HAL_Driver/Src/stm32f4xx_hal_rcc.c.obj
                0x080021bc                HAL_RCC_GetPCLK2Freq
 .text.UART_EndRxTransfer
                0x080021dc       0x5c CMakeFiles/cubemxstudy.elf.dir/Drivers/STM32F4xx_HAL_Driver/Src/stm32f4xx_hal_uart.c.obj
 .text.UART_Transmit_IT
                0x08002238       0x60 CMakeFiles/cubemxstudy.elf.dir/Drivers/STM32F4xx_HAL_Driver/Src/stm32f4xx_hal_uart.c.obj
 .text.UART_SetConfig
                0x08002298      0x110 CMakeFiles/cubemxstudy.elf.dir/Drivers/STM32F4xx_HAL_Driver/Src/stm32f4xx_hal_uart.c.obj
 .text.UART_WaitOnFlagUntilTimeout
                0x080023a8       0x88 CMakeFiles/cubemxstudy.elf.dir/Drivers/STM32F4xx_HAL_Driver/Src/stm32f4xx_hal_uart.c.obj
 .text.HAL_UART_Init
                0x08002430       0x5e CMakeFiles/cubemxstudy.elf.dir/Drivers/STM32F4xx_HAL_Driver/Src/stm32f4xx_hal_uart.c.obj
                0x08002430                HAL_UART_Init
 .text.HAL_UART_Transmit
                0x0800248e       0xd8 CMakeFiles/cubemxstudy.elf.dir/Drivers/STM32F4xx_HAL_Driver/Src/stm32f4xx_hal_uart.c.obj
                0x0800248e                HAL_UART_Transmit
 .text.HAL_UART_Receive
                0x08002566       0xe4 CMakeFiles/cubemxstudy.elf.dir/Drivers/STM32F4xx_HAL_Driver/Src/stm32f4xx_hal_uart.c.obj
                0x08002566                HAL_UART_Receive
 .text.HAL_UART_TxCpltCallback
                0x0800264a        0x2 CMakeFiles/cubemxstudy.elf.dir/Drivers/STM32F4xx_HAL_Driver/Src/stm32f4xx_hal_uart.c.obj
                0x0800264a                HAL_UART_TxCpltCallback
 .text.UART_EndTransmit_IT
                0x0800264c       0x1a CMakeFiles/cubemxstudy.elf.dir/Drivers/STM32F4xx_HAL_Driver/Src/stm32f4xx_hal_uart.c.obj
 .text.HAL_UART_RxCpltCallback
                0x08002666        0x2 CMakeFiles/cubemxstudy.elf.dir/Drivers/STM32F4xx_HAL_Driver/Src/stm32f4xx_hal_uart.c.obj
                0x08002666                HAL_UART_RxCpltCallback
 .text.HAL_UART_ErrorCallback
                0x08002668        0x2 CMakeFiles/cubemxstudy.elf.dir/Drivers/STM32F4xx_HAL_Driver/Src/stm32f4xx_hal_uart.c.obj
                0x08002668                HAL_UART_ErrorCallback
 .text.UART_DMAAbortOnError
                0x0800266a       0x10 CMakeFiles/cubemxstudy.elf.dir/Drivers/STM32F4xx_HAL_Driver/Src/stm32f4xx_hal_uart.c.obj
 .text.HAL_UARTEx_RxEventCallback
                0x0800267a        0x2 CMakeFiles/cubemxstudy.elf.dir/Drivers/STM32F4xx_HAL_Driver/Src/stm32f4xx_hal_uart.c.obj
                0x0800267a                HAL_UARTEx_RxEventCallback
 .text.UART_Receive_IT
                0x0800267c       0xe2 CMakeFiles/cubemxstudy.elf.dir/Drivers/STM32F4xx_HAL_Driver/Src/stm32f4xx_hal_uart.c.obj
 *fill*         0x0800275e        0x2 
 .text.HAL_UART_IRQHandler
                0x08002760      0x280 CMakeFiles/cubemxstudy.elf.dir/Drivers/STM32F4xx_HAL_Driver/Src/stm32f4xx_hal_uart.c.obj
                0x08002760                HAL_UART_IRQHandler
 .text.MX_GPIO_Init
                0x080029e0       0x4c CMakeFiles/cubemxstudy.elf.dir/Src/main.c.obj
 .text.Error_Handler
                0x08002a2c        0x4 CMakeFiles/cubemxstudy.elf.dir/Src/main.c.obj
                0x08002a2c                Error_Handler
 .text.MX_USART1_UART_Init
                0x08002a30       0x34 CMakeFiles/cubemxstudy.elf.dir/Src/main.c.obj
 .text.MX_ADC1_Init
                0x08002a64       0x6c CMakeFiles/cubemxstudy.elf.dir/Src/main.c.obj
 .text.SystemClock_Config
                0x08002ad0       0xac CMakeFiles/cubemxstudy.elf.dir/Src/main.c.obj
                0x08002ad0                SystemClock_Config
 .text.main     0x08002b7c       0x7c CMakeFiles/cubemxstudy.elf.dir/Src/main.c.obj
                0x08002b7c                main
 .text.RetargetInit
                0x08002bf8       0x20 CMakeFiles/cubemxstudy.elf.dir/Src/retarget.c.obj
                0x08002bf8                RetargetInit
 .text._isatty  0x08002c18       0x16 CMakeFiles/cubemxstudy.elf.dir/Src/retarget.c.obj
                0x08002c18                _isatty
 *fill*         0x08002c2e        0x2 
 .text._write   0x08002c30       0x34 CMakeFiles/cubemxstudy.elf.dir/Src/retarget.c.obj
                0x08002c30                _write
 .text._close   0x08002c64       0x18 CMakeFiles/cubemxstudy.elf.dir/Src/retarget.c.obj
                0x08002c64                _close
 .text._lseek   0x08002c7c       0x10 CMakeFiles/cubemxstudy.elf.dir/Src/retarget.c.obj
                0x08002c7c                _lseek
 .text._read    0x08002c8c       0x30 CMakeFiles/cubemxstudy.elf.dir/Src/retarget.c.obj
                0x08002c8c                _read
 .text._fstat   0x08002cbc       0x1a CMakeFiles/cubemxstudy.elf.dir/Src/retarget.c.obj
                0x08002cbc                _fstat
 *fill*         0x08002cd6        0x2 
 .text.HAL_MspInit
                0x08002cd8       0x38 CMakeFiles/cubemxstudy.elf.dir/Src/stm32f4xx_hal_msp.c.obj
                0x08002cd8                HAL_MspInit
 .text.HAL_ADC_MspInit
                0x08002d10       0x68 CMakeFiles/cubemxstudy.elf.dir/Src/stm32f4xx_hal_msp.c.obj
                0x08002d10                HAL_ADC_MspInit
 .text.HAL_UART_MspInit
                0x08002d78       0x80 CMakeFiles/cubemxstudy.elf.dir/Src/stm32f4xx_hal_msp.c.obj
                0x08002d78                HAL_UART_MspInit
 .text.NMI_Handler
                0x08002df8        0x2 CMakeFiles/cubemxstudy.elf.dir/Src/stm32f4xx_it.c.obj
                0x08002df8                NMI_Handler
 .text.HardFault_Handler
                0x08002dfa        0x2 CMakeFiles/cubemxstudy.elf.dir/Src/stm32f4xx_it.c.obj
                0x08002dfa                HardFault_Handler
 .text.MemManage_Handler
                0x08002dfc        0x2 CMakeFiles/cubemxstudy.elf.dir/Src/stm32f4xx_it.c.obj
                0x08002dfc                MemManage_Handler
 .text.BusFault_Handler
                0x08002dfe        0x2 CMakeFiles/cubemxstudy.elf.dir/Src/stm32f4xx_it.c.obj
                0x08002dfe                BusFault_Handler
 .text.UsageFault_Handler
                0x08002e00        0x2 CMakeFiles/cubemxstudy.elf.dir/Src/stm32f4xx_it.c.obj
                0x08002e00                UsageFault_Handler
 .text.SVC_Handler
                0x08002e02        0x2 CMakeFiles/cubemxstudy.elf.dir/Src/stm32f4xx_it.c.obj
                0x08002e02                SVC_Handler
 .text.DebugMon_Handler
                0x08002e04        0x2 CMakeFiles/cubemxstudy.elf.dir/Src/stm32f4xx_it.c.obj
                0x08002e04                DebugMon_Handler
 .text.PendSV_Handler
                0x08002e06        0x2 CMakeFiles/cubemxstudy.elf.dir/Src/stm32f4xx_it.c.obj
                0x08002e06                PendSV_Handler
 .text.SysTick_Handler
                0x08002e08        0x8 CMakeFiles/cubemxstudy.elf.dir/Src/stm32f4xx_it.c.obj
                0x08002e08                SysTick_Handler
 .text.USART1_IRQHandler
                0x08002e10       0x10 CMakeFiles/cubemxstudy.elf.dir/Src/stm32f4xx_it.c.obj
                0x08002e10                USART1_IRQHandler
 .text._getpid  0x08002e20        0x4 CMakeFiles/cubemxstudy.elf.dir/Src/syscalls.c.obj
                0x08002e20                _getpid
 .text._kill    0x08002e24       0x10 CMakeFiles/cubemxstudy.elf.dir/Src/syscalls.c.obj
                0x08002e24                _kill
 .text._exit    0x08002e34        0xc CMakeFiles/cubemxstudy.elf.dir/Src/syscalls.c.obj
                0x08002e34                _exit
 .text._sbrk    0x08002e40       0x48 CMakeFiles/cubemxstudy.elf.dir/Src/sysmem.c.obj
                0x08002e40                _sbrk
 .text.SystemInit
                0x08002e88       0x14 CMakeFiles/cubemxstudy.elf.dir/Src/system_stm32f4xx.c.obj
                0x08002e88                SystemInit
 .text.Reset_Handler
                0x08002e9c       0x50 CMakeFiles/cubemxstudy.elf.dir/Startup/startup_stm32f407zgtx.s.obj
                0x08002e9c                Reset_Handler
 .text.Default_Handler
                0x08002eec        0x2 CMakeFiles/cubemxstudy.elf.dir/Startup/startup_stm32f407zgtx.s.obj
                0x08002eec                RTC_Alarm_IRQHandler
                0x08002eec                HASH_RNG_IRQHandler
                0x08002eec                EXTI2_IRQHandler
                0x08002eec                TIM8_CC_IRQHandler
                0x08002eec                TIM1_CC_IRQHandler
                0x08002eec                DMA2_Stream5_IRQHandler
                0x08002eec                DMA1_Stream5_IRQHandler
                0x08002eec                PVD_IRQHandler
                0x08002eec                SDIO_IRQHandler
                0x08002eec                TAMP_STAMP_IRQHandler
                0x08002eec                CAN2_RX1_IRQHandler
                0x08002eec                EXTI3_IRQHandler
                0x08002eec                TIM8_TRG_COM_TIM14_IRQHandler
                0x08002eec                TIM1_UP_TIM10_IRQHandler
                0x08002eec                TIM8_UP_TIM13_IRQHandler
                0x08002eec                I2C3_ER_IRQHandler
                0x08002eec                EXTI0_IRQHandler
                0x08002eec                I2C2_EV_IRQHandler
                0x08002eec                DMA1_Stream2_IRQHandler
                0x08002eec                CAN1_RX0_IRQHandler
                0x08002eec                FPU_IRQHandler
                0x08002eec                OTG_HS_WKUP_IRQHandler
                0x08002eec                CAN2_SCE_IRQHandler
                0x08002eec                DMA2_Stream2_IRQHandler
                0x08002eec                SPI1_IRQHandler
                0x08002eec                TIM6_DAC_IRQHandler
                0x08002eec                TIM1_BRK_TIM9_IRQHandler
                0x08002eec                DCMI_IRQHandler
                0x08002eec                CAN2_RX0_IRQHandler
                0x08002eec                DMA2_Stream3_IRQHandler
                0x08002eec                USART6_IRQHandler
                0x08002eec                USART3_IRQHandler
                0x08002eec                CAN1_RX1_IRQHandler
                0x08002eec                UART5_IRQHandler
                0x08002eec                DMA2_Stream0_IRQHandler
                0x08002eec                TIM4_IRQHandler
                0x08002eec                I2C1_EV_IRQHandler
                0x08002eec                DMA1_Stream6_IRQHandler
                0x08002eec                DMA1_Stream1_IRQHandler
                0x08002eec                UART4_IRQHandler
                0x08002eec                TIM3_IRQHandler
                0x08002eec                RCC_IRQHandler
                0x08002eec                TIM8_BRK_TIM12_IRQHandler
                0x08002eec                Default_Handler
                0x08002eec                EXTI15_10_IRQHandler
                0x08002eec                ADC_IRQHandler
                0x08002eec                DMA1_Stream7_IRQHandler
                0x08002eec                TIM7_IRQHandler
                0x08002eec                CAN2_TX_IRQHandler
                0x08002eec                TIM5_IRQHandler
                0x08002eec                DMA2_Stream7_IRQHandler
                0x08002eec                I2C3_EV_IRQHandler
                0x08002eec                EXTI9_5_IRQHandler
                0x08002eec                RTC_WKUP_IRQHandler
                0x08002eec                ETH_WKUP_IRQHandler
                0x08002eec                SPI2_IRQHandler
                0x08002eec                OTG_HS_EP1_IN_IRQHandler
                0x08002eec                DMA1_Stream0_IRQHandler
                0x08002eec                CAN1_TX_IRQHandler
                0x08002eec                EXTI4_IRQHandler
                0x08002eec                FSMC_IRQHandler
                0x08002eec                ETH_IRQHandler
                0x08002eec                OTG_HS_EP1_OUT_IRQHandler
                0x08002eec                WWDG_IRQHandler
                0x08002eec                TIM2_IRQHandler
                0x08002eec                OTG_FS_WKUP_IRQHandler
                0x08002eec                TIM1_TRG_COM_TIM11_IRQHandler
                0x08002eec                OTG_HS_IRQHandler
                0x08002eec                EXTI1_IRQHandler
                0x08002eec                USART2_IRQHandler
                0x08002eec                I2C2_ER_IRQHandler
                0x08002eec                DMA2_Stream1_IRQHandler
                0x08002eec                CAN1_SCE_IRQHandler
                0x08002eec                FLASH_IRQHandler
                0x08002eec                DMA2_Stream4_IRQHandler
                0x08002eec                OTG_FS_IRQHandler
                0x08002eec                SPI3_IRQHandler
                0x08002eec                DMA1_Stream4_IRQHandler
                0x08002eec                I2C1_ER_IRQHandler
                0x08002eec                DMA2_Stream6_IRQHandler
                0x08002eec                DMA1_Stream3_IRQHandler
 *fill*         0x08002eee        0x2 
 .text.__errno  0x08002ef0        0xc c:/progra~1/gcc-arm-none-eabi-10.3-2021.10/bin/../lib/gcc/arm-none-eabi/10.3.1/../../../../arm-none-eabi/lib/thumb/v7e-m+fp/hard\libg.a(lib_a-errno.o)
                0x08002ef0                __errno
 .text.__libc_init_array
                0x08002efc       0x48 c:/progra~1/gcc-arm-none-eabi-10.3-2021.10/bin/../lib/gcc/arm-none-eabi/10.3.1/../../../../arm-none-eabi/lib/thumb/v7e-m+fp/hard\libg.a(lib_a-init.o)
                0x08002efc                __libc_init_array
 .text.memset   0x08002f44       0xa4 c:/progra~1/gcc-arm-none-eabi-10.3-2021.10/bin/../lib/gcc/arm-none-eabi/10.3.1/../../../../arm-none-eabi/lib/thumb/v7e-m+fp/hard\libg.a(lib_a-memset.o)
                0x08002f44                memset
 .text.printf   0x08002fe8       0x28 c:/progra~1/gcc-arm-none-eabi-10.3-2021.10/bin/../lib/gcc/arm-none-eabi/10.3.1/../../../../arm-none-eabi/lib/thumb/v7e-m+fp/hard\libg.a(lib_a-printf.o)
                0x08002fe8                printf
 .text._puts_r  0x08003010       0x9c c:/progra~1/gcc-arm-none-eabi-10.3-2021.10/bin/../lib/gcc/arm-none-eabi/10.3.1/../../../../arm-none-eabi/lib/thumb/v7e-m+fp/hard\libg.a(lib_a-puts.o)
                0x08003010                _puts_r
 .text.puts     0x080030ac       0x10 c:/progra~1/gcc-arm-none-eabi-10.3-2021.10/bin/../lib/gcc/arm-none-eabi/10.3.1/../../../../arm-none-eabi/lib/thumb/v7e-m+fp/hard\libg.a(lib_a-puts.o)
                0x080030ac                puts
 .text.setvbuf  0x080030bc      0x1b0 c:/progra~1/gcc-arm-none-eabi-10.3-2021.10/bin/../lib/gcc/arm-none-eabi/10.3.1/../../../../arm-none-eabi/lib/thumb/v7e-m+fp/hard\libg.a(lib_a-setvbuf.o)
                0x080030bc                setvbuf
 *fill*         0x0800326c        0x4 
 .text._vfprintf_r
                0x08003270     0x1b90 c:/progra~1/gcc-arm-none-eabi-10.3-2021.10/bin/../lib/gcc/arm-none-eabi/10.3.1/../../../../arm-none-eabi/lib/thumb/v7e-m+fp/hard\libg.a(lib_a-vfprintf.o)
                0x08003270                _vfprintf_r
 .text.__sbprintf
                0x08004e00       0x80 c:/progra~1/gcc-arm-none-eabi-10.3-2021.10/bin/../lib/gcc/arm-none-eabi/10.3.1/../../../../arm-none-eabi/lib/thumb/v7e-m+fp/hard\libg.a(lib_a-vfprintf.o)
 .text.__swsetup_r
                0x08004e80       0xd4 c:/progra~1/gcc-arm-none-eabi-10.3-2021.10/bin/../lib/gcc/arm-none-eabi/10.3.1/../../../../arm-none-eabi/lib/thumb/v7e-m+fp/hard\libg.a(lib_a-wsetup.o)
                0x08004e80                __swsetup_r
 .text.startup.register_fini
                0x08004f54       0x14 c:/progra~1/gcc-arm-none-eabi-10.3-2021.10/bin/../lib/gcc/arm-none-eabi/10.3.1/../../../../arm-none-eabi/lib/thumb/v7e-m+fp/hard\libg.a(lib_a-__call_atexit.o)
 .text.atexit   0x08004f68        0xc c:/progra~1/gcc-arm-none-eabi-10.3-2021.10/bin/../lib/gcc/arm-none-eabi/10.3.1/../../../../arm-none-eabi/lib/thumb/v7e-m+fp/hard\libg.a(lib_a-atexit.o)
                0x08004f68                atexit
 .text.quorem   0x08004f74      0x128 c:/progra~1/gcc-arm-none-eabi-10.3-2021.10/bin/../lib/gcc/arm-none-eabi/10.3.1/../../../../arm-none-eabi/lib/thumb/v7e-m+fp/hard\libg.a(lib_a-dtoa.o)
 *fill*         0x0800509c        0x4 
 .text._dtoa_r  0x080050a0      0xf3c c:/progra~1/gcc-arm-none-eabi-10.3-2021.10/bin/../lib/gcc/arm-none-eabi/10.3.1/../../../../arm-none-eabi/lib/thumb/v7e-m+fp/hard\libg.a(lib_a-dtoa.o)
                0x080050a0                _dtoa_r
 .text.__sflush_r
                0x08005fdc      0x130 c:/progra~1/gcc-arm-none-eabi-10.3-2021.10/bin/../lib/gcc/arm-none-eabi/10.3.1/../../../../arm-none-eabi/lib/thumb/v7e-m+fp/hard\libg.a(lib_a-fflush.o)
                0x08005fdc                __sflush_r
 .text._fflush_r
                0x0800610c       0x5c c:/progra~1/gcc-arm-none-eabi-10.3-2021.10/bin/../lib/gcc/arm-none-eabi/10.3.1/../../../../arm-none-eabi/lib/thumb/v7e-m+fp/hard\libg.a(lib_a-fflush.o)
                0x0800610c                _fflush_r
 .text._cleanup_r
                0x08006168        0xc c:/progra~1/gcc-arm-none-eabi-10.3-2021.10/bin/../lib/gcc/arm-none-eabi/10.3.1/../../../../arm-none-eabi/lib/thumb/v7e-m+fp/hard\libg.a(lib_a-findfp.o)
                0x08006168                _cleanup_r
 .text.__sinit  0x08006174      0x10c c:/progra~1/gcc-arm-none-eabi-10.3-2021.10/bin/../lib/gcc/arm-none-eabi/10.3.1/../../../../arm-none-eabi/lib/thumb/v7e-m+fp/hard\libg.a(lib_a-findfp.o)
                0x08006174                __sinit
 .text.__sfp_lock_acquire
                0x08006280        0xc c:/progra~1/gcc-arm-none-eabi-10.3-2021.10/bin/../lib/gcc/arm-none-eabi/10.3.1/../../../../arm-none-eabi/lib/thumb/v7e-m+fp/hard\libg.a(lib_a-findfp.o)
                0x08006280                __sfp_lock_acquire
 .text.__sfp_lock_release
                0x0800628c        0xc c:/progra~1/gcc-arm-none-eabi-10.3-2021.10/bin/../lib/gcc/arm-none-eabi/10.3.1/../../../../arm-none-eabi/lib/thumb/v7e-m+fp/hard\libg.a(lib_a-findfp.o)
                0x0800628c                __sfp_lock_release
 .text.__libc_fini_array
                0x08006298       0x2c c:/progra~1/gcc-arm-none-eabi-10.3-2021.10/bin/../lib/gcc/arm-none-eabi/10.3.1/../../../../arm-none-eabi/lib/thumb/v7e-m+fp/hard\libg.a(lib_a-fini.o)
                0x08006298                __libc_fini_array
 .text._malloc_trim_r
                0x080062c4       0xa0 c:/progra~1/gcc-arm-none-eabi-10.3-2021.10/bin/../lib/gcc/arm-none-eabi/10.3.1/../../../../arm-none-eabi/lib/thumb/v7e-m+fp/hard\libg.a(lib_a-freer.o)
                0x080062c4                _malloc_trim_r
 .text._free_r  0x08006364      0x20c c:/progra~1/gcc-arm-none-eabi-10.3-2021.10/bin/../lib/gcc/arm-none-eabi/10.3.1/../../../../arm-none-eabi/lib/thumb/v7e-m+fp/hard\libg.a(lib_a-freer.o)
                0x08006364                _free_r
 .text.__sfvwrite_r
                0x08006570      0x2f0 c:/progra~1/gcc-arm-none-eabi-10.3-2021.10/bin/../lib/gcc/arm-none-eabi/10.3.1/../../../../arm-none-eabi/lib/thumb/v7e-m+fp/hard\libg.a(lib_a-fvwrite.o)
                0x08006570                __sfvwrite_r
 .text._fwalk_reent
                0x08006860       0x48 c:/progra~1/gcc-arm-none-eabi-10.3-2021.10/bin/../lib/gcc/arm-none-eabi/10.3.1/../../../../arm-none-eabi/lib/thumb/v7e-m+fp/hard\libg.a(lib_a-fwalk.o)
                0x08006860                _fwalk_reent
 .text._localeconv_r
                0x080068a8        0x8 c:/progra~1/gcc-arm-none-eabi-10.3-2021.10/bin/../lib/gcc/arm-none-eabi/10.3.1/../../../../arm-none-eabi/lib/thumb/v7e-m+fp/hard\libg.a(lib_a-localeconv.o)
                0x080068a8                _localeconv_r
 .text.__retarget_lock_init_recursive
                0x080068b0        0x4 c:/progra~1/gcc-arm-none-eabi-10.3-2021.10/bin/../lib/gcc/arm-none-eabi/10.3.1/../../../../arm-none-eabi/lib/thumb/v7e-m+fp/hard\libg.a(lib_a-lock.o)
                0x080068b0                __retarget_lock_init_recursive
 .text.__retarget_lock_close_recursive
                0x080068b4        0x4 c:/progra~1/gcc-arm-none-eabi-10.3-2021.10/bin/../lib/gcc/arm-none-eabi/10.3.1/../../../../arm-none-eabi/lib/thumb/v7e-m+fp/hard\libg.a(lib_a-lock.o)
                0x080068b4                __retarget_lock_close_recursive
 .text.__retarget_lock_acquire_recursive
                0x080068b8        0x4 c:/progra~1/gcc-arm-none-eabi-10.3-2021.10/bin/../lib/gcc/arm-none-eabi/10.3.1/../../../../arm-none-eabi/lib/thumb/v7e-m+fp/hard\libg.a(lib_a-lock.o)
                0x080068b8                __retarget_lock_acquire_recursive
 .text.__retarget_lock_release_recursive
                0x080068bc        0x4 c:/progra~1/gcc-arm-none-eabi-10.3-2021.10/bin/../lib/gcc/arm-none-eabi/10.3.1/../../../../arm-none-eabi/lib/thumb/v7e-m+fp/hard\libg.a(lib_a-lock.o)
                0x080068bc                __retarget_lock_release_recursive
 .text.__smakebuf_r
                0x080068c0       0xe0 c:/progra~1/gcc-arm-none-eabi-10.3-2021.10/bin/../lib/gcc/arm-none-eabi/10.3.1/../../../../arm-none-eabi/lib/thumb/v7e-m+fp/hard\libg.a(lib_a-makebuf.o)
                0x080068c0                __smakebuf_r
 .text.__swhatbuf_r
                0x080069a0       0x60 c:/progra~1/gcc-arm-none-eabi-10.3-2021.10/bin/../lib/gcc/arm-none-eabi/10.3.1/../../../../arm-none-eabi/lib/thumb/v7e-m+fp/hard\libg.a(lib_a-makebuf.o)
                0x080069a0                __swhatbuf_r
 .text.malloc   0x08006a00       0x10 c:/progra~1/gcc-arm-none-eabi-10.3-2021.10/bin/../lib/gcc/arm-none-eabi/10.3.1/../../../../arm-none-eabi/lib/thumb/v7e-m+fp/hard\libg.a(lib_a-malloc.o)
                0x08006a00                malloc
 .text._malloc_r
                0x08006a10      0x560 c:/progra~1/gcc-arm-none-eabi-10.3-2021.10/bin/../lib/gcc/arm-none-eabi/10.3.1/../../../../arm-none-eabi/lib/thumb/v7e-m+fp/hard\libg.a(lib_a-mallocr.o)
                0x08006a10                _malloc_r
 .text.memmove  0x08006f70       0xf8 c:/progra~1/gcc-arm-none-eabi-10.3-2021.10/bin/../lib/gcc/arm-none-eabi/10.3.1/../../../../arm-none-eabi/lib/thumb/v7e-m+fp/hard\libg.a(lib_a-memmove.o)
                0x08006f70                memmove
 .text.__malloc_lock
                0x08007068        0xc c:/progra~1/gcc-arm-none-eabi-10.3-2021.10/bin/../lib/gcc/arm-none-eabi/10.3.1/../../../../arm-none-eabi/lib/thumb/v7e-m+fp/hard\libg.a(lib_a-mlock.o)
                0x08007068                __malloc_lock
 .text.__malloc_unlock
                0x08007074        0xc c:/progra~1/gcc-arm-none-eabi-10.3-2021.10/bin/../lib/gcc/arm-none-eabi/10.3.1/../../../../arm-none-eabi/lib/thumb/v7e-m+fp/hard\libg.a(lib_a-mlock.o)
                0x08007074                __malloc_unlock
 .text._Balloc  0x08007080       0x4c c:/progra~1/gcc-arm-none-eabi-10.3-2021.10/bin/../lib/gcc/arm-none-eabi/10.3.1/../../../../arm-none-eabi/lib/thumb/v7e-m+fp/hard\libg.a(lib_a-mprec.o)
                0x08007080                _Balloc
 .text._Bfree   0x080070cc       0x14 c:/progra~1/gcc-arm-none-eabi-10.3-2021.10/bin/../lib/gcc/arm-none-eabi/10.3.1/../../../../arm-none-eabi/lib/thumb/v7e-m+fp/hard\libg.a(lib_a-mprec.o)
                0x080070cc                _Bfree
 .text.__multadd
                0x080070e0       0xa8 c:/progra~1/gcc-arm-none-eabi-10.3-2021.10/bin/../lib/gcc/arm-none-eabi/10.3.1/../../../../arm-none-eabi/lib/thumb/v7e-m+fp/hard\libg.a(lib_a-mprec.o)
                0x080070e0                __multadd
 .text.__hi0bits
                0x08007188       0x40 c:/progra~1/gcc-arm-none-eabi-10.3-2021.10/bin/../lib/gcc/arm-none-eabi/10.3.1/../../../../arm-none-eabi/lib/thumb/v7e-m+fp/hard\libg.a(lib_a-mprec.o)
                0x08007188                __hi0bits
 .text.__lo0bits
                0x080071c8       0x60 c:/progra~1/gcc-arm-none-eabi-10.3-2021.10/bin/../lib/gcc/arm-none-eabi/10.3.1/../../../../arm-none-eabi/lib/thumb/v7e-m+fp/hard\libg.a(lib_a-mprec.o)
                0x080071c8                __lo0bits
 .text.__i2b    0x08007228       0x5c c:/progra~1/gcc-arm-none-eabi-10.3-2021.10/bin/../lib/gcc/arm-none-eabi/10.3.1/../../../../arm-none-eabi/lib/thumb/v7e-m+fp/hard\libg.a(lib_a-mprec.o)
                0x08007228                __i2b
 .text.__multiply
                0x08007284      0x15c c:/progra~1/gcc-arm-none-eabi-10.3-2021.10/bin/../lib/gcc/arm-none-eabi/10.3.1/../../../../arm-none-eabi/lib/thumb/v7e-m+fp/hard\libg.a(lib_a-mprec.o)
                0x08007284                __multiply
 .text.__pow5mult
                0x080073e0       0xc0 c:/progra~1/gcc-arm-none-eabi-10.3-2021.10/bin/../lib/gcc/arm-none-eabi/10.3.1/../../../../arm-none-eabi/lib/thumb/v7e-m+fp/hard\libg.a(lib_a-mprec.o)
                0x080073e0                __pow5mult
 .text.__lshift
                0x080074a0       0xf0 c:/progra~1/gcc-arm-none-eabi-10.3-2021.10/bin/../lib/gcc/arm-none-eabi/10.3.1/../../../../arm-none-eabi/lib/thumb/v7e-m+fp/hard\libg.a(lib_a-mprec.o)
                0x080074a0                __lshift
 .text.__mcmp   0x08007590       0x44 c:/progra~1/gcc-arm-none-eabi-10.3-2021.10/bin/../lib/gcc/arm-none-eabi/10.3.1/../../../../arm-none-eabi/lib/thumb/v7e-m+fp/hard\libg.a(lib_a-mprec.o)
                0x08007590                __mcmp
 .text.__mdiff  0x080075d4      0x14c c:/progra~1/gcc-arm-none-eabi-10.3-2021.10/bin/../lib/gcc/arm-none-eabi/10.3.1/../../../../arm-none-eabi/lib/thumb/v7e-m+fp/hard\libg.a(lib_a-mprec.o)
                0x080075d4                __mdiff
 .text.__d2b    0x08007720       0xd0 c:/progra~1/gcc-arm-none-eabi-10.3-2021.10/bin/../lib/gcc/arm-none-eabi/10.3.1/../../../../arm-none-eabi/lib/thumb/v7e-m+fp/hard\libg.a(lib_a-mprec.o)
                0x08007720                __d2b
 .text._realloc_r
                0x080077f0      0x3d8 c:/progra~1/gcc-arm-none-eabi-10.3-2021.10/bin/../lib/gcc/arm-none-eabi/10.3.1/../../../../arm-none-eabi/lib/thumb/v7e-m+fp/hard\libg.a(lib_a-reallocr.o)
                0x080077f0                _realloc_r
 .text.frexp    0x08007bc8       0x6c c:/progra~1/gcc-arm-none-eabi-10.3-2021.10/bin/../lib/gcc/arm-none-eabi/10.3.1/../../../../arm-none-eabi/lib/thumb/v7e-m+fp/hard\libg.a(lib_a-s_frexp.o)
                0x08007bc8                frexp
 .text._sbrk_r  0x08007c34       0x24 c:/progra~1/gcc-arm-none-eabi-10.3-2021.10/bin/../lib/gcc/arm-none-eabi/10.3.1/../../../../arm-none-eabi/lib/thumb/v7e-m+fp/hard\libg.a(lib_a-sbrkr.o)
                0x08007c34                _sbrk_r
 .text.__sread  0x08007c58       0x24 c:/progra~1/gcc-arm-none-eabi-10.3-2021.10/bin/../lib/gcc/arm-none-eabi/10.3.1/../../../../arm-none-eabi/lib/thumb/v7e-m+fp/hard\libg.a(lib_a-stdio.o)
                0x08007c58                __sread
 .text.__swrite
                0x08007c7c       0x40 c:/progra~1/gcc-arm-none-eabi-10.3-2021.10/bin/../lib/gcc/arm-none-eabi/10.3.1/../../../../arm-none-eabi/lib/thumb/v7e-m+fp/hard\libg.a(lib_a-stdio.o)
                0x08007c7c                __swrite
 .text.__sseek  0x08007cbc       0x20 c:/progra~1/gcc-arm-none-eabi-10.3-2021.10/bin/../lib/gcc/arm-none-eabi/10.3.1/../../../../arm-none-eabi/lib/thumb/v7e-m+fp/hard\libg.a(lib_a-stdio.o)
                0x08007cbc                __sseek
 .text.__sclose
                0x08007cdc        0x8 c:/progra~1/gcc-arm-none-eabi-10.3-2021.10/bin/../lib/gcc/arm-none-eabi/10.3.1/../../../../arm-none-eabi/lib/thumb/v7e-m+fp/hard\libg.a(lib_a-stdio.o)
                0x08007cdc                __sclose
 .text.strncpy  0x08007ce4       0x64 c:/progra~1/gcc-arm-none-eabi-10.3-2021.10/bin/../lib/gcc/arm-none-eabi/10.3.1/../../../../arm-none-eabi/lib/thumb/v7e-m+fp/hard\libg.a(lib_a-strncpy.o)
                0x08007ce4                strncpy
 .text.__sprint_r.part.0
                0x08007d48       0x78 c:/progra~1/gcc-arm-none-eabi-10.3-2021.10/bin/../lib/gcc/arm-none-eabi/10.3.1/../../../../arm-none-eabi/lib/thumb/v7e-m+fp/hard\libg.a(lib_a-vfiprintf.o)
 .text.__sprint_r
                0x08007dc0       0x18 c:/progra~1/gcc-arm-none-eabi-10.3-2021.10/bin/../lib/gcc/arm-none-eabi/10.3.1/../../../../arm-none-eabi/lib/thumb/v7e-m+fp/hard\libg.a(lib_a-vfiprintf.o)
                0x08007dc0                __sprint_r
 .text._vfiprintf_r
                0x08007dd8      0xdfc c:/progra~1/gcc-arm-none-eabi-10.3-2021.10/bin/../lib/gcc/arm-none-eabi/10.3.1/../../../../arm-none-eabi/lib/thumb/v7e-m+fp/hard\libg.a(lib_a-vfiprintf.o)
                0x08007dd8                _vfiprintf_r
 .text.__sbprintf
                0x08008bd4       0x80 c:/progra~1/gcc-arm-none-eabi-10.3-2021.10/bin/../lib/gcc/arm-none-eabi/10.3.1/../../../../arm-none-eabi/lib/thumb/v7e-m+fp/hard\libg.a(lib_a-vfiprintf.o)
 .text._write_r
                0x08008c54       0x2c c:/progra~1/gcc-arm-none-eabi-10.3-2021.10/bin/../lib/gcc/arm-none-eabi/10.3.1/../../../../arm-none-eabi/lib/thumb/v7e-m+fp/hard\libg.a(lib_a-writer.o)
                0x08008c54                _write_r
 .text.__register_exitproc
                0x08008c80       0x8c c:/progra~1/gcc-arm-none-eabi-10.3-2021.10/bin/../lib/gcc/arm-none-eabi/10.3.1/../../../../arm-none-eabi/lib/thumb/v7e-m+fp/hard\libg.a(lib_a-__atexit.o)
                0x08008c80                __register_exitproc
 .text.__assert_func
                0x08008d0c       0x40 c:/progra~1/gcc-arm-none-eabi-10.3-2021.10/bin/../lib/gcc/arm-none-eabi/10.3.1/../../../../arm-none-eabi/lib/thumb/v7e-m+fp/hard\libg.a(lib_a-assert.o)
                0x08008d0c                __assert_func
 .text._calloc_r
                0x08008d4c       0x78 c:/progra~1/gcc-arm-none-eabi-10.3-2021.10/bin/../lib/gcc/arm-none-eabi/10.3.1/../../../../arm-none-eabi/lib/thumb/v7e-m+fp/hard\libg.a(lib_a-callocr.o)
                0x08008d4c                _calloc_r
 .text._close_r
                0x08008dc4       0x24 c:/progra~1/gcc-arm-none-eabi-10.3-2021.10/bin/../lib/gcc/arm-none-eabi/10.3.1/../../../../arm-none-eabi/lib/thumb/v7e-m+fp/hard\libg.a(lib_a-closer.o)
                0x08008dc4                _close_r
 .text._fclose_r
                0x08008de8       0xcc c:/progra~1/gcc-arm-none-eabi-10.3-2021.10/bin/../lib/gcc/arm-none-eabi/10.3.1/../../../../arm-none-eabi/lib/thumb/v7e-m+fp/hard\libg.a(lib_a-fclose.o)
                0x08008de8                _fclose_r
 .text.fiprintf
                0x08008eb4       0x28 c:/progra~1/gcc-arm-none-eabi-10.3-2021.10/bin/../lib/gcc/arm-none-eabi/10.3.1/../../../../arm-none-eabi/lib/thumb/v7e-m+fp/hard\libg.a(lib_a-fiprintf.o)
                0x08008eb4                fiprintf
 .text.__fputwc
                0x08008edc       0xa8 c:/progra~1/gcc-arm-none-eabi-10.3-2021.10/bin/../lib/gcc/arm-none-eabi/10.3.1/../../../../arm-none-eabi/lib/thumb/v7e-m+fp/hard\libg.a(lib_a-fputwc.o)
                0x08008edc                __fputwc
 .text._fputwc_r
                0x08008f84       0x68 c:/progra~1/gcc-arm-none-eabi-10.3-2021.10/bin/../lib/gcc/arm-none-eabi/10.3.1/../../../../arm-none-eabi/lib/thumb/v7e-m+fp/hard\libg.a(lib_a-fputwc.o)
                0x08008f84                _fputwc_r
 .text._fstat_r
                0x08008fec       0x2c c:/progra~1/gcc-arm-none-eabi-10.3-2021.10/bin/../lib/gcc/arm-none-eabi/10.3.1/../../../../arm-none-eabi/lib/thumb/v7e-m+fp/hard\libg.a(lib_a-fstatr.o)
                0x08008fec                _fstat_r
 .text._isatty_r
                0x08009018       0x24 c:/progra~1/gcc-arm-none-eabi-10.3-2021.10/bin/../lib/gcc/arm-none-eabi/10.3.1/../../../../arm-none-eabi/lib/thumb/v7e-m+fp/hard\libg.a(lib_a-isattyr.o)
                0x08009018                _isatty_r
 .text.__locale_mb_cur_max
                0x0800903c        0xc c:/progra~1/gcc-arm-none-eabi-10.3-2021.10/bin/../lib/gcc/arm-none-eabi/10.3.1/../../../../arm-none-eabi/lib/thumb/v7e-m+fp/hard\libg.a(lib_a-locale.o)
                0x0800903c                __locale_mb_cur_max
 .text._lseek_r
                0x08009048       0x2c c:/progra~1/gcc-arm-none-eabi-10.3-2021.10/bin/../lib/gcc/arm-none-eabi/10.3.1/../../../../arm-none-eabi/lib/thumb/v7e-m+fp/hard\libg.a(lib_a-lseekr.o)
                0x08009048                _lseek_r
 .text.__ascii_mbtowc
                0x08009074       0x2c c:/progra~1/gcc-arm-none-eabi-10.3-2021.10/bin/../lib/gcc/arm-none-eabi/10.3.1/../../../../arm-none-eabi/lib/thumb/v7e-m+fp/hard\libg.a(lib_a-mbtowc_r.o)
                0x08009074                __ascii_mbtowc
 .text._read_r  0x080090a0       0x2c c:/progra~1/gcc-arm-none-eabi-10.3-2021.10/bin/../lib/gcc/arm-none-eabi/10.3.1/../../../../arm-none-eabi/lib/thumb/v7e-m+fp/hard\libg.a(lib_a-readr.o)
                0x080090a0                _read_r
 .text.__swbuf_r
                0x080090cc       0xb0 c:/progra~1/gcc-arm-none-eabi-10.3-2021.10/bin/../lib/gcc/arm-none-eabi/10.3.1/../../../../arm-none-eabi/lib/thumb/v7e-m+fp/hard\libg.a(lib_a-wbuf.o)
                0x080090cc                __swbuf_r
 .text._wcrtomb_r
                0x0800917c       0x3c c:/progra~1/gcc-arm-none-eabi-10.3-2021.10/bin/../lib/gcc/arm-none-eabi/10.3.1/../../../../arm-none-eabi/lib/thumb/v7e-m+fp/hard\libg.a(lib_a-wcrtomb.o)
                0x0800917c                _wcrtomb_r
 .text.__ascii_wctomb
                0x080091b8       0x1c c:/progra~1/gcc-arm-none-eabi-10.3-2021.10/bin/../lib/gcc/arm-none-eabi/10.3.1/../../../../arm-none-eabi/lib/thumb/v7e-m+fp/hard\libg.a(lib_a-wctomb_r.o)
                0x080091b8                __ascii_wctomb
 .text.abort    0x080091d4       0x10 c:/progra~1/gcc-arm-none-eabi-10.3-2021.10/bin/../lib/gcc/arm-none-eabi/10.3.1/../../../../arm-none-eabi/lib/thumb/v7e-m+fp/hard\libg.a(lib_a-abort.o)
                0x080091d4                abort
 .text.raise    0x080091e4       0x5c c:/progra~1/gcc-arm-none-eabi-10.3-2021.10/bin/../lib/gcc/arm-none-eabi/10.3.1/../../../../arm-none-eabi/lib/thumb/v7e-m+fp/hard\libg.a(lib_a-signal.o)
                0x080091e4                raise
 .text._kill_r  0x08009240       0x2c c:/progra~1/gcc-arm-none-eabi-10.3-2021.10/bin/../lib/gcc/arm-none-eabi/10.3.1/../../../../arm-none-eabi/lib/thumb/v7e-m+fp/hard\libg.a(lib_a-signalr.o)
                0x08009240                _kill_r
 .text._getpid_r
                0x0800926c        0x4 c:/progra~1/gcc-arm-none-eabi-10.3-2021.10/bin/../lib/gcc/arm-none-eabi/10.3.1/../../../../arm-none-eabi/lib/thumb/v7e-m+fp/hard\libg.a(lib_a-signalr.o)
                0x0800926c                _getpid_r
 .text.pow      0x08009270       0xf0 c:/progra~1/gcc-arm-none-eabi-10.3-2021.10/bin/../lib/gcc/arm-none-eabi/10.3.1/../../../../arm-none-eabi/lib/thumb/v7e-m+fp/hard\libm.a(lib_a-w_pow.o)
                0x08009270                pow
 .text.__ieee754_pow
                0x08009360      0xb74 c:/progra~1/gcc-arm-none-eabi-10.3-2021.10/bin/../lib/gcc/arm-none-eabi/10.3.1/../../../../arm-none-eabi/lib/thumb/v7e-m+fp/hard\libm.a(lib_a-e_pow.o)
                0x08009360                __ieee754_pow
 .text.__ieee754_sqrt
                0x08009ed4      0x198 c:/progra~1/gcc-arm-none-eabi-10.3-2021.10/bin/../lib/gcc/arm-none-eabi/10.3.1/../../../../arm-none-eabi/lib/thumb/v7e-m+fp/hard\libm.a(lib_a-e_sqrt.o)
                0x08009ed4                __ieee754_sqrt
 .text.with_errno
                0x0800a06c       0x18 c:/progra~1/gcc-arm-none-eabi-10.3-2021.10/bin/../lib/gcc/arm-none-eabi/10.3.1/../../../../arm-none-eabi/lib/thumb/v7e-m+fp/hard\libm.a(lib_a-math_err.o)
 .text.xflow    0x0800a084       0x2c c:/progra~1/gcc-arm-none-eabi-10.3-2021.10/bin/../lib/gcc/arm-none-eabi/10.3.1/../../../../arm-none-eabi/lib/thumb/v7e-m+fp/hard\libm.a(lib_a-math_err.o)
 .text.__math_uflow
                0x0800a0b0       0x14 c:/progra~1/gcc-arm-none-eabi-10.3-2021.10/bin/../lib/gcc/arm-none-eabi/10.3.1/../../../../arm-none-eabi/lib/thumb/v7e-m+fp/hard\libm.a(lib_a-math_err.o)
                0x0800a0b0                __math_uflow
 .text.__math_oflow
                0x0800a0c4       0x14 c:/progra~1/gcc-arm-none-eabi-10.3-2021.10/bin/../lib/gcc/arm-none-eabi/10.3.1/../../../../arm-none-eabi/lib/thumb/v7e-m+fp/hard\libm.a(lib_a-math_err.o)
                0x0800a0c4                __math_oflow
 .text.fabs     0x0800a0d8       0x14 c:/progra~1/gcc-arm-none-eabi-10.3-2021.10/bin/../lib/gcc/arm-none-eabi/10.3.1/../../../../arm-none-eabi/lib/thumb/v7e-m+fp/hard\libm.a(lib_a-s_fabs.o)
                0x0800a0d8                fabs
 .text.finite   0x0800a0ec       0x18 c:/progra~1/gcc-arm-none-eabi-10.3-2021.10/bin/../lib/gcc/arm-none-eabi/10.3.1/../../../../arm-none-eabi/lib/thumb/v7e-m+fp/hard\libm.a(lib_a-s_finite.o)
                0x0800a0ec                finite
 *fill*         0x0800a104        0x4 
 .text.scalbn   0x0800a108      0x124 c:/progra~1/gcc-arm-none-eabi-10.3-2021.10/bin/../lib/gcc/arm-none-eabi/10.3.1/../../../../arm-none-eabi/lib/thumb/v7e-m+fp/hard\libm.a(lib_a-s_scalbn.o)
                0x0800a108                scalbn
 *(.glue_7)
 .glue_7        0x0800a22c        0x0 linker stubs
 *(.glue_7t)
 .glue_7t       0x0800a22c        0x0 linker stubs
 *(.eh_frame)
 .eh_frame      0x0800a22c        0x0 c:/progra~1/gcc-arm-none-eabi-10.3-2021.10/bin/../lib/gcc/arm-none-eabi/10.3.1/thumb/v7e-m+fp/hard/crtbegin.o
 *(.init)
 .init          0x0800a22c        0x4 c:/progra~1/gcc-arm-none-eabi-10.3-2021.10/bin/../lib/gcc/arm-none-eabi/10.3.1/thumb/v7e-m+fp/hard/crti.o
                0x0800a22c                _init
 .init          0x0800a230        0x8 c:/progra~1/gcc-arm-none-eabi-10.3-2021.10/bin/../lib/gcc/arm-none-eabi/10.3.1/thumb/v7e-m+fp/hard/crtn.o
 *(.fini)
 .fini          0x0800a238        0x4 c:/progra~1/gcc-arm-none-eabi-10.3-2021.10/bin/../lib/gcc/arm-none-eabi/10.3.1/thumb/v7e-m+fp/hard/crti.o
                0x0800a238                _fini
 .fini          0x0800a23c        0x8 c:/progra~1/gcc-arm-none-eabi-10.3-2021.10/bin/../lib/gcc/arm-none-eabi/10.3.1/thumb/v7e-m+fp/hard/crtn.o
                0x0800a244                . = ALIGN (0x4)
                0x0800a244                _etext = .

.vfp11_veneer   0x0800a244        0x0
 .vfp11_veneer  0x0800a244        0x0 linker stubs

.v4_bx          0x0800a244        0x0
 .v4_bx         0x0800a244        0x0 linker stubs

.iplt           0x0800a244        0x0
 .iplt          0x0800a244        0x0 c:/progra~1/gcc-arm-none-eabi-10.3-2021.10/bin/../lib/gcc/arm-none-eabi/10.3.1/thumb/v7e-m+fp/hard/crtbegin.o

.rodata         0x0800a248      0x468
                0x0800a248                . = ALIGN (0x4)
 *(.rodata)
 *(.rodata*)
 .rodata.main.str1.4
                0x0800a248       0x4a CMakeFiles/cubemxstudy.elf.dir/Src/main.c.obj
 *fill*         0x0800a292        0x2 
 .rodata.AHBPrescTable
                0x0800a294       0x10 CMakeFiles/cubemxstudy.elf.dir/Src/system_stm32f4xx.c.obj
                0x0800a294                AHBPrescTable
 .rodata.APBPrescTable
                0x0800a2a4        0x8 CMakeFiles/cubemxstudy.elf.dir/Src/system_stm32f4xx.c.obj
                0x0800a2a4                APBPrescTable
 .rodata._global_impure_ptr
                0x0800a2ac        0x4 c:/progra~1/gcc-arm-none-eabi-10.3-2021.10/bin/../lib/gcc/arm-none-eabi/10.3.1/../../../../arm-none-eabi/lib/thumb/v7e-m+fp/hard\libg.a(lib_a-impure.o)
                0x0800a2ac                _global_impure_ptr
 .rodata._puts_r.str1.4
                0x0800a2b0        0x2 c:/progra~1/gcc-arm-none-eabi-10.3-2021.10/bin/../lib/gcc/arm-none-eabi/10.3.1/../../../../arm-none-eabi/lib/thumb/v7e-m+fp/hard\libg.a(lib_a-puts.o)
 *fill*         0x0800a2b2        0x2 
 .rodata._vfprintf_r.str1.4
                0x0800a2b4       0x42 c:/progra~1/gcc-arm-none-eabi-10.3-2021.10/bin/../lib/gcc/arm-none-eabi/10.3.1/../../../../arm-none-eabi/lib/thumb/v7e-m+fp/hard\libg.a(lib_a-vfprintf.o)
 *fill*         0x0800a2f6        0x2 
 .rodata.blanks.1
                0x0800a2f8       0x10 c:/progra~1/gcc-arm-none-eabi-10.3-2021.10/bin/../lib/gcc/arm-none-eabi/10.3.1/../../../../arm-none-eabi/lib/thumb/v7e-m+fp/hard\libg.a(lib_a-vfprintf.o)
 .rodata.zeroes.0
                0x0800a308       0x10 c:/progra~1/gcc-arm-none-eabi-10.3-2021.10/bin/../lib/gcc/arm-none-eabi/10.3.1/../../../../arm-none-eabi/lib/thumb/v7e-m+fp/hard\libg.a(lib_a-vfprintf.o)
 .rodata._dtoa_r.str1.4
                0x0800a318       0xa2 c:/progra~1/gcc-arm-none-eabi-10.3-2021.10/bin/../lib/gcc/arm-none-eabi/10.3.1/../../../../arm-none-eabi/lib/thumb/v7e-m+fp/hard\libg.a(lib_a-dtoa.o)
                                 0xa6 (size before relaxing)
 *fill*         0x0800a3ba        0x2 
 .rodata.__multadd.str1.4
                0x0800a3bc       0x7f c:/progra~1/gcc-arm-none-eabi-10.3-2021.10/bin/../lib/gcc/arm-none-eabi/10.3.1/../../../../arm-none-eabi/lib/thumb/v7e-m+fp/hard\libg.a(lib_a-mprec.o)
                                 0x93 (size before relaxing)
 *fill*         0x0800a43b        0x5 
 .rodata.__mprec_bigtens
                0x0800a440       0x28 c:/progra~1/gcc-arm-none-eabi-10.3-2021.10/bin/../lib/gcc/arm-none-eabi/10.3.1/../../../../arm-none-eabi/lib/thumb/v7e-m+fp/hard\libg.a(lib_a-mprec.o)
                0x0800a440                __mprec_bigtens
 .rodata.__mprec_tens
                0x0800a468       0xc8 c:/progra~1/gcc-arm-none-eabi-10.3-2021.10/bin/../lib/gcc/arm-none-eabi/10.3.1/../../../../arm-none-eabi/lib/thumb/v7e-m+fp/hard\libg.a(lib_a-mprec.o)
                0x0800a468                __mprec_tens
 .rodata.p05.0  0x0800a530        0xc c:/progra~1/gcc-arm-none-eabi-10.3-2021.10/bin/../lib/gcc/arm-none-eabi/10.3.1/../../../../arm-none-eabi/lib/thumb/v7e-m+fp/hard\libg.a(lib_a-mprec.o)
 .rodata._vfiprintf_r.str1.4
                0x0800a53c       0x2f c:/progra~1/gcc-arm-none-eabi-10.3-2021.10/bin/../lib/gcc/arm-none-eabi/10.3.1/../../../../arm-none-eabi/lib/thumb/v7e-m+fp/hard\libg.a(lib_a-vfiprintf.o)
 .rodata.blanks.1
                0x0800a53c       0x10 c:/progra~1/gcc-arm-none-eabi-10.3-2021.10/bin/../lib/gcc/arm-none-eabi/10.3.1/../../../../arm-none-eabi/lib/thumb/v7e-m+fp/hard\libg.a(lib_a-vfiprintf.o)
 .rodata.zeroes.0
                0x0800a54c       0x10 c:/progra~1/gcc-arm-none-eabi-10.3-2021.10/bin/../lib/gcc/arm-none-eabi/10.3.1/../../../../arm-none-eabi/lib/thumb/v7e-m+fp/hard\libg.a(lib_a-vfiprintf.o)
 .rodata.__assert_func.str1.4
                0x0800a55c       0x3f c:/progra~1/gcc-arm-none-eabi-10.3-2021.10/bin/../lib/gcc/arm-none-eabi/10.3.1/../../../../arm-none-eabi/lib/thumb/v7e-m+fp/hard\libg.a(lib_a-assert.o)
                                 0x43 (size before relaxing)
 *fill*         0x0800a59b        0x1 
 .rodata._setlocale_r.str1.4
                0x0800a59c        0xa c:/progra~1/gcc-arm-none-eabi-10.3-2021.10/bin/../lib/gcc/arm-none-eabi/10.3.1/../../../../arm-none-eabi/lib/thumb/v7e-m+fp/hard\libg.a(lib_a-locale.o)
                                  0xd (size before relaxing)
 *fill*         0x0800a5a6        0x2 
 .rodata.str1.4
                0x0800a5a8        0x2 c:/progra~1/gcc-arm-none-eabi-10.3-2021.10/bin/../lib/gcc/arm-none-eabi/10.3.1/../../../../arm-none-eabi/lib/thumb/v7e-m+fp/hard\libg.a(lib_a-locale.o)
 *fill*         0x0800a5aa        0x2 
 .rodata._ctype_
                0x0800a5ac      0x101 c:/progra~1/gcc-arm-none-eabi-10.3-2021.10/bin/../lib/gcc/arm-none-eabi/10.3.1/../../../../arm-none-eabi/lib/thumb/v7e-m+fp/hard\libg.a(lib_a-ctype_.o)
                0x0800a5ac                _ctype_
                0x0800a6b0                . = ALIGN (0x4)
 *fill*         0x0800a6ad        0x3 

.ARM.extab      0x0800a6b0        0x0
                0x0800a6b0                . = ALIGN (0x4)
 *(.ARM.extab* .gnu.linkonce.armextab.*)
                0x0800a6b0                . = ALIGN (0x4)

.ARM            0x0800a6b0        0x8
                0x0800a6b0                . = ALIGN (0x4)
                0x0800a6b0                __exidx_start = .
 *(.ARM.exidx*)
 .ARM.exidx     0x0800a6b0        0x8 c:/progra~1/gcc-arm-none-eabi-10.3-2021.10/bin/../lib/gcc/arm-none-eabi/10.3.1/thumb/v7e-m+fp/hard\libgcc.a(_udivmoddi4.o)
                0x0800a6b8                __exidx_end = .
                0x0800a6b8                . = ALIGN (0x4)

.rel.dyn        0x0800a6b8        0x0
 .rel.iplt      0x0800a6b8        0x0 c:/progra~1/gcc-arm-none-eabi-10.3-2021.10/bin/../lib/gcc/arm-none-eabi/10.3.1/thumb/v7e-m+fp/hard/crtbegin.o

.preinit_array  0x0800a6b8        0x0
                0x0800a6b8                . = ALIGN (0x4)
                0x0800a6b8                PROVIDE (__preinit_array_start = .)
 *(.preinit_array*)
                0x0800a6b8                PROVIDE (__preinit_array_end = .)
                0x0800a6b8                . = ALIGN (0x4)

.init_array     0x0800a6b8        0x8
                0x0800a6b8                . = ALIGN (0x4)
                0x0800a6b8                PROVIDE (__init_array_start = .)
 *(SORT_BY_NAME(.init_array.*))
 .init_array.00000
                0x0800a6b8        0x4 c:/progra~1/gcc-arm-none-eabi-10.3-2021.10/bin/../lib/gcc/arm-none-eabi/10.3.1/../../../../arm-none-eabi/lib/thumb/v7e-m+fp/hard\libg.a(lib_a-__call_atexit.o)
 *(.init_array*)
 .init_array    0x0800a6bc        0x4 c:/progra~1/gcc-arm-none-eabi-10.3-2021.10/bin/../lib/gcc/arm-none-eabi/10.3.1/thumb/v7e-m+fp/hard/crtbegin.o
                0x0800a6c0                PROVIDE (__init_array_end = .)
                0x0800a6c0                . = ALIGN (0x4)

.fini_array     0x0800a6c0        0x4
                0x0800a6c0                . = ALIGN (0x4)
                0x0800a6c0                PROVIDE (__fini_array_start = .)
 *(SORT_BY_NAME(.fini_array.*))
 *(.fini_array*)
 .fini_array    0x0800a6c0        0x4 c:/progra~1/gcc-arm-none-eabi-10.3-2021.10/bin/../lib/gcc/arm-none-eabi/10.3.1/thumb/v7e-m+fp/hard/crtbegin.o
                0x0800a6c4                PROVIDE (__fini_array_end = .)
                0x0800a6c4                . = ALIGN (0x4)
                0x0800a6c4                _sidata = LOADADDR (.data)

.data           0x20000000      0x9b8 load address 0x0800a6c4
                0x20000000                . = ALIGN (0x4)
                0x20000000                _sdata = .
 *(.data)
 *(.data*)
 .data.uwTickFreq
                0x20000000        0x1 CMakeFiles/cubemxstudy.elf.dir/Drivers/STM32F4xx_HAL_Driver/Src/stm32f4xx_hal.c.obj
                0x20000000                uwTickFreq
 *fill*         0x20000001        0x3 
 .data.uwTickPrio
                0x20000004        0x4 CMakeFiles/cubemxstudy.elf.dir/Drivers/STM32F4xx_HAL_Driver/Src/stm32f4xx_hal.c.obj
                0x20000004                uwTickPrio
 .data.SystemCoreClock
                0x20000008        0x4 CMakeFiles/cubemxstudy.elf.dir/Src/system_stm32f4xx.c.obj
                0x20000008                SystemCoreClock
 .data._impure_ptr
                0x2000000c        0x4 c:/progra~1/gcc-arm-none-eabi-10.3-2021.10/bin/../lib/gcc/arm-none-eabi/10.3.1/../../../../arm-none-eabi/lib/thumb/v7e-m+fp/hard\libg.a(lib_a-impure.o)
                0x2000000c                _impure_ptr
 .data.impure_data
                0x20000010      0x428 c:/progra~1/gcc-arm-none-eabi-10.3-2021.10/bin/../lib/gcc/arm-none-eabi/10.3.1/../../../../arm-none-eabi/lib/thumb/v7e-m+fp/hard\libg.a(lib_a-impure.o)
 .data.__atexit_recursive_mutex
                0x20000438        0x4 c:/progra~1/gcc-arm-none-eabi-10.3-2021.10/bin/../lib/gcc/arm-none-eabi/10.3.1/../../../../arm-none-eabi/lib/thumb/v7e-m+fp/hard\libg.a(lib_a-__call_atexit.o)
                0x20000438                __atexit_recursive_mutex
 .data.__malloc_av_
                0x2000043c      0x408 c:/progra~1/gcc-arm-none-eabi-10.3-2021.10/bin/../lib/gcc/arm-none-eabi/10.3.1/../../../../arm-none-eabi/lib/thumb/v7e-m+fp/hard\libg.a(lib_a-mallocr.o)
                0x2000043c                __malloc_av_
 .data.__malloc_sbrk_base
                0x20000844        0x4 c:/progra~1/gcc-arm-none-eabi-10.3-2021.10/bin/../lib/gcc/arm-none-eabi/10.3.1/../../../../arm-none-eabi/lib/thumb/v7e-m+fp/hard\libg.a(lib_a-mallocr.o)
                0x20000844                __malloc_sbrk_base
 .data.__malloc_trim_threshold
                0x20000848        0x4 c:/progra~1/gcc-arm-none-eabi-10.3-2021.10/bin/../lib/gcc/arm-none-eabi/10.3.1/../../../../arm-none-eabi/lib/thumb/v7e-m+fp/hard\libg.a(lib_a-mallocr.o)
                0x20000848                __malloc_trim_threshold
 .data.__global_locale
                0x2000084c      0x16c c:/progra~1/gcc-arm-none-eabi-10.3-2021.10/bin/../lib/gcc/arm-none-eabi/10.3.1/../../../../arm-none-eabi/lib/thumb/v7e-m+fp/hard\libg.a(lib_a-locale.o)
                0x2000084c                __global_locale
 *(.RamFunc)
 *(.RamFunc*)
                0x200009b8                . = ALIGN (0x4)
                0x200009b8                _edata = .
                0x0800b07c                _siccmram = LOADADDR (.ccmram)

.igot.plt       0x200009b8        0x0 load address 0x0800b07c
 .igot.plt      0x200009b8        0x0 c:/progra~1/gcc-arm-none-eabi-10.3-2021.10/bin/../lib/gcc/arm-none-eabi/10.3.1/thumb/v7e-m+fp/hard/crtbegin.o

.ccmram         0x10000000        0x0 load address 0x0800b07c
                0x10000000                . = ALIGN (0x4)
                0x10000000                _sccmram = .
 *(.ccmram)
 *(.ccmram*)
                0x10000000                . = ALIGN (0x4)
                0x10000000                _eccmram = .
                0x10000000                . = ALIGN (0x4)

.bss            0x200009b8       0xfc
                0x200009b8                _sbss = .
                0x200009b8                __bss_start__ = _sbss
 *(.bss)
 .bss           0x200009b8       0x1c c:/progra~1/gcc-arm-none-eabi-10.3-2021.10/bin/../lib/gcc/arm-none-eabi/10.3.1/thumb/v7e-m+fp/hard/crtbegin.o
 *(.bss*)
 .bss.uwTick    0x200009d4        0x4 CMakeFiles/cubemxstudy.elf.dir/Drivers/STM32F4xx_HAL_Driver/Src/stm32f4xx_hal.c.obj
                0x200009d4                uwTick
 .bss.hadc1     0x200009d8       0x48 CMakeFiles/cubemxstudy.elf.dir/Src/main.c.obj
                0x200009d8                hadc1
 .bss.huart1    0x20000a20       0x44 CMakeFiles/cubemxstudy.elf.dir/Src/main.c.obj
                0x20000a20                huart1
 .bss.gHuart    0x20000a64        0x4 CMakeFiles/cubemxstudy.elf.dir/Src/retarget.c.obj
                0x20000a64                gHuart
 .bss.__sbrk_heap_end
                0x20000a68        0x4 CMakeFiles/cubemxstudy.elf.dir/Src/sysmem.c.obj
 .bss.__lock___atexit_recursive_mutex
                0x20000a6c        0x1 c:/progra~1/gcc-arm-none-eabi-10.3-2021.10/bin/../lib/gcc/arm-none-eabi/10.3.1/../../../../arm-none-eabi/lib/thumb/v7e-m+fp/hard\libg.a(lib_a-lock.o)
                0x20000a6c                __lock___atexit_recursive_mutex
 *fill*         0x20000a6d        0x3 
 .bss.__lock___malloc_recursive_mutex
                0x20000a70        0x1 c:/progra~1/gcc-arm-none-eabi-10.3-2021.10/bin/../lib/gcc/arm-none-eabi/10.3.1/../../../../arm-none-eabi/lib/thumb/v7e-m+fp/hard\libg.a(lib_a-lock.o)
                0x20000a70                __lock___malloc_recursive_mutex
 *fill*         0x20000a71        0x3 
 .bss.__lock___sfp_recursive_mutex
                0x20000a74        0x1 c:/progra~1/gcc-arm-none-eabi-10.3-2021.10/bin/../lib/gcc/arm-none-eabi/10.3.1/../../../../arm-none-eabi/lib/thumb/v7e-m+fp/hard\libg.a(lib_a-lock.o)
                0x20000a74                __lock___sfp_recursive_mutex
 *fill*         0x20000a75        0x3 
 .bss.__lock___sinit_recursive_mutex
                0x20000a78        0x1 c:/progra~1/gcc-arm-none-eabi-10.3-2021.10/bin/../lib/gcc/arm-none-eabi/10.3.1/../../../../arm-none-eabi/lib/thumb/v7e-m+fp/hard\libg.a(lib_a-lock.o)
                0x20000a78                __lock___sinit_recursive_mutex
 *fill*         0x20000a79        0x3 
 .bss.__malloc_current_mallinfo
                0x20000a7c       0x28 c:/progra~1/gcc-arm-none-eabi-10.3-2021.10/bin/../lib/gcc/arm-none-eabi/10.3.1/../../../../arm-none-eabi/lib/thumb/v7e-m+fp/hard\libg.a(lib_a-mallocr.o)
                0x20000a7c                __malloc_current_mallinfo
 .bss.__malloc_max_sbrked_mem
                0x20000aa4        0x4 c:/progra~1/gcc-arm-none-eabi-10.3-2021.10/bin/../lib/gcc/arm-none-eabi/10.3.1/../../../../arm-none-eabi/lib/thumb/v7e-m+fp/hard\libg.a(lib_a-mallocr.o)
                0x20000aa4                __malloc_max_sbrked_mem
 .bss.__malloc_max_total_mem
                0x20000aa8        0x4 c:/progra~1/gcc-arm-none-eabi-10.3-2021.10/bin/../lib/gcc/arm-none-eabi/10.3.1/../../../../arm-none-eabi/lib/thumb/v7e-m+fp/hard\libg.a(lib_a-mallocr.o)
                0x20000aa8                __malloc_max_total_mem
 .bss.__malloc_top_pad
                0x20000aac        0x4 c:/progra~1/gcc-arm-none-eabi-10.3-2021.10/bin/../lib/gcc/arm-none-eabi/10.3.1/../../../../arm-none-eabi/lib/thumb/v7e-m+fp/hard\libg.a(lib_a-mallocr.o)
                0x20000aac                __malloc_top_pad
 .bss.errno     0x20000ab0        0x4 c:/progra~1/gcc-arm-none-eabi-10.3-2021.10/bin/../lib/gcc/arm-none-eabi/10.3.1/../../../../arm-none-eabi/lib/thumb/v7e-m+fp/hard\libg.a(lib_a-reent.o)
                0x20000ab0                errno
 *(COMMON)
                0x20000ab4                . = ALIGN (0x4)
                0x20000ab4                _ebss = .
                0x20000ab4                __bss_end__ = _ebss

._user_heap_stack
                0x20000ab4      0x604
                0x20000ab8                . = ALIGN (0x8)
 *fill*         0x20000ab4        0x4 
                [!provide]                PROVIDE (end = .)
                0x20000ab8                PROVIDE (_end = .)
                0x20000cb8                . = (. + _Min_Heap_Size)
 *fill*         0x20000ab8      0x200 
                0x200010b8                . = (. + _Min_Stack_Size)
 *fill*         0x20000cb8      0x400 
                0x200010b8                . = ALIGN (0x8)

/DISCARD/
 libc.a(*)
 libm.a(*)
 libgcc.a(*)

.ARM.attributes
                0x00000000       0x30
 *(.ARM.attributes)
 .ARM.attributes
                0x00000000       0x1e c:/progra~1/gcc-arm-none-eabi-10.3-2021.10/bin/../lib/gcc/arm-none-eabi/10.3.1/thumb/v7e-m+fp/hard/crti.o
 .ARM.attributes
                0x0000001e       0x34 c:/progra~1/gcc-arm-none-eabi-10.3-2021.10/bin/../lib/gcc/arm-none-eabi/10.3.1/thumb/v7e-m+fp/hard/crtbegin.o
 .ARM.attributes
                0x00000052       0x34 CMakeFiles/cubemxstudy.elf.dir/Drivers/MyDrivers/Src/LMT70.c.obj
 .ARM.attributes
                0x00000086       0x34 CMakeFiles/cubemxstudy.elf.dir/Drivers/MyDrivers/Src/adc.c.obj
 .ARM.attributes
                0x000000ba       0x34 CMakeFiles/cubemxstudy.elf.dir/Drivers/STM32F4xx_HAL_Driver/Src/stm32f4xx_hal.c.obj
 .ARM.attributes
                0x000000ee       0x34 CMakeFiles/cubemxstudy.elf.dir/Drivers/STM32F4xx_HAL_Driver/Src/stm32f4xx_hal_adc.c.obj
 .ARM.attributes
                0x00000122       0x34 CMakeFiles/cubemxstudy.elf.dir/Drivers/STM32F4xx_HAL_Driver/Src/stm32f4xx_hal_cortex.c.obj
 .ARM.attributes
                0x00000156       0x34 CMakeFiles/cubemxstudy.elf.dir/Drivers/STM32F4xx_HAL_Driver/Src/stm32f4xx_hal_dma.c.obj
 .ARM.attributes
                0x0000018a       0x34 CMakeFiles/cubemxstudy.elf.dir/Drivers/STM32F4xx_HAL_Driver/Src/stm32f4xx_hal_gpio.c.obj
 .ARM.attributes
                0x000001be       0x34 CMakeFiles/cubemxstudy.elf.dir/Drivers/STM32F4xx_HAL_Driver/Src/stm32f4xx_hal_rcc.c.obj
 .ARM.attributes
                0x000001f2       0x34 CMakeFiles/cubemxstudy.elf.dir/Drivers/STM32F4xx_HAL_Driver/Src/stm32f4xx_hal_uart.c.obj
 .ARM.attributes
                0x00000226       0x34 CMakeFiles/cubemxstudy.elf.dir/Src/main.c.obj
 .ARM.attributes
                0x0000025a       0x34 CMakeFiles/cubemxstudy.elf.dir/Src/retarget.c.obj
 .ARM.attributes
                0x0000028e       0x34 CMakeFiles/cubemxstudy.elf.dir/Src/stm32f4xx_hal_msp.c.obj
 .ARM.attributes
                0x000002c2       0x34 CMakeFiles/cubemxstudy.elf.dir/Src/stm32f4xx_it.c.obj
 .ARM.attributes
                0x000002f6       0x34 CMakeFiles/cubemxstudy.elf.dir/Src/syscalls.c.obj
 .ARM.attributes
                0x0000032a       0x34 CMakeFiles/cubemxstudy.elf.dir/Src/sysmem.c.obj
 .ARM.attributes
                0x0000035e       0x34 CMakeFiles/cubemxstudy.elf.dir/Src/system_stm32f4xx.c.obj
 .ARM.attributes
                0x00000392       0x21 CMakeFiles/cubemxstudy.elf.dir/Startup/startup_stm32f407zgtx.s.obj
 .ARM.attributes
                0x000003b3       0x1e c:/progra~1/gcc-arm-none-eabi-10.3-2021.10/bin/../lib/gcc/arm-none-eabi/10.3.1/thumb/v7e-m+fp/hard\libgcc.a(_arm_addsubdf3.o)
 .ARM.attributes
                0x000003d1       0x1e c:/progra~1/gcc-arm-none-eabi-10.3-2021.10/bin/../lib/gcc/arm-none-eabi/10.3.1/thumb/v7e-m+fp/hard\libgcc.a(_aeabi_uldivmod.o)
 .ARM.attributes
                0x000003ef       0x34 c:/progra~1/gcc-arm-none-eabi-10.3-2021.10/bin/../lib/gcc/arm-none-eabi/10.3.1/thumb/v7e-m+fp/hard\libgcc.a(_udivmoddi4.o)
 .ARM.attributes
                0x00000423       0x1e c:/progra~1/gcc-arm-none-eabi-10.3-2021.10/bin/../lib/gcc/arm-none-eabi/10.3.1/thumb/v7e-m+fp/hard\libgcc.a(_dvmd_tls.o)
 .ARM.attributes
                0x00000441       0x34 c:/progra~1/gcc-arm-none-eabi-10.3-2021.10/bin/../lib/gcc/arm-none-eabi/10.3.1/../../../../arm-none-eabi/lib/thumb/v7e-m+fp/hard\libg.a(lib_a-errno.o)
 .ARM.attributes
                0x00000475       0x34 c:/progra~1/gcc-arm-none-eabi-10.3-2021.10/bin/../lib/gcc/arm-none-eabi/10.3.1/../../../../arm-none-eabi/lib/thumb/v7e-m+fp/hard\libg.a(lib_a-impure.o)
 .ARM.attributes
                0x000004a9       0x34 c:/progra~1/gcc-arm-none-eabi-10.3-2021.10/bin/../lib/gcc/arm-none-eabi/10.3.1/../../../../arm-none-eabi/lib/thumb/v7e-m+fp/hard\libg.a(lib_a-init.o)
 .ARM.attributes
                0x000004dd       0x34 c:/progra~1/gcc-arm-none-eabi-10.3-2021.10/bin/../lib/gcc/arm-none-eabi/10.3.1/../../../../arm-none-eabi/lib/thumb/v7e-m+fp/hard\libg.a(lib_a-memset.o)
 .ARM.attributes
                0x00000511       0x34 c:/progra~1/gcc-arm-none-eabi-10.3-2021.10/bin/../lib/gcc/arm-none-eabi/10.3.1/../../../../arm-none-eabi/lib/thumb/v7e-m+fp/hard\libg.a(lib_a-printf.o)
 .ARM.attributes
                0x00000545       0x34 c:/progra~1/gcc-arm-none-eabi-10.3-2021.10/bin/../lib/gcc/arm-none-eabi/10.3.1/../../../../arm-none-eabi/lib/thumb/v7e-m+fp/hard\libg.a(lib_a-puts.o)
 .ARM.attributes
                0x00000579       0x34 c:/progra~1/gcc-arm-none-eabi-10.3-2021.10/bin/../lib/gcc/arm-none-eabi/10.3.1/../../../../arm-none-eabi/lib/thumb/v7e-m+fp/hard\libg.a(lib_a-setvbuf.o)
 .ARM.attributes
                0x000005ad       0x1c c:/progra~1/gcc-arm-none-eabi-10.3-2021.10/bin/../lib/gcc/arm-none-eabi/10.3.1/../../../../arm-none-eabi/lib/thumb/v7e-m+fp/hard\libg.a(lib_a-strlen.o)
 .ARM.attributes
                0x000005c9       0x34 c:/progra~1/gcc-arm-none-eabi-10.3-2021.10/bin/../lib/gcc/arm-none-eabi/10.3.1/../../../../arm-none-eabi/lib/thumb/v7e-m+fp/hard\libg.a(lib_a-vfprintf.o)
 .ARM.attributes
                0x000005fd       0x34 c:/progra~1/gcc-arm-none-eabi-10.3-2021.10/bin/../lib/gcc/arm-none-eabi/10.3.1/../../../../arm-none-eabi/lib/thumb/v7e-m+fp/hard\libg.a(lib_a-wsetup.o)
 .ARM.attributes
                0x00000631       0x34 c:/progra~1/gcc-arm-none-eabi-10.3-2021.10/bin/../lib/gcc/arm-none-eabi/10.3.1/../../../../arm-none-eabi/lib/thumb/v7e-m+fp/hard\libg.a(lib_a-__call_atexit.o)
 .ARM.attributes
                0x00000665       0x34 c:/progra~1/gcc-arm-none-eabi-10.3-2021.10/bin/../lib/gcc/arm-none-eabi/10.3.1/../../../../arm-none-eabi/lib/thumb/v7e-m+fp/hard\libg.a(lib_a-atexit.o)
 .ARM.attributes
                0x00000699       0x34 c:/progra~1/gcc-arm-none-eabi-10.3-2021.10/bin/../lib/gcc/arm-none-eabi/10.3.1/../../../../arm-none-eabi/lib/thumb/v7e-m+fp/hard\libg.a(lib_a-dtoa.o)
 .ARM.attributes
                0x000006cd       0x34 c:/progra~1/gcc-arm-none-eabi-10.3-2021.10/bin/../lib/gcc/arm-none-eabi/10.3.1/../../../../arm-none-eabi/lib/thumb/v7e-m+fp/hard\libg.a(lib_a-fflush.o)
 .ARM.attributes
                0x00000701       0x34 c:/progra~1/gcc-arm-none-eabi-10.3-2021.10/bin/../lib/gcc/arm-none-eabi/10.3.1/../../../../arm-none-eabi/lib/thumb/v7e-m+fp/hard\libg.a(lib_a-findfp.o)
 .ARM.attributes
                0x00000735       0x34 c:/progra~1/gcc-arm-none-eabi-10.3-2021.10/bin/../lib/gcc/arm-none-eabi/10.3.1/../../../../arm-none-eabi/lib/thumb/v7e-m+fp/hard\libg.a(lib_a-fini.o)
 .ARM.attributes
                0x00000769       0x34 c:/progra~1/gcc-arm-none-eabi-10.3-2021.10/bin/../lib/gcc/arm-none-eabi/10.3.1/../../../../arm-none-eabi/lib/thumb/v7e-m+fp/hard\libg.a(lib_a-freer.o)
 .ARM.attributes
                0x0000079d       0x34 c:/progra~1/gcc-arm-none-eabi-10.3-2021.10/bin/../lib/gcc/arm-none-eabi/10.3.1/../../../../arm-none-eabi/lib/thumb/v7e-m+fp/hard\libg.a(lib_a-fvwrite.o)
 .ARM.attributes
                0x000007d1       0x34 c:/progra~1/gcc-arm-none-eabi-10.3-2021.10/bin/../lib/gcc/arm-none-eabi/10.3.1/../../../../arm-none-eabi/lib/thumb/v7e-m+fp/hard\libg.a(lib_a-fwalk.o)
 .ARM.attributes
                0x00000805       0x34 c:/progra~1/gcc-arm-none-eabi-10.3-2021.10/bin/../lib/gcc/arm-none-eabi/10.3.1/../../../../arm-none-eabi/lib/thumb/v7e-m+fp/hard\libg.a(lib_a-localeconv.o)
 .ARM.attributes
                0x00000839       0x34 c:/progra~1/gcc-arm-none-eabi-10.3-2021.10/bin/../lib/gcc/arm-none-eabi/10.3.1/../../../../arm-none-eabi/lib/thumb/v7e-m+fp/hard\libg.a(lib_a-lock.o)
 .ARM.attributes
                0x0000086d       0x34 c:/progra~1/gcc-arm-none-eabi-10.3-2021.10/bin/../lib/gcc/arm-none-eabi/10.3.1/../../../../arm-none-eabi/lib/thumb/v7e-m+fp/hard\libg.a(lib_a-makebuf.o)
 .ARM.attributes
                0x000008a1       0x34 c:/progra~1/gcc-arm-none-eabi-10.3-2021.10/bin/../lib/gcc/arm-none-eabi/10.3.1/../../../../arm-none-eabi/lib/thumb/v7e-m+fp/hard\libg.a(lib_a-malloc.o)
 .ARM.attributes
                0x000008d5       0x34 c:/progra~1/gcc-arm-none-eabi-10.3-2021.10/bin/../lib/gcc/arm-none-eabi/10.3.1/../../../../arm-none-eabi/lib/thumb/v7e-m+fp/hard\libg.a(lib_a-mallocr.o)
 .ARM.attributes
                0x00000909       0x1c c:/progra~1/gcc-arm-none-eabi-10.3-2021.10/bin/../lib/gcc/arm-none-eabi/10.3.1/../../../../arm-none-eabi/lib/thumb/v7e-m+fp/hard\libg.a(lib_a-memchr.o)
 .ARM.attributes
                0x00000925       0x1c c:/progra~1/gcc-arm-none-eabi-10.3-2021.10/bin/../lib/gcc/arm-none-eabi/10.3.1/../../../../arm-none-eabi/lib/thumb/v7e-m+fp/hard\libg.a(lib_a-memcpy.o)
 .ARM.attributes
                0x00000941       0x34 c:/progra~1/gcc-arm-none-eabi-10.3-2021.10/bin/../lib/gcc/arm-none-eabi/10.3.1/../../../../arm-none-eabi/lib/thumb/v7e-m+fp/hard\libg.a(lib_a-memmove.o)
 .ARM.attributes
                0x00000975       0x34 c:/progra~1/gcc-arm-none-eabi-10.3-2021.10/bin/../lib/gcc/arm-none-eabi/10.3.1/../../../../arm-none-eabi/lib/thumb/v7e-m+fp/hard\libg.a(lib_a-mlock.o)
 .ARM.attributes
                0x000009a9       0x34 c:/progra~1/gcc-arm-none-eabi-10.3-2021.10/bin/../lib/gcc/arm-none-eabi/10.3.1/../../../../arm-none-eabi/lib/thumb/v7e-m+fp/hard\libg.a(lib_a-mprec.o)
 .ARM.attributes
                0x000009dd       0x34 c:/progra~1/gcc-arm-none-eabi-10.3-2021.10/bin/../lib/gcc/arm-none-eabi/10.3.1/../../../../arm-none-eabi/lib/thumb/v7e-m+fp/hard\libg.a(lib_a-reallocr.o)
 .ARM.attributes
                0x00000a11       0x34 c:/progra~1/gcc-arm-none-eabi-10.3-2021.10/bin/../lib/gcc/arm-none-eabi/10.3.1/../../../../arm-none-eabi/lib/thumb/v7e-m+fp/hard\libg.a(lib_a-s_frexp.o)
 .ARM.attributes
                0x00000a45       0x34 c:/progra~1/gcc-arm-none-eabi-10.3-2021.10/bin/../lib/gcc/arm-none-eabi/10.3.1/../../../../arm-none-eabi/lib/thumb/v7e-m+fp/hard\libg.a(lib_a-sbrkr.o)
 .ARM.attributes
                0x00000a79       0x34 c:/progra~1/gcc-arm-none-eabi-10.3-2021.10/bin/../lib/gcc/arm-none-eabi/10.3.1/../../../../arm-none-eabi/lib/thumb/v7e-m+fp/hard\libg.a(lib_a-stdio.o)
 .ARM.attributes
                0x00000aad       0x34 c:/progra~1/gcc-arm-none-eabi-10.3-2021.10/bin/../lib/gcc/arm-none-eabi/10.3.1/../../../../arm-none-eabi/lib/thumb/v7e-m+fp/hard\libg.a(lib_a-strncpy.o)
 .ARM.attributes
                0x00000ae1       0x34 c:/progra~1/gcc-arm-none-eabi-10.3-2021.10/bin/../lib/gcc/arm-none-eabi/10.3.1/../../../../arm-none-eabi/lib/thumb/v7e-m+fp/hard\libg.a(lib_a-vfiprintf.o)
 .ARM.attributes
                0x00000b15       0x34 c:/progra~1/gcc-arm-none-eabi-10.3-2021.10/bin/../lib/gcc/arm-none-eabi/10.3.1/../../../../arm-none-eabi/lib/thumb/v7e-m+fp/hard\libg.a(lib_a-writer.o)
 .ARM.attributes
                0x00000b49       0x34 c:/progra~1/gcc-arm-none-eabi-10.3-2021.10/bin/../lib/gcc/arm-none-eabi/10.3.1/../../../../arm-none-eabi/lib/thumb/v7e-m+fp/hard\libg.a(lib_a-__atexit.o)
 .ARM.attributes
                0x00000b7d       0x34 c:/progra~1/gcc-arm-none-eabi-10.3-2021.10/bin/../lib/gcc/arm-none-eabi/10.3.1/../../../../arm-none-eabi/lib/thumb/v7e-m+fp/hard\libg.a(lib_a-assert.o)
 .ARM.attributes
                0x00000bb1       0x34 c:/progra~1/gcc-arm-none-eabi-10.3-2021.10/bin/../lib/gcc/arm-none-eabi/10.3.1/../../../../arm-none-eabi/lib/thumb/v7e-m+fp/hard\libg.a(lib_a-callocr.o)
 .ARM.attributes
                0x00000be5       0x34 c:/progra~1/gcc-arm-none-eabi-10.3-2021.10/bin/../lib/gcc/arm-none-eabi/10.3.1/../../../../arm-none-eabi/lib/thumb/v7e-m+fp/hard\libg.a(lib_a-closer.o)
 .ARM.attributes
                0x00000c19       0x34 c:/progra~1/gcc-arm-none-eabi-10.3-2021.10/bin/../lib/gcc/arm-none-eabi/10.3.1/../../../../arm-none-eabi/lib/thumb/v7e-m+fp/hard\libg.a(lib_a-fclose.o)
 .ARM.attributes
                0x00000c4d       0x34 c:/progra~1/gcc-arm-none-eabi-10.3-2021.10/bin/../lib/gcc/arm-none-eabi/10.3.1/../../../../arm-none-eabi/lib/thumb/v7e-m+fp/hard\libg.a(lib_a-fiprintf.o)
 .ARM.attributes
                0x00000c81       0x34 c:/progra~1/gcc-arm-none-eabi-10.3-2021.10/bin/../lib/gcc/arm-none-eabi/10.3.1/../../../../arm-none-eabi/lib/thumb/v7e-m+fp/hard\libg.a(lib_a-fputwc.o)
 .ARM.attributes
                0x00000cb5       0x34 c:/progra~1/gcc-arm-none-eabi-10.3-2021.10/bin/../lib/gcc/arm-none-eabi/10.3.1/../../../../arm-none-eabi/lib/thumb/v7e-m+fp/hard\libg.a(lib_a-fstatr.o)
 .ARM.attributes
                0x00000ce9       0x34 c:/progra~1/gcc-arm-none-eabi-10.3-2021.10/bin/../lib/gcc/arm-none-eabi/10.3.1/../../../../arm-none-eabi/lib/thumb/v7e-m+fp/hard\libg.a(lib_a-isattyr.o)
 .ARM.attributes
                0x00000d1d       0x34 c:/progra~1/gcc-arm-none-eabi-10.3-2021.10/bin/../lib/gcc/arm-none-eabi/10.3.1/../../../../arm-none-eabi/lib/thumb/v7e-m+fp/hard\libg.a(lib_a-locale.o)
 .ARM.attributes
                0x00000d51       0x34 c:/progra~1/gcc-arm-none-eabi-10.3-2021.10/bin/../lib/gcc/arm-none-eabi/10.3.1/../../../../arm-none-eabi/lib/thumb/v7e-m+fp/hard\libg.a(lib_a-lseekr.o)
 .ARM.attributes
                0x00000d85       0x34 c:/progra~1/gcc-arm-none-eabi-10.3-2021.10/bin/../lib/gcc/arm-none-eabi/10.3.1/../../../../arm-none-eabi/lib/thumb/v7e-m+fp/hard\libg.a(lib_a-mbtowc_r.o)
 .ARM.attributes
                0x00000db9       0x34 c:/progra~1/gcc-arm-none-eabi-10.3-2021.10/bin/../lib/gcc/arm-none-eabi/10.3.1/../../../../arm-none-eabi/lib/thumb/v7e-m+fp/hard\libg.a(lib_a-readr.o)
 .ARM.attributes
                0x00000ded       0x34 c:/progra~1/gcc-arm-none-eabi-10.3-2021.10/bin/../lib/gcc/arm-none-eabi/10.3.1/../../../../arm-none-eabi/lib/thumb/v7e-m+fp/hard\libg.a(lib_a-reent.o)
 .ARM.attributes
                0x00000e21       0x34 c:/progra~1/gcc-arm-none-eabi-10.3-2021.10/bin/../lib/gcc/arm-none-eabi/10.3.1/../../../../arm-none-eabi/lib/thumb/v7e-m+fp/hard\libg.a(lib_a-wbuf.o)
 .ARM.attributes
                0x00000e55       0x34 c:/progra~1/gcc-arm-none-eabi-10.3-2021.10/bin/../lib/gcc/arm-none-eabi/10.3.1/../../../../arm-none-eabi/lib/thumb/v7e-m+fp/hard\libg.a(lib_a-wcrtomb.o)
 .ARM.attributes
                0x00000e89       0x34 c:/progra~1/gcc-arm-none-eabi-10.3-2021.10/bin/../lib/gcc/arm-none-eabi/10.3.1/../../../../arm-none-eabi/lib/thumb/v7e-m+fp/hard\libg.a(lib_a-wctomb_r.o)
 .ARM.attributes
                0x00000ebd       0x34 c:/progra~1/gcc-arm-none-eabi-10.3-2021.10/bin/../lib/gcc/arm-none-eabi/10.3.1/../../../../arm-none-eabi/lib/thumb/v7e-m+fp/hard\libg.a(lib_a-abort.o)
 .ARM.attributes
                0x00000ef1       0x34 c:/progra~1/gcc-arm-none-eabi-10.3-2021.10/bin/../lib/gcc/arm-none-eabi/10.3.1/../../../../arm-none-eabi/lib/thumb/v7e-m+fp/hard\libg.a(lib_a-ctype_.o)
 .ARM.attributes
                0x00000f25       0x34 c:/progra~1/gcc-arm-none-eabi-10.3-2021.10/bin/../lib/gcc/arm-none-eabi/10.3.1/../../../../arm-none-eabi/lib/thumb/v7e-m+fp/hard\libg.a(lib_a-signal.o)
 .ARM.attributes
                0x00000f59       0x34 c:/progra~1/gcc-arm-none-eabi-10.3-2021.10/bin/../lib/gcc/arm-none-eabi/10.3.1/../../../../arm-none-eabi/lib/thumb/v7e-m+fp/hard\libg.a(lib_a-signalr.o)
 .ARM.attributes
                0x00000f8d       0x1e c:/progra~1/gcc-arm-none-eabi-10.3-2021.10/bin/../lib/gcc/arm-none-eabi/10.3.1/thumb/v7e-m+fp/hard\libgcc.a(_arm_muldivdf3.o)
 .ARM.attributes
                0x00000fab       0x1e c:/progra~1/gcc-arm-none-eabi-10.3-2021.10/bin/../lib/gcc/arm-none-eabi/10.3.1/thumb/v7e-m+fp/hard\libgcc.a(_arm_cmpdf2.o)
 .ARM.attributes
                0x00000fc9       0x1e c:/progra~1/gcc-arm-none-eabi-10.3-2021.10/bin/../lib/gcc/arm-none-eabi/10.3.1/thumb/v7e-m+fp/hard\libgcc.a(_arm_unorddf2.o)
 .ARM.attributes
                0x00000fe7       0x1e c:/progra~1/gcc-arm-none-eabi-10.3-2021.10/bin/../lib/gcc/arm-none-eabi/10.3.1/thumb/v7e-m+fp/hard\libgcc.a(_arm_fixdfsi.o)
 .ARM.attributes
                0x00001005       0x1e c:/progra~1/gcc-arm-none-eabi-10.3-2021.10/bin/../lib/gcc/arm-none-eabi/10.3.1/thumb/v7e-m+fp/hard/crtn.o
OUTPUT(cubemxstudy.elf elf32-littlearm)
LOAD linker stubs
LOAD c:/progra~1/gcc-arm-none-eabi-10.3-2021.10/bin/../lib/gcc/arm-none-eabi/10.3.1/../../../../arm-none-eabi/lib/thumb/v7e-m+fp/hard\libc.a
LOAD c:/progra~1/gcc-arm-none-eabi-10.3-2021.10/bin/../lib/gcc/arm-none-eabi/10.3.1/../../../../arm-none-eabi/lib/thumb/v7e-m+fp/hard\libm.a
LOAD c:/progra~1/gcc-arm-none-eabi-10.3-2021.10/bin/../lib/gcc/arm-none-eabi/10.3.1/thumb/v7e-m+fp/hard\libgcc.a

.debug_info     0x00000000     0xd965
 .debug_info    0x00000000      0x243 CMakeFiles/cubemxstudy.elf.dir/Drivers/MyDrivers/Src/LMT70.c.obj
 .debug_info    0x00000243      0x711 CMakeFiles/cubemxstudy.elf.dir/Drivers/MyDrivers/Src/adc.c.obj
 .debug_info    0x00000954      0x9f0 CMakeFiles/cubemxstudy.elf.dir/Drivers/STM32F4xx_HAL_Driver/Src/stm32f4xx_hal.c.obj
 .debug_info    0x00001344      0xee1 CMakeFiles/cubemxstudy.elf.dir/Drivers/STM32F4xx_HAL_Driver/Src/stm32f4xx_hal_adc.c.obj
 .debug_info    0x00002225     0x1098 CMakeFiles/cubemxstudy.elf.dir/Drivers/STM32F4xx_HAL_Driver/Src/stm32f4xx_hal_cortex.c.obj
 .debug_info    0x000032bd      0xb3f CMakeFiles/cubemxstudy.elf.dir/Drivers/STM32F4xx_HAL_Driver/Src/stm32f4xx_hal_dma.c.obj
 .debug_info    0x00003dfc      0x7b0 CMakeFiles/cubemxstudy.elf.dir/Drivers/STM32F4xx_HAL_Driver/Src/stm32f4xx_hal_gpio.c.obj
 .debug_info    0x000045ac      0xb03 CMakeFiles/cubemxstudy.elf.dir/Drivers/STM32F4xx_HAL_Driver/Src/stm32f4xx_hal_rcc.c.obj
 .debug_info    0x000050af     0x424e CMakeFiles/cubemxstudy.elf.dir/Drivers/STM32F4xx_HAL_Driver/Src/stm32f4xx_hal_uart.c.obj
 .debug_info    0x000092fd      0xfd5 CMakeFiles/cubemxstudy.elf.dir/Src/main.c.obj
 .debug_info    0x0000a2d2     0x12ff CMakeFiles/cubemxstudy.elf.dir/Src/retarget.c.obj
 .debug_info    0x0000b5d1      0xf72 CMakeFiles/cubemxstudy.elf.dir/Src/stm32f4xx_hal_msp.c.obj
 .debug_info    0x0000c543      0x68a CMakeFiles/cubemxstudy.elf.dir/Src/stm32f4xx_it.c.obj
 .debug_info    0x0000cbcd      0x6ca CMakeFiles/cubemxstudy.elf.dir/Src/syscalls.c.obj
 .debug_info    0x0000d297      0x174 CMakeFiles/cubemxstudy.elf.dir/Src/sysmem.c.obj
 .debug_info    0x0000d40b      0x538 CMakeFiles/cubemxstudy.elf.dir/Src/system_stm32f4xx.c.obj
 .debug_info    0x0000d943       0x22 CMakeFiles/cubemxstudy.elf.dir/Startup/startup_stm32f407zgtx.s.obj

.debug_abbrev   0x00000000     0x2080
 .debug_abbrev  0x00000000       0xd4 CMakeFiles/cubemxstudy.elf.dir/Drivers/MyDrivers/Src/LMT70.c.obj
 .debug_abbrev  0x000000d4      0x1a9 CMakeFiles/cubemxstudy.elf.dir/Drivers/MyDrivers/Src/adc.c.obj
 .debug_abbrev  0x0000027d      0x206 CMakeFiles/cubemxstudy.elf.dir/Drivers/STM32F4xx_HAL_Driver/Src/stm32f4xx_hal.c.obj
 .debug_abbrev  0x00000483      0x23a CMakeFiles/cubemxstudy.elf.dir/Drivers/STM32F4xx_HAL_Driver/Src/stm32f4xx_hal_adc.c.obj
 .debug_abbrev  0x000006bd      0x36a CMakeFiles/cubemxstudy.elf.dir/Drivers/STM32F4xx_HAL_Driver/Src/stm32f4xx_hal_cortex.c.obj
 .debug_abbrev  0x00000a27      0x2c2 CMakeFiles/cubemxstudy.elf.dir/Drivers/STM32F4xx_HAL_Driver/Src/stm32f4xx_hal_dma.c.obj
 .debug_abbrev  0x00000ce9      0x1ef CMakeFiles/cubemxstudy.elf.dir/Drivers/STM32F4xx_HAL_Driver/Src/stm32f4xx_hal_gpio.c.obj
 .debug_abbrev  0x00000ed8      0x28a CMakeFiles/cubemxstudy.elf.dir/Drivers/STM32F4xx_HAL_Driver/Src/stm32f4xx_hal_rcc.c.obj
 .debug_abbrev  0x00001162      0x2fd CMakeFiles/cubemxstudy.elf.dir/Drivers/STM32F4xx_HAL_Driver/Src/stm32f4xx_hal_uart.c.obj
 .debug_abbrev  0x0000145f      0x28b CMakeFiles/cubemxstudy.elf.dir/Src/main.c.obj
 .debug_abbrev  0x000016ea      0x2b4 CMakeFiles/cubemxstudy.elf.dir/Src/retarget.c.obj
 .debug_abbrev  0x0000199e      0x1bf CMakeFiles/cubemxstudy.elf.dir/Src/stm32f4xx_hal_msp.c.obj
 .debug_abbrev  0x00001b5d      0x16e CMakeFiles/cubemxstudy.elf.dir/Src/stm32f4xx_it.c.obj
 .debug_abbrev  0x00001ccb      0x1a3 CMakeFiles/cubemxstudy.elf.dir/Src/syscalls.c.obj
 .debug_abbrev  0x00001e6e       0xe7 CMakeFiles/cubemxstudy.elf.dir/Src/sysmem.c.obj
 .debug_abbrev  0x00001f55      0x119 CMakeFiles/cubemxstudy.elf.dir/Src/system_stm32f4xx.c.obj
 .debug_abbrev  0x0000206e       0x12 CMakeFiles/cubemxstudy.elf.dir/Startup/startup_stm32f407zgtx.s.obj

.debug_loc      0x00000000     0x7f9a
 .debug_loc     0x00000000       0x7f CMakeFiles/cubemxstudy.elf.dir/Drivers/MyDrivers/Src/LMT70.c.obj
 .debug_loc     0x0000007f       0xde CMakeFiles/cubemxstudy.elf.dir/Drivers/MyDrivers/Src/adc.c.obj
 .debug_loc     0x0000015d      0x141 CMakeFiles/cubemxstudy.elf.dir/Drivers/STM32F4xx_HAL_Driver/Src/stm32f4xx_hal.c.obj
 .debug_loc     0x0000029e      0xba1 CMakeFiles/cubemxstudy.elf.dir/Drivers/STM32F4xx_HAL_Driver/Src/stm32f4xx_hal_adc.c.obj
 .debug_loc     0x00000e3f      0x744 CMakeFiles/cubemxstudy.elf.dir/Drivers/STM32F4xx_HAL_Driver/Src/stm32f4xx_hal_cortex.c.obj
 .debug_loc     0x00001583      0xbf9 CMakeFiles/cubemxstudy.elf.dir/Drivers/STM32F4xx_HAL_Driver/Src/stm32f4xx_hal_dma.c.obj
 .debug_loc     0x0000217c      0x520 CMakeFiles/cubemxstudy.elf.dir/Drivers/STM32F4xx_HAL_Driver/Src/stm32f4xx_hal_gpio.c.obj
 .debug_loc     0x0000269c      0x58c CMakeFiles/cubemxstudy.elf.dir/Drivers/STM32F4xx_HAL_Driver/Src/stm32f4xx_hal_rcc.c.obj
 .debug_loc     0x00002c28     0x49ab CMakeFiles/cubemxstudy.elf.dir/Drivers/STM32F4xx_HAL_Driver/Src/stm32f4xx_hal_uart.c.obj
 .debug_loc     0x000075d3       0x49 CMakeFiles/cubemxstudy.elf.dir/Src/main.c.obj
 .debug_loc     0x0000761c      0x389 CMakeFiles/cubemxstudy.elf.dir/Src/retarget.c.obj
 .debug_loc     0x000079a5      0x108 CMakeFiles/cubemxstudy.elf.dir/Src/stm32f4xx_hal_msp.c.obj
 .debug_loc     0x00007aad      0x331 CMakeFiles/cubemxstudy.elf.dir/Src/syscalls.c.obj
 .debug_loc     0x00007dde       0x64 CMakeFiles/cubemxstudy.elf.dir/Src/sysmem.c.obj
 .debug_loc     0x00007e42      0x158 CMakeFiles/cubemxstudy.elf.dir/Src/system_stm32f4xx.c.obj

.debug_aranges  0x00000000      0x878
 .debug_aranges
                0x00000000       0x28 CMakeFiles/cubemxstudy.elf.dir/Drivers/MyDrivers/Src/LMT70.c.obj
 .debug_aranges
                0x00000028       0x28 CMakeFiles/cubemxstudy.elf.dir/Drivers/MyDrivers/Src/adc.c.obj
 .debug_aranges
                0x00000050       0xf0 CMakeFiles/cubemxstudy.elf.dir/Drivers/STM32F4xx_HAL_Driver/Src/stm32f4xx_hal.c.obj
 .debug_aranges
                0x00000140       0xe8 CMakeFiles/cubemxstudy.elf.dir/Drivers/STM32F4xx_HAL_Driver/Src/stm32f4xx_hal_adc.c.obj
 .debug_aranges
                0x00000228       0xa8 CMakeFiles/cubemxstudy.elf.dir/Drivers/STM32F4xx_HAL_Driver/Src/stm32f4xx_hal_cortex.c.obj
 .debug_aranges
                0x000002d0       0x90 CMakeFiles/cubemxstudy.elf.dir/Drivers/STM32F4xx_HAL_Driver/Src/stm32f4xx_hal_dma.c.obj
 .debug_aranges
                0x00000360       0x58 CMakeFiles/cubemxstudy.elf.dir/Drivers/STM32F4xx_HAL_Driver/Src/stm32f4xx_hal_gpio.c.obj
 .debug_aranges
                0x000003b8       0x88 CMakeFiles/cubemxstudy.elf.dir/Drivers/STM32F4xx_HAL_Driver/Src/stm32f4xx_hal_rcc.c.obj
 .debug_aranges
                0x00000440      0x200 CMakeFiles/cubemxstudy.elf.dir/Drivers/STM32F4xx_HAL_Driver/Src/stm32f4xx_hal_uart.c.obj
 .debug_aranges
                0x00000640       0x48 CMakeFiles/cubemxstudy.elf.dir/Src/main.c.obj
 .debug_aranges
                0x00000688       0x50 CMakeFiles/cubemxstudy.elf.dir/Src/retarget.c.obj
 .debug_aranges
                0x000006d8       0x40 CMakeFiles/cubemxstudy.elf.dir/Src/stm32f4xx_hal_msp.c.obj
 .debug_aranges
                0x00000718       0x68 CMakeFiles/cubemxstudy.elf.dir/Src/stm32f4xx_it.c.obj
 .debug_aranges
                0x00000780       0x88 CMakeFiles/cubemxstudy.elf.dir/Src/syscalls.c.obj
 .debug_aranges
                0x00000808       0x20 CMakeFiles/cubemxstudy.elf.dir/Src/sysmem.c.obj
 .debug_aranges
                0x00000828       0x28 CMakeFiles/cubemxstudy.elf.dir/Src/system_stm32f4xx.c.obj
 .debug_aranges
                0x00000850       0x28 CMakeFiles/cubemxstudy.elf.dir/Startup/startup_stm32f407zgtx.s.obj

.debug_ranges   0x00000000      0x818
 .debug_ranges  0x00000000       0x18 CMakeFiles/cubemxstudy.elf.dir/Drivers/MyDrivers/Src/LMT70.c.obj
 .debug_ranges  0x00000018       0x30 CMakeFiles/cubemxstudy.elf.dir/Drivers/MyDrivers/Src/adc.c.obj
 .debug_ranges  0x00000048       0xe0 CMakeFiles/cubemxstudy.elf.dir/Drivers/STM32F4xx_HAL_Driver/Src/stm32f4xx_hal.c.obj
 .debug_ranges  0x00000128       0xd8 CMakeFiles/cubemxstudy.elf.dir/Drivers/STM32F4xx_HAL_Driver/Src/stm32f4xx_hal_adc.c.obj
 .debug_ranges  0x00000200       0xf8 CMakeFiles/cubemxstudy.elf.dir/Drivers/STM32F4xx_HAL_Driver/Src/stm32f4xx_hal_cortex.c.obj
 .debug_ranges  0x000002f8       0x80 CMakeFiles/cubemxstudy.elf.dir/Drivers/STM32F4xx_HAL_Driver/Src/stm32f4xx_hal_dma.c.obj
 .debug_ranges  0x00000378       0x48 CMakeFiles/cubemxstudy.elf.dir/Drivers/STM32F4xx_HAL_Driver/Src/stm32f4xx_hal_gpio.c.obj
 .debug_ranges  0x000003c0       0x90 CMakeFiles/cubemxstudy.elf.dir/Drivers/STM32F4xx_HAL_Driver/Src/stm32f4xx_hal_rcc.c.obj
 .debug_ranges  0x00000450      0x208 CMakeFiles/cubemxstudy.elf.dir/Drivers/STM32F4xx_HAL_Driver/Src/stm32f4xx_hal_uart.c.obj
 .debug_ranges  0x00000658       0x38 CMakeFiles/cubemxstudy.elf.dir/Src/main.c.obj
 .debug_ranges  0x00000690       0x40 CMakeFiles/cubemxstudy.elf.dir/Src/retarget.c.obj
 .debug_ranges  0x000006d0       0x30 CMakeFiles/cubemxstudy.elf.dir/Src/stm32f4xx_hal_msp.c.obj
 .debug_ranges  0x00000700       0x58 CMakeFiles/cubemxstudy.elf.dir/Src/stm32f4xx_it.c.obj
 .debug_ranges  0x00000758       0x78 CMakeFiles/cubemxstudy.elf.dir/Src/syscalls.c.obj
 .debug_ranges  0x000007d0       0x10 CMakeFiles/cubemxstudy.elf.dir/Src/sysmem.c.obj
 .debug_ranges  0x000007e0       0x18 CMakeFiles/cubemxstudy.elf.dir/Src/system_stm32f4xx.c.obj
 .debug_ranges  0x000007f8       0x20 CMakeFiles/cubemxstudy.elf.dir/Startup/startup_stm32f407zgtx.s.obj

.debug_line     0x00000000     0xa543
 .debug_line    0x00000000      0x1bf CMakeFiles/cubemxstudy.elf.dir/Drivers/MyDrivers/Src/LMT70.c.obj
 .debug_line    0x000001bf      0x2d1 CMakeFiles/cubemxstudy.elf.dir/Drivers/MyDrivers/Src/adc.c.obj
 .debug_line    0x00000490      0x5e9 CMakeFiles/cubemxstudy.elf.dir/Drivers/STM32F4xx_HAL_Driver/Src/stm32f4xx_hal.c.obj
 .debug_line    0x00000a79     0x1110 CMakeFiles/cubemxstudy.elf.dir/Drivers/STM32F4xx_HAL_Driver/Src/stm32f4xx_hal_adc.c.obj
 .debug_line    0x00001b89      0x7fc CMakeFiles/cubemxstudy.elf.dir/Drivers/STM32F4xx_HAL_Driver/Src/stm32f4xx_hal_cortex.c.obj
 .debug_line    0x00002385      0xe84 CMakeFiles/cubemxstudy.elf.dir/Drivers/STM32F4xx_HAL_Driver/Src/stm32f4xx_hal_dma.c.obj